stm32f2xx_it.c:61:6:NMI_Handler	4	static
stm32f2xx_it.c:74:6:HardFault_Handler	4	static
stm32f2xx_it.c:92:6:MemManage_Handler	4	static
stm32f2xx_it.c:110:6:BusFault_Handler	4	static
stm32f2xx_it.c:128:6:UsageFault_Handler	4	static
stm32f2xx_it.c:146:6:DebugMon_Handler	4	static
stm32f2xx_it.c:159:6:SysTick_Handler	8	static
stm32f2xx_it.c:181:6:DMA1_Stream5_IRQHandler	8	static
stm32f2xx_it.c:195:6:ADC_IRQHandler	8	static
stm32f2xx_it.c:211:6:TIM6_DAC_IRQHandler	8	static
stm32f2xx_it.c:226:6:DMA2_Stream2_IRQHandler	8	static
stm32f2xx_it.c:240:6:DMA2_Stream4_IRQHandler	8	static
stm32f2xx_it.c:254:6:OTG_HS_IRQHandler	8	static
