stm32f2xx_it.c:60:6:NMI_Handler	0	static
stm32f2xx_it.c:73:6:HardFault_Handler	0	static
stm32f2xx_it.c:89:6:MemManage_Handler	0	static
stm32f2xx_it.c:105:6:BusFault_Handler	0	static
stm32f2xx_it.c:121:6:UsageFault_Handler	0	static
stm32f2xx_it.c:137:6:DebugMon_Handler	0	static
stm32f2xx_it.c:150:6:SysTick_Handler	8	static
stm32f2xx_it.c:172:6:DMA1_Stream5_IRQHandler	0	static
stm32f2xx_it.c:186:6:ADC_IRQHandler	8	static
stm32f2xx_it.c:202:6:TIM6_DAC_IRQHandler	8	static
stm32f2xx_it.c:217:6:DMA2_Stream4_IRQHandler	0	static
stm32f2xx_it.c:231:6:OTG_HS_IRQHandler	0	static
