usbd_conf.c:74:6:HAL_PCD_MspInit	56	static
usbd_conf.c:132:6:HAL_PCD_MspDeInit	8	static
usbd_conf.c:178:6:HAL_PCD_SetupStageCallback	0	static
usbd_conf.c:189:6:HAL_PCD_DataOutStageCallback	0	static
usbd_conf.c:200:6:HAL_PCD_DataInStageCallback	0	static
usbd_conf.c:210:6:HAL_PCD_SOFCallback	0	static
usbd_conf.c:220:6:HAL_PCD_ResetCallback	8	static
usbd_conf.c:250:6:HAL_PCD_SuspendCallback	8	static
usbd_conf.c:271:6:HAL_PCD_ResumeCallback	0	static
usbd_conf.c:285:6:HAL_PCD_ISOOUTIncompleteCallback	0	static
usbd_conf.c:296:6:HAL_PCD_ISOINIncompleteCallback	0	static
usbd_conf.c:306:6:HAL_PCD_ConnectCallback	0	static
usbd_conf.c:316:6:HAL_PCD_DisconnectCallback	0	static
usbd_conf.c:329:21:USBD_LL_Init	16	static
usbd_conf.c:365:21:USBD_LL_DeInit	8	static
usbd_conf.c:397:21:USBD_LL_Start	8	static
usbd_conf.c:429:21:USBD_LL_Stop	8	static
usbd_conf.c:464:21:USBD_LL_OpenEP	8	static
usbd_conf.c:504:21:USBD_LL_CloseEP	8	static
usbd_conf.c:537:21:USBD_LL_FlushEP	8	static
usbd_conf.c:570:21:USBD_LL_StallEP	8	static
usbd_conf.c:603:21:USBD_LL_ClearStallEP	8	static
usbd_conf.c:636:9:USBD_LL_IsStallEP	0	static
usbd_conf.c:655:21:USBD_LL_SetUSBAddress	8	static
usbd_conf.c:690:21:USBD_LL_Transmit	8	static
usbd_conf.c:728:21:USBD_LL_PrepareReceive	8	static
usbd_conf.c:764:10:USBD_LL_GetRxDataSize	8	static
usbd_conf.c:774:7:USBD_LL_Delay	0	static
