Archive member included to satisfy reference by file (symbol)

c:/program files (x86)/atollic/truestudio for stm32 9.0.0/armtools/bin/../lib/gcc/arm-atollic-eabi/6.3.1/../../../../arm-atollic-eabi/lib/armv7-m\libc_nano.a(lib_a-atoi.o)
                              Src\config_commands.o (atoi)
c:/program files (x86)/atollic/truestudio for stm32 9.0.0/armtools/bin/../lib/gcc/arm-atollic-eabi/6.3.1/../../../../arm-atollic-eabi/lib/armv7-m\libc_nano.a(lib_a-init.o)
                              startup\startup_stm32f205xx.o (__libc_init_array)
c:/program files (x86)/atollic/truestudio for stm32 9.0.0/armtools/bin/../lib/gcc/arm-atollic-eabi/6.3.1/../../../../arm-atollic-eabi/lib/armv7-m\libc_nano.a(lib_a-malloc.o)
                              Middlewares\ST\STM32_USB_Device_Library\Class\CDC\Src\usbd_cdc.o (malloc)
c:/program files (x86)/atollic/truestudio for stm32 9.0.0/armtools/bin/../lib/gcc/arm-atollic-eabi/6.3.1/../../../../arm-atollic-eabi/lib/armv7-m\libc_nano.a(lib_a-memcpy-stub.o)
                              Middlewares\Third_Party\FreeRTOS\Source\queue.o (memcpy)
c:/program files (x86)/atollic/truestudio for stm32 9.0.0/armtools/bin/../lib/gcc/arm-atollic-eabi/6.3.1/../../../../arm-atollic-eabi/lib/armv7-m\libc_nano.a(lib_a-memmove.o)
                              Src\protocol.o (memmove)
c:/program files (x86)/atollic/truestudio for stm32 9.0.0/armtools/bin/../lib/gcc/arm-atollic-eabi/6.3.1/../../../../arm-atollic-eabi/lib/armv7-m\libc_nano.a(lib_a-memset.o)
                              Middlewares\Third_Party\FreeRTOS\Source\CMSIS_RTOS\cmsis_os.o (memset)
c:/program files (x86)/atollic/truestudio for stm32 9.0.0/armtools/bin/../lib/gcc/arm-atollic-eabi/6.3.1/../../../../arm-atollic-eabi/lib/armv7-m\libc_nano.a(lib_a-nano-freer.o)
                              c:/program files (x86)/atollic/truestudio for stm32 9.0.0/armtools/bin/../lib/gcc/arm-atollic-eabi/6.3.1/../../../../arm-atollic-eabi/lib/armv7-m\libc_nano.a(lib_a-malloc.o) (_free_r)
c:/program files (x86)/atollic/truestudio for stm32 9.0.0/armtools/bin/../lib/gcc/arm-atollic-eabi/6.3.1/../../../../arm-atollic-eabi/lib/armv7-m\libc_nano.a(lib_a-nano-mallocr.o)
                              c:/program files (x86)/atollic/truestudio for stm32 9.0.0/armtools/bin/../lib/gcc/arm-atollic-eabi/6.3.1/../../../../arm-atollic-eabi/lib/armv7-m\libc_nano.a(lib_a-malloc.o) (_malloc_r)
c:/program files (x86)/atollic/truestudio for stm32 9.0.0/armtools/bin/../lib/gcc/arm-atollic-eabi/6.3.1/../../../../arm-atollic-eabi/lib/armv7-m\libc_nano.a(lib_a-sbrkr.o)
                              c:/program files (x86)/atollic/truestudio for stm32 9.0.0/armtools/bin/../lib/gcc/arm-atollic-eabi/6.3.1/../../../../arm-atollic-eabi/lib/armv7-m\libc_nano.a(lib_a-nano-mallocr.o) (_sbrk_r)
c:/program files (x86)/atollic/truestudio for stm32 9.0.0/armtools/bin/../lib/gcc/arm-atollic-eabi/6.3.1/../../../../arm-atollic-eabi/lib/armv7-m\libc_nano.a(lib_a-strcmp.o)
                              Src\config_commands.o (strcmp)
c:/program files (x86)/atollic/truestudio for stm32 9.0.0/armtools/bin/../lib/gcc/arm-atollic-eabi/6.3.1/../../../../arm-atollic-eabi/lib/armv7-m\libc_nano.a(lib_a-strtol.o)
                              c:/program files (x86)/atollic/truestudio for stm32 9.0.0/armtools/bin/../lib/gcc/arm-atollic-eabi/6.3.1/../../../../arm-atollic-eabi/lib/armv7-m\libc_nano.a(lib_a-atoi.o) (_strtol_r)
c:/program files (x86)/atollic/truestudio for stm32 9.0.0/armtools/bin/../lib/gcc/arm-atollic-eabi/6.3.1/../../../../arm-atollic-eabi/lib/armv7-m\libc_nano.a(lib_a-impure.o)
                              c:/program files (x86)/atollic/truestudio for stm32 9.0.0/armtools/bin/../lib/gcc/arm-atollic-eabi/6.3.1/../../../../arm-atollic-eabi/lib/armv7-m\libc_nano.a(lib_a-malloc.o) (_impure_ptr)
c:/program files (x86)/atollic/truestudio for stm32 9.0.0/armtools/bin/../lib/gcc/arm-atollic-eabi/6.3.1/../../../../arm-atollic-eabi/lib/armv7-m\libc_nano.a(lib_a-locale.o)
                              c:/program files (x86)/atollic/truestudio for stm32 9.0.0/armtools/bin/../lib/gcc/arm-atollic-eabi/6.3.1/../../../../arm-atollic-eabi/lib/armv7-m\libc_nano.a(lib_a-strtol.o) (__locale_ctype_ptr_l)
c:/program files (x86)/atollic/truestudio for stm32 9.0.0/armtools/bin/../lib/gcc/arm-atollic-eabi/6.3.1/../../../../arm-atollic-eabi/lib/armv7-m\libc_nano.a(lib_a-mbtowc_r.o)
                              c:/program files (x86)/atollic/truestudio for stm32 9.0.0/armtools/bin/../lib/gcc/arm-atollic-eabi/6.3.1/../../../../arm-atollic-eabi/lib/armv7-m\libc_nano.a(lib_a-locale.o) (__ascii_mbtowc)
c:/program files (x86)/atollic/truestudio for stm32 9.0.0/armtools/bin/../lib/gcc/arm-atollic-eabi/6.3.1/../../../../arm-atollic-eabi/lib/armv7-m\libc_nano.a(lib_a-mlock.o)
[...]
Memory Configuration

Name             Origin             Length             Attributes
RAM              0x20000000         0x00020000         xrw
FLASH            0x08000000         0x00080000         xr
*default*        0x00000000         0xffffffff

Linker script and memory map

LOAD c:/program files (x86)/atollic/truestudio for stm32 9.0.0/armtools/bin/../lib/gcc/arm-atollic-eabi/6.3.1/armv7-m/crti.o
LOAD c:/program files (x86)/atollic/truestudio for stm32 9.0.0/armtools/bin/../lib/gcc/arm-atollic-eabi/6.3.1/armv7-m/crtbegin.o
LOAD Drivers\STM32F2xx_HAL_Driver\Src\stm32f2xx_hal.o
LOAD Drivers\STM32F2xx_HAL_Driver\Src\stm32f2xx_hal_adc.o
LOAD Drivers\STM32F2xx_HAL_Driver\Src\stm32f2xx_hal_adc_ex.o
LOAD Drivers\STM32F2xx_HAL_Driver\Src\stm32f2xx_hal_cortex.o
LOAD Drivers\STM32F2xx_HAL_Driver\Src\stm32f2xx_hal_crc.o
LOAD Drivers\STM32F2xx_HAL_Driver\Src\stm32f2xx_hal_dac.o
LOAD Drivers\STM32F2xx_HAL_Driver\Src\stm32f2xx_hal_dac_ex.o
LOAD Drivers\STM32F2xx_HAL_Driver\Src\stm32f2xx_hal_dma.o
LOAD Drivers\STM32F2xx_HAL_Driver\Src\stm32f2xx_hal_dma_ex.o
LOAD Drivers\STM32F2xx_HAL_Driver\Src\stm32f2xx_hal_flash.o
LOAD Drivers\STM32F2xx_HAL_Driver\Src\stm32f2xx_hal_flash_ex.o
LOAD Drivers\STM32F2xx_HAL_Driver\Src\stm32f2xx_hal_gpio.o
LOAD Drivers\STM32F2xx_HAL_Driver\Src\stm32f2xx_hal_pcd.o
LOAD Drivers\STM32F2xx_HAL_Driver\Src\stm32f2xx_hal_pcd_ex.o
LOAD Drivers\STM32F2xx_HAL_Driver\Src\stm32f2xx_hal_pwr.o
LOAD Drivers\STM32F2xx_HAL_Driver\Src\stm32f2xx_hal_pwr_ex.o
LOAD Drivers\STM32F2xx_HAL_Driver\Src\stm32f2xx_hal_rcc.o
LOAD Drivers\STM32F2xx_HAL_Driver\Src\stm32f2xx_hal_rcc_ex.o
LOAD Drivers\STM32F2xx_HAL_Driver\Src\stm32f2xx_hal_spi.o
LOAD Drivers\STM32F2xx_HAL_Driver\Src\stm32f2xx_hal_tim.o
LOAD Drivers\STM32F2xx_HAL_Driver\Src\stm32f2xx_hal_tim_ex.o
LOAD Drivers\STM32F2xx_HAL_Driver\Src\stm32f2xx_hal_uart.o
LOAD Drivers\STM32F2xx_HAL_Driver\Src\stm32f2xx_ll_usb.o
LOAD Middlewares\ST\STM32_USB_Device_Library\Class\CDC\Src\usbd_cdc.o
LOAD Middlewares\ST\STM32_USB_Device_Library\Core\Src\usbd_core.o
LOAD Middlewares\ST\STM32_USB_Device_Library\Core\Src\usbd_ctlreq.o
LOAD Middlewares\ST\STM32_USB_Device_Library\Core\Src\usbd_ioreq.o
LOAD Middlewares\Third_Party\FreeRTOS\Source\CMSIS_RTOS\cmsis_os.o
LOAD Middlewares\Third_Party\FreeRTOS\Source\croutine.o
LOAD Middlewares\Third_Party\FreeRTOS\Source\event_groups.o
LOAD Middlewares\Third_Party\FreeRTOS\Source\list.o
LOAD Middlewares\Third_Party\FreeRTOS\Source\portable\GCC\ARM_CM3\port.o
LOAD Middlewares\Third_Party\FreeRTOS\Source\portable\MemMang\heap_4.o
LOAD Middlewares\Third_Party\FreeRTOS\Source\queue.o
LOAD Middlewares\Third_Party\FreeRTOS\Source\tasks.o
LOAD Middlewares\Third_Party\FreeRTOS\Source\timers.o
LOAD Src\adc.o
LOAD Src\command_receive.o
LOAD Src\comms_process.o
LOAD Src\config_commands.o
LOAD Src\config_ramp.o
LOAD Src\crc.o
LOAD Src\dac.o
LOAD Src\demod.o
LOAD Src\dma.o
LOAD Src\freertos.o
LOAD Src\gpio.o
LOAD Src\main.o
LOAD Src\main_process.o
LOAD Src\protocol.o
LOAD Src\spi.o
LOAD Src\stm32f2xx_hal_msp.o
LOAD Src\stm32f2xx_it.o
LOAD Src\strfunc.o
LOAD Src\system_stm32f2xx.o
LOAD Src\tim.o
LOAD Src\usart.o
LOAD Src\usb_device.o
LOAD Src\usbd_cdc_if.o
LOAD Src\usbd_conf.o
LOAD Src\usbd_desc.o
LOAD startup\startup_stm32f205xx.o
                0x00000080                malloc_getpagesize_P = 0x80
START GROUP
LOAD c:/program files (x86)/atollic/truestudio for stm32 9.0.0/armtools/bin/../lib/gcc/arm-atollic-eabi/6.3.1/../../../../arm-atollic-eabi/lib/armv7-m\libc_nano.a
LOAD c:/program files (x86)/atollic/truestudio for stm32 9.0.0/armtools/bin/../lib/gcc/arm-atollic-eabi/6.3.1/../../../../arm-atollic-eabi/lib/armv7-m\libm.a
END GROUP
START GROUP
LOAD c:/program files (x86)/atollic/truestudio for stm32 9.0.0/armtools/bin/../lib/gcc/arm-atollic-eabi/6.3.1/armv7-m\libgcc.a
LOAD c:/program files (x86)/atollic/truestudio for stm32 9.0.0/armtools/bin/../lib/gcc/arm-atollic-eabi/6.3.1/../../../../arm-atollic-eabi/lib/armv7-m\libc_nano.a
END GROUP
START GROUP
LOAD c:/program files (x86)/atollic/truestudio for stm32 9.0.0/armtools/bin/../lib/gcc/arm-atollic-eabi/6.3.1/armv7-m\libgcc.a
LOAD c:/program files (x86)/atollic/truestudio for stm32 9.0.0/armtools/bin/../lib/gcc/arm-atollic-eabi/6.3.1/../../../../arm-atollic-eabi/lib/armv7-m\libc_nano.a
LOAD c:/program files (x86)/atollic/truestudio for stm32 9.0.0/armtools/bin/../lib/gcc/arm-atollic-eabi/6.3.1/../../../../arm-atollic-eabi/lib/armv7-m\libnosys.a
END GROUP
START GROUP
LOAD c:/program files (x86)/atollic/truestudio for stm32 9.0.0/armtools/bin/../lib/gcc/arm-atollic-eabi/6.3.1/armv7-m\libgcc.a
LOAD c:/program files (x86)/atollic/truestudio for stm32 9.0.0/armtools/bin/../lib/gcc/arm-atollic-eabi/6.3.1/../../../../arm-atollic-eabi/lib/armv7-m\libc_nano.a
LOAD c:/program files (x86)/atollic/truestudio for stm32 9.0.0/armtools/bin/../lib/gcc/arm-atollic-eabi/6.3.1/../../../../arm-atollic-eabi/lib/armv7-m\libnosys.a
END GROUP
LOAD c:/program files (x86)/atollic/truestudio for stm32 9.0.0/armtools/bin/../lib/gcc/arm-atollic-eabi/6.3.1/armv7-m/crtend.o
LOAD c:/program files (x86)/atollic/truestudio for stm32 9.0.0/armtools/bin/../lib/gcc/arm-atollic-eabi/6.3.1/armv7-m/crtn.o
                0x20020000                _estack = 0x20020000
                0x00002000                _Min_Heap_Size = 0x2000
                0x00004000                _Min_Stack_Size = 0x4000

.isr_vector     0x08000000      0x184
                0x08000000                . = ALIGN (0x4)
 *(.isr_vector)
 .isr_vector    0x08000000      0x184 startup\startup_stm32f205xx.o
                0x08000000                g_pfnVectors
                0x08000184                . = ALIGN (0x4)

.text           0x08000190     0xde7c
                0x08000190                . = ALIGN (0x4)
 *(.text)
 .text          0x08000190       0x40 c:/program files (x86)/atollic/truestudio for stm32 9.0.0/armtools/bin/../lib/gcc/arm-atollic-eabi/6.3.1/armv7-m/crtbegin.o
 .text          0x080001d0       0x14 c:/program files (x86)/atollic/truestudio for stm32 9.0.0/armtools/bin/../lib/gcc/arm-atollic-eabi/6.3.1/../../../../arm-atollic-eabi/lib/armv7-m\libc_nano.a(lib_a-strcmp.o)
                0x080001d0                strcmp
 .text          0x080001e4      0x370 c:/program files (x86)/atollic/truestudio for stm32 9.0.0/armtools/bin/../lib/gcc/arm-atollic-eabi/6.3.1/armv7-m\libgcc.a(_arm_addsubdf3.o)
                0x080001e4                __aeabi_drsub
                0x080001ec                __aeabi_dsub
                0x080001ec                __subdf3
                0x080001f0                __aeabi_dadd
                0x080001f0                __adddf3
                0x08000468                __floatunsidf
                0x08000468                __aeabi_ui2d
                0x08000488                __floatsidf
                0x08000488                __aeabi_i2d
                0x080004ac                __aeabi_f2d
                0x080004ac                __extendsfdf2
                0x080004e8                __floatundidf
                0x080004e8                __aeabi_ul2d
                0x080004f8                __floatdidf
                0x080004f8                __aeabi_l2d
 .text          0x08000554      0x424 c:/program files (x86)/atollic/truestudio for stm32 9.0.0/armtools/bin/../lib/gcc/arm-atollic-eabi/6.3.1/armv7-m\libgcc.a(_arm_muldivdf3.o)
                0x08000554                __aeabi_dmul
                0x08000554                __muldf3
                0x080007a8                __divdf3
                0x080007a8                __aeabi_ddiv
 .text          0x08000978       0x50 c:/program files (x86)/atollic/truestudio for stm32 9.0.0/armtools/bin/../lib/gcc/arm-atollic-eabi/6.3.1/armv7-m\libgcc.a(_arm_fixdfsi.o)
                0x08000978                __aeabi_d2iz
                0x08000978                __fixdfsi
 .text          0x080009c8      0x21c c:/program files (x86)/atollic/truestudio for stm32 9.0.0/armtools/bin/../lib/gcc/arm-atollic-eabi/6.3.1/armv7-m\libgcc.a(_arm_addsubsf3.o)
                0x080009c8                __aeabi_frsub
                0x080009d0                __subsf3
                0x080009d0                __aeabi_fsub
                0x080009d4                __aeabi_fadd
                0x080009d4                __addsf3
                0x08000b34                __aeabi_ui2f
                0x08000b34                __floatunsisf
                0x08000b3c                __aeabi_i2f
                0x08000b3c                __floatsisf
                0x08000b58                __aeabi_ul2f
                0x08000b58                __floatundisf
                0x08000b68                __aeabi_l2f
                0x08000b68                __floatdisf
 .text          0x08000be4      0x2a0 c:/program files (x86)/atollic/truestudio for stm32 9.0.0/armtools/bin/../lib/gcc/arm-atollic-eabi/6.3.1/armv7-m\libgcc.a(_arm_muldivsf3.o)
                0x08000be4                __mulsf3
                0x08000be4                __aeabi_fmul
                0x08000d4c                __aeabi_fdiv
                0x08000d4c                __divsf3
 .text          0x08000e84       0x40 c:/program files (x86)/atollic/truestudio for stm32 9.0.0/armtools/bin/../lib/gcc/arm-atollic-eabi/6.3.1/armv7-m\libgcc.a(_arm_fixunssfsi.o)
                0x08000e84                __fixunssfsi
                0x08000e84                __aeabi_f2uiz
 .text          0x08000ec4       0x30 c:/program files (x86)/atollic/truestudio for stm32 9.0.0/armtools/bin/../lib/gcc/arm-atollic-eabi/6.3.1/armv7-m\libgcc.a(_aeabi_uldivmod.o)
                0x08000ec4                __aeabi_uldivmod
 .text          0x08000ef4      0x2dc c:/program files (x86)/atollic/truestudio for stm32 9.0.0/armtools/bin/../lib/gcc/arm-atollic-eabi/6.3.1/armv7-m\libgcc.a(_udivmoddi4.o)
                0x08000ef4                __udivmoddi4
 .text          0x080011d0        0x4 c:/program files (x86)/atollic/truestudio for stm32 9.0.0/armtools/bin/../lib/gcc/arm-atollic-eabi/6.3.1/armv7-m\libgcc.a(_dvmd_tls.o)
                0x080011d0                __aeabi_idiv0
                0x080011d0                __aeabi_ldiv0
 *(.text*)
 .text.HAL_Init
                0x080011d4       0x44 Drivers\STM32F2xx_HAL_Driver\Src\stm32f2xx_hal.o
                0x080011d4                HAL_Init
 .text.HAL_InitTick
                0x08001218       0x38 Drivers\STM32F2xx_HAL_Driver\Src\stm32f2xx_hal.o
                0x08001218                HAL_InitTick
 .text.HAL_IncTick
                0x08001250       0x1c Drivers\STM32F2xx_HAL_Driver\Src\stm32f2xx_hal.o
                0x08001250                HAL_IncTick
 .text.HAL_GetTick
                0x0800126c       0x14 Drivers\STM32F2xx_HAL_Driver\Src\stm32f2xx_hal.o
                0x0800126c                HAL_GetTick
 .text.HAL_Delay
                0x08001280       0x3a Drivers\STM32F2xx_HAL_Driver\Src\stm32f2xx_hal.o
                0x08001280                HAL_Delay
 .text.HAL_ADC_Init
                0x080012ba       0x86 Drivers\STM32F2xx_HAL_Driver\Src\stm32f2xx_hal_adc.o
                0x080012ba                HAL_ADC_Init
 .text.HAL_ADC_Start
                0x08001340      0x144 Drivers\STM32F2xx_HAL_Driver\Src\stm32f2xx_hal_adc.o
                0x08001340                HAL_ADC_Start
 .text.HAL_ADC_Stop
                0x08001484       0x64 Drivers\STM32F2xx_HAL_Driver\Src\stm32f2xx_hal_adc.o
                0x08001484                HAL_ADC_Stop
 .text.HAL_ADC_IRQHandler
                0x080014e8      0x282 Drivers\STM32F2xx_HAL_Driver\Src\stm32f2xx_hal_adc.o
                0x080014e8                HAL_ADC_IRQHandler
 .text.HAL_ADC_GetValue
                0x0800176a       0x18 Drivers\STM32F2xx_HAL_Driver\Src\stm32f2xx_hal_adc.o
                0x0800176a                HAL_ADC_GetValue
 .text.HAL_ADC_LevelOutOfWindowCallback
                0x08001782       0x12 Drivers\STM32F2xx_HAL_Driver\Src\stm32f2xx_hal_adc.o
                0x08001782                HAL_ADC_LevelOutOfWindowCallback
 .text.HAL_ADC_ConfigChannel
                0x08001794      0x244 Drivers\STM32F2xx_HAL_Driver\Src\stm32f2xx_hal_adc.o
                0x08001794                HAL_ADC_ConfigChannel
 .text.ADC_Init
                0x080019d8      0x204 Drivers\STM32F2xx_HAL_Driver\Src\stm32f2xx_hal_adc.o
 .text.HAL_ADCEx_MultiModeStart_DMA
                0x08001bdc      0x174 Drivers\STM32F2xx_HAL_Driver\Src\stm32f2xx_hal_adc_ex.o
                0x08001bdc                HAL_ADCEx_MultiModeStart_DMA
 .text.HAL_ADCEx_MultiModeStop_DMA
                0x08001d50       0x94 Drivers\STM32F2xx_HAL_Driver\Src\stm32f2xx_hal_adc_ex.o
                0x08001d50                HAL_ADCEx_MultiModeStop_DMA
 .text.HAL_ADCEx_InjectedConvCpltCallback
                0x08001de4       0x12 Drivers\STM32F2xx_HAL_Driver\Src\stm32f2xx_hal_adc_ex.o
                0x08001de4                HAL_ADCEx_InjectedConvCpltCallback
 *fill*         0x08001df6        0x2 
 .text.HAL_ADCEx_MultiModeConfigChannel
                0x08001df8       0x88 Drivers\STM32F2xx_HAL_Driver\Src\stm32f2xx_hal_adc_ex.o
                0x08001df8                HAL_ADCEx_MultiModeConfigChannel
 .text.ADC_MultiModeDMAConvCplt
                0x08001e80       0xa6 Drivers\STM32F2xx_HAL_Driver\Src\stm32f2xx_hal_adc_ex.o
 .text.ADC_MultiModeDMAHalfConvCplt
                0x08001f26       0x1c Drivers\STM32F2xx_HAL_Driver\Src\stm32f2xx_hal_adc_ex.o
 .text.ADC_MultiModeDMAError
                0x08001f42       0x2e Drivers\STM32F2xx_HAL_Driver\Src\stm32f2xx_hal_adc_ex.o
 .text.NVIC_SetPriorityGrouping
                0x08001f70       0x48 Drivers\STM32F2xx_HAL_Driver\Src\stm32f2xx_hal_cortex.o
 .text.NVIC_GetPriorityGrouping
                0x08001fb8       0x1c Drivers\STM32F2xx_HAL_Driver\Src\stm32f2xx_hal_cortex.o
 .text.NVIC_EnableIRQ
                0x08001fd4       0x30 Drivers\STM32F2xx_HAL_Driver\Src\stm32f2xx_hal_cortex.o
 .text.NVIC_SetPriority
                0x08002004       0x54 Drivers\STM32F2xx_HAL_Driver\Src\stm32f2xx_hal_cortex.o
 .text.NVIC_EncodePriority
                0x08002058       0x60 Drivers\STM32F2xx_HAL_Driver\Src\stm32f2xx_hal_cortex.o
 .text.SysTick_Config
                0x080020b8       0x44 Drivers\STM32F2xx_HAL_Driver\Src\stm32f2xx_hal_cortex.o
 .text.HAL_NVIC_SetPriorityGrouping
                0x080020fc       0x16 Drivers\STM32F2xx_HAL_Driver\Src\stm32f2xx_hal_cortex.o
                0x080020fc                HAL_NVIC_SetPriorityGrouping
 .text.HAL_NVIC_SetPriority
                0x08002112       0x38 Drivers\STM32F2xx_HAL_Driver\Src\stm32f2xx_hal_cortex.o
                0x08002112                HAL_NVIC_SetPriority
 .text.HAL_NVIC_EnableIRQ
                0x0800214a       0x1c Drivers\STM32F2xx_HAL_Driver\Src\stm32f2xx_hal_cortex.o
                0x0800214a                HAL_NVIC_EnableIRQ
 .text.HAL_SYSTICK_Config
                0x08002166       0x18 Drivers\STM32F2xx_HAL_Driver\Src\stm32f2xx_hal_cortex.o
                0x08002166                HAL_SYSTICK_Config
 *fill*         0x0800217e        0x2 
 .text.HAL_SYSTICK_CLKSourceConfig
                0x08002180       0x38 Drivers\STM32F2xx_HAL_Driver\Src\stm32f2xx_hal_cortex.o
                0x08002180                HAL_SYSTICK_CLKSourceConfig
 .text.HAL_CRC_Init
                0x080021b8       0x3e Drivers\STM32F2xx_HAL_Driver\Src\stm32f2xx_hal_crc.o
                0x080021b8                HAL_CRC_Init
 .text.HAL_DAC_Init
                0x080021f6       0x44 Drivers\STM32F2xx_HAL_Driver\Src\stm32f2xx_hal_dac.o
                0x080021f6                HAL_DAC_Init
 *fill*         0x0800223a        0x2 
 .text.HAL_DAC_Start_DMA
                0x0800223c      0x160 Drivers\STM32F2xx_HAL_Driver\Src\stm32f2xx_hal_dac.o
                0x0800223c                HAL_DAC_Start_DMA
 .text.HAL_DAC_Stop_DMA
                0x0800239c       0x82 Drivers\STM32F2xx_HAL_Driver\Src\stm32f2xx_hal_dac.o
                0x0800239c                HAL_DAC_Stop_DMA
 .text.HAL_DAC_IRQHandler
                0x0800241e       0x94 Drivers\STM32F2xx_HAL_Driver\Src\stm32f2xx_hal_dac.o
                0x0800241e                HAL_DAC_IRQHandler
 .text.HAL_DAC_ConvHalfCpltCallbackCh1
                0x080024b2       0x12 Drivers\STM32F2xx_HAL_Driver\Src\stm32f2xx_hal_dac.o
                0x080024b2                HAL_DAC_ConvHalfCpltCallbackCh1
 .text.HAL_DAC_ConfigChannel
                0x080024c4       0x98 Drivers\STM32F2xx_HAL_Driver\Src\stm32f2xx_hal_dac.o
                0x080024c4                HAL_DAC_ConfigChannel
 .text.DAC_DMAConvCpltCh1
                0x0800255c       0x22 Drivers\STM32F2xx_HAL_Driver\Src\stm32f2xx_hal_dac.o
 .text.DAC_DMAHalfConvCpltCh1
                0x0800257e       0x1c Drivers\STM32F2xx_HAL_Driver\Src\stm32f2xx_hal_dac.o
 .text.DAC_DMAErrorCh1
                0x0800259a       0x2e Drivers\STM32F2xx_HAL_Driver\Src\stm32f2xx_hal_dac.o
 .text.HAL_DACEx_ConvCpltCallbackCh2
                0x080025c8       0x12 Drivers\STM32F2xx_HAL_Driver\Src\stm32f2xx_hal_dac_ex.o
                0x080025c8                HAL_DACEx_ConvCpltCallbackCh2
 .text.HAL_DACEx_ConvHalfCpltCallbackCh2
                0x080025da       0x12 Drivers\STM32F2xx_HAL_Driver\Src\stm32f2xx_hal_dac_ex.o
                0x080025da                HAL_DACEx_ConvHalfCpltCallbackCh2
 .text.HAL_DACEx_ErrorCallbackCh2
                0x080025ec       0x12 Drivers\STM32F2xx_HAL_Driver\Src\stm32f2xx_hal_dac_ex.o
                0x080025ec                HAL_DACEx_ErrorCallbackCh2
 .text.HAL_DACEx_DMAUnderrunCallbackCh2
                0x080025fe       0x12 Drivers\STM32F2xx_HAL_Driver\Src\stm32f2xx_hal_dac_ex.o
                0x080025fe                HAL_DACEx_DMAUnderrunCallbackCh2
 .text.DAC_DMAConvCpltCh2
                0x08002610       0x22 Drivers\STM32F2xx_HAL_Driver\Src\stm32f2xx_hal_dac_ex.o
                0x08002610                DAC_DMAConvCpltCh2
 .text.DAC_DMAHalfConvCpltCh2
                0x08002632       0x1c Drivers\STM32F2xx_HAL_Driver\Src\stm32f2xx_hal_dac_ex.o
                0x08002632                DAC_DMAHalfConvCpltCh2
 .text.DAC_DMAErrorCh2
                0x0800264e       0x2e Drivers\STM32F2xx_HAL_Driver\Src\stm32f2xx_hal_dac_ex.o
                0x0800264e                DAC_DMAErrorCh2
 .text.HAL_DMA_Init
                0x0800267c      0x15c Drivers\STM32F2xx_HAL_Driver\Src\stm32f2xx_hal_dma.o
                0x0800267c                HAL_DMA_Init
 .text.HAL_DMA_Start
                0x080027d8       0x76 Drivers\STM32F2xx_HAL_Driver\Src\stm32f2xx_hal_dma.o
                0x080027d8                HAL_DMA_Start
 .text.HAL_DMA_Start_IT
                0x0800284e       0xc8 Drivers\STM32F2xx_HAL_Driver\Src\stm32f2xx_hal_dma.o
                0x0800284e                HAL_DMA_Start_IT
 .text.HAL_DMA_Abort
                0x08002916       0xe0 Drivers\STM32F2xx_HAL_Driver\Src\stm32f2xx_hal_dma.o
                0x08002916                HAL_DMA_Abort
 .text.HAL_DMA_PollForTransfer
                0x080029f6      0x1be Drivers\STM32F2xx_HAL_Driver\Src\stm32f2xx_hal_dma.o
                0x080029f6                HAL_DMA_PollForTransfer
 .text.HAL_DMA_IRQHandler
                0x08002bb4      0x314 Drivers\STM32F2xx_HAL_Driver\Src\stm32f2xx_hal_dma.o
                0x08002bb4                HAL_DMA_IRQHandler
 .text.DMA_SetConfig
                0x08002ec8       0x5a Drivers\STM32F2xx_HAL_Driver\Src\stm32f2xx_hal_dma.o
 *fill*         0x08002f22        0x2 
 .text.DMA_CalcBaseAndBitshift
                0x08002f24       0x68 Drivers\STM32F2xx_HAL_Driver\Src\stm32f2xx_hal_dma.o
 .text.DMA_CheckFifoParam
                0x08002f8c       0xf4 Drivers\STM32F2xx_HAL_Driver\Src\stm32f2xx_hal_dma.o
 .text.HAL_GPIO_Init
                0x08003080      0x344 Drivers\STM32F2xx_HAL_Driver\Src\stm32f2xx_hal_gpio.o
                0x08003080                HAL_GPIO_Init
 .text.HAL_GPIO_WritePin
                0x080033c4       0x30 Drivers\STM32F2xx_HAL_Driver\Src\stm32f2xx_hal_gpio.o
                0x080033c4                HAL_GPIO_WritePin
 .text.HAL_GPIO_TogglePin
                0x080033f4       0x22 Drivers\STM32F2xx_HAL_Driver\Src\stm32f2xx_hal_gpio.o
                0x080033f4                HAL_GPIO_TogglePin
 .text.HAL_PCD_Init
                0x08003416      0x206 Drivers\STM32F2xx_HAL_Driver\Src\stm32f2xx_hal_pcd.o
                0x08003416                HAL_PCD_Init
 .text.HAL_PCD_Start
                0x0800361c       0x44 Drivers\STM32F2xx_HAL_Driver\Src\stm32f2xx_hal_pcd.o
                0x0800361c                HAL_PCD_Start
 .text.HAL_PCD_IRQHandler
                0x08003660      0x8d8 Drivers\STM32F2xx_HAL_Driver\Src\stm32f2xx_hal_pcd.o
                0x08003660                HAL_PCD_IRQHandler
 .text.HAL_PCD_SetAddress
                0x08003f38       0x42 Drivers\STM32F2xx_HAL_Driver\Src\stm32f2xx_hal_pcd.o
                0x08003f38                HAL_PCD_SetAddress
 .text.HAL_PCD_EP_Open
                0x08003f7a       0xd0 Drivers\STM32F2xx_HAL_Driver\Src\stm32f2xx_hal_pcd.o
                0x08003f7a                HAL_PCD_EP_Open
 .text.HAL_PCD_EP_Close
                0x0800404a       0x94 Drivers\STM32F2xx_HAL_Driver\Src\stm32f2xx_hal_pcd.o
                0x0800404a                HAL_PCD_EP_Close
 .text.HAL_PCD_EP_Receive
                0x080040de       0x94 Drivers\STM32F2xx_HAL_Driver\Src\stm32f2xx_hal_pcd.o
                0x080040de                HAL_PCD_EP_Receive
 .text.HAL_PCD_EP_GetRxCount
                0x08004172       0x30 Drivers\STM32F2xx_HAL_Driver\Src\stm32f2xx_hal_pcd.o
                0x08004172                HAL_PCD_EP_GetRxCount
 .text.HAL_PCD_EP_Transmit
                0x080041a2       0x92 Drivers\STM32F2xx_HAL_Driver\Src\stm32f2xx_hal_pcd.o
                0x080041a2                HAL_PCD_EP_Transmit
 .text.HAL_PCD_EP_SetStall
                0x08004234       0xb6 Drivers\STM32F2xx_HAL_Driver\Src\stm32f2xx_hal_pcd.o
                0x08004234                HAL_PCD_EP_SetStall
 .text.HAL_PCD_EP_ClrStall
                0x080042ea       0x96 Drivers\STM32F2xx_HAL_Driver\Src\stm32f2xx_hal_pcd.o
                0x080042ea                HAL_PCD_EP_ClrStall
 .text.PCD_WriteEmptyTxFifo
                0x08004380      0x104 Drivers\STM32F2xx_HAL_Driver\Src\stm32f2xx_hal_pcd.o
 .text.HAL_PCDEx_SetTxFiFo
                0x08004484       0x94 Drivers\STM32F2xx_HAL_Driver\Src\stm32f2xx_hal_pcd_ex.o
                0x08004484                HAL_PCDEx_SetTxFiFo
 .text.HAL_PCDEx_SetRxFiFo
                0x08004518       0x20 Drivers\STM32F2xx_HAL_Driver\Src\stm32f2xx_hal_pcd_ex.o
                0x08004518                HAL_PCDEx_SetRxFiFo
 .text.HAL_RCC_OscConfig
                0x08004538      0x42c Drivers\STM32F2xx_HAL_Driver\Src\stm32f2xx_hal_rcc.o
                0x08004538                HAL_RCC_OscConfig
 .text.HAL_RCC_ClockConfig
                0x08004964      0x1d0 Drivers\STM32F2xx_HAL_Driver\Src\stm32f2xx_hal_rcc.o
                0x08004964                HAL_RCC_ClockConfig
 .text.HAL_RCC_GetSysClockFreq
                0x08004b34      0x1ac Drivers\STM32F2xx_HAL_Driver\Src\stm32f2xx_hal_rcc.o
                0x08004b34                HAL_RCC_GetSysClockFreq
 .text.HAL_RCC_GetHCLKFreq
                0x08004ce0       0x14 Drivers\STM32F2xx_HAL_Driver\Src\stm32f2xx_hal_rcc.o
                0x08004ce0                HAL_RCC_GetHCLKFreq
 .text.HAL_RCC_GetPCLK1Freq
                0x08004cf4       0x44 Drivers\STM32F2xx_HAL_Driver\Src\stm32f2xx_hal_rcc.o
                0x08004cf4                HAL_RCC_GetPCLK1Freq
 .text.HAL_RCC_GetPCLK2Freq
                0x08004d38       0x44 Drivers\STM32F2xx_HAL_Driver\Src\stm32f2xx_hal_rcc.o
                0x08004d38                HAL_RCC_GetPCLK2Freq
 .text.HAL_SPI_Init
                0x08004d7c       0xc6 Drivers\STM32F2xx_HAL_Driver\Src\stm32f2xx_hal_spi.o
                0x08004d7c                HAL_SPI_Init
 .text.HAL_SPI_Transmit
                0x08004e42      0x276 Drivers\STM32F2xx_HAL_Driver\Src\stm32f2xx_hal_spi.o
                0x08004e42                HAL_SPI_Transmit
 .text.SPI_WaitFlagStateUntilTimeout
                0x080050b8       0xd2 Drivers\STM32F2xx_HAL_Driver\Src\stm32f2xx_hal_spi.o
 .text.SPI_CheckFlag_BSY
                0x0800518a       0x3c Drivers\STM32F2xx_HAL_Driver\Src\stm32f2xx_hal_spi.o
 .text.HAL_TIM_Base_Init
                0x080051c6       0x56 Drivers\STM32F2xx_HAL_Driver\Src\stm32f2xx_hal_tim.o
                0x080051c6                HAL_TIM_Base_Init
 .text.HAL_TIM_Base_Start
                0x0800521c       0x34 Drivers\STM32F2xx_HAL_Driver\Src\stm32f2xx_hal_tim.o
                0x0800521c                HAL_TIM_Base_Start
 .text.HAL_TIM_IRQHandler
                0x08005250      0x210 Drivers\STM32F2xx_HAL_Driver\Src\stm32f2xx_hal_tim.o
                0x08005250                HAL_TIM_IRQHandler
 .text.HAL_TIM_ConfigClockSource
                0x08005460      0x1b6 Drivers\STM32F2xx_HAL_Driver\Src\stm32f2xx_hal_tim.o
                0x08005460                HAL_TIM_ConfigClockSource
 .text.HAL_TIM_PeriodElapsedCallback
                0x08005616       0x12 Drivers\STM32F2xx_HAL_Driver\Src\stm32f2xx_hal_tim.o
                0x08005616                HAL_TIM_PeriodElapsedCallback
 .text.HAL_TIM_OC_DelayElapsedCallback
                0x08005628       0x12 Drivers\STM32F2xx_HAL_Driver\Src\stm32f2xx_hal_tim.o
                0x08005628                HAL_TIM_OC_DelayElapsedCallback
 .text.HAL_TIM_IC_CaptureCallback
                0x0800563a       0x12 Drivers\STM32F2xx_HAL_Driver\Src\stm32f2xx_hal_tim.o
                0x0800563a                HAL_TIM_IC_CaptureCallback
 .text.HAL_TIM_PWM_PulseFinishedCallback
                0x0800564c       0x12 Drivers\STM32F2xx_HAL_Driver\Src\stm32f2xx_hal_tim.o
                0x0800564c                HAL_TIM_PWM_PulseFinishedCallback
 .text.HAL_TIM_TriggerCallback
                0x0800565e       0x12 Drivers\STM32F2xx_HAL_Driver\Src\stm32f2xx_hal_tim.o
                0x0800565e                HAL_TIM_TriggerCallback
 .text.TIM_Base_SetConfig
                0x08005670      0x164 Drivers\STM32F2xx_HAL_Driver\Src\stm32f2xx_hal_tim.o
                0x08005670                TIM_Base_SetConfig
 .text.TIM_TI1_ConfigInputStage
                0x080057d4       0x64 Drivers\STM32F2xx_HAL_Driver\Src\stm32f2xx_hal_tim.o
 .text.TIM_TI2_ConfigInputStage
                0x08005838       0x66 Drivers\STM32F2xx_HAL_Driver\Src\stm32f2xx_hal_tim.o
 .text.TIM_ITRx_SetConfig
                0x0800589e       0x3e Drivers\STM32F2xx_HAL_Driver\Src\stm32f2xx_hal_tim.o
 .text.TIM_ETR_SetConfig
                0x080058dc       0x42 Drivers\STM32F2xx_HAL_Driver\Src\stm32f2xx_hal_tim.o
 .text.HAL_TIMEx_MasterConfigSynchronization
                0x0800591e       0x88 Drivers\STM32F2xx_HAL_Driver\Src\stm32f2xx_hal_tim_ex.o
                0x0800591e                HAL_TIMEx_MasterConfigSynchronization
 .text.HAL_TIMEx_CommutationCallback
                0x080059a6       0x12 Drivers\STM32F2xx_HAL_Driver\Src\stm32f2xx_hal_tim_ex.o
                0x080059a6                HAL_TIMEx_CommutationCallback
 .text.HAL_TIMEx_BreakCallback
                0x080059b8       0x12 Drivers\STM32F2xx_HAL_Driver\Src\stm32f2xx_hal_tim_ex.o
                0x080059b8                HAL_TIMEx_BreakCallback
 .text.HAL_UART_Init
                0x080059ca       0x9a Drivers\STM32F2xx_HAL_Driver\Src\stm32f2xx_hal_uart.o
                0x080059ca                HAL_UART_Init
 .text.UART_SetConfig
                0x08005a64      0x438 Drivers\STM32F2xx_HAL_Driver\Src\stm32f2xx_hal_uart.o
 .text.USB_CoreInit
                0x08005e9c       0xa2 Drivers\STM32F2xx_HAL_Driver\Src\stm32f2xx_ll_usb.o
                0x08005e9c                USB_CoreInit
 .text.USB_EnableGlobalInt
                0x08005f3e       0x20 Drivers\STM32F2xx_HAL_Driver\Src\stm32f2xx_ll_usb.o
                0x08005f3e                USB_EnableGlobalInt
 .text.USB_DisableGlobalInt
                0x08005f5e       0x20 Drivers\STM32F2xx_HAL_Driver\Src\stm32f2xx_ll_usb.o
                0x08005f5e                USB_DisableGlobalInt
 .text.USB_SetCurrentMode
                0x08005f7e       0x4e Drivers\STM32F2xx_HAL_Driver\Src\stm32f2xx_ll_usb.o
                0x08005f7e                USB_SetCurrentMode
 .text.USB_DevInit
                0x08005fcc      0x264 Drivers\STM32F2xx_HAL_Driver\Src\stm32f2xx_ll_usb.o
                0x08005fcc                USB_DevInit
 .text.USB_FlushTxFifo
                0x08006230       0x48 Drivers\STM32F2xx_HAL_Driver\Src\stm32f2xx_ll_usb.o
                0x08006230                USB_FlushTxFifo
 .text.USB_FlushRxFifo
                0x08006278       0x40 Drivers\STM32F2xx_HAL_Driver\Src\stm32f2xx_ll_usb.o
                0x08006278                USB_FlushRxFifo
 .text.USB_SetDevSpeed
                0x080062b8       0x2e Drivers\STM32F2xx_HAL_Driver\Src\stm32f2xx_ll_usb.o
                0x080062b8                USB_SetDevSpeed
 .text.USB_GetDevSpeed
                0x080062e6       0x68 Drivers\STM32F2xx_HAL_Driver\Src\stm32f2xx_ll_usb.o
                0x080062e6                USB_GetDevSpeed
 .text.USB_ActivateEndpoint
                0x0800634e      0x110 Drivers\STM32F2xx_HAL_Driver\Src\stm32f2xx_ll_usb.o
                0x0800634e                USB_ActivateEndpoint
 .text.USB_DeactivateEndpoint
                0x0800645e       0xf4 Drivers\STM32F2xx_HAL_Driver\Src\stm32f2xx_ll_usb.o
                0x0800645e                USB_DeactivateEndpoint
 *fill*         0x08006552        0x2 
 .text.USB_EPStartXfer
                0x08006554      0x484 Drivers\STM32F2xx_HAL_Driver\Src\stm32f2xx_ll_usb.o
                0x08006554                USB_EPStartXfer
 .text.USB_EP0StartXfer
                0x080069d8      0x2bc Drivers\STM32F2xx_HAL_Driver\Src\stm32f2xx_ll_usb.o
                0x080069d8                USB_EP0StartXfer
 .text.USB_WritePacket
                0x08006c94       0x68 Drivers\STM32F2xx_HAL_Driver\Src\stm32f2xx_ll_usb.o
                0x08006c94                USB_WritePacket
 .text.USB_ReadPacket
                0x08006cfc       0x4c Drivers\STM32F2xx_HAL_Driver\Src\stm32f2xx_ll_usb.o
                0x08006cfc                USB_ReadPacket
 .text.USB_EPSetStall
                0x08006d48       0xe0 Drivers\STM32F2xx_HAL_Driver\Src\stm32f2xx_ll_usb.o
                0x08006d48                USB_EPSetStall
 .text.USB_EPClearStall
                0x08006e28       0xd8 Drivers\STM32F2xx_HAL_Driver\Src\stm32f2xx_ll_usb.o
                0x08006e28                USB_EPClearStall
 .text.USB_SetDevAddress
                0x08006f00       0x4a Drivers\STM32F2xx_HAL_Driver\Src\stm32f2xx_ll_usb.o
                0x08006f00                USB_SetDevAddress
 .text.USB_DevConnect
                0x08006f4a       0x2e Drivers\STM32F2xx_HAL_Driver\Src\stm32f2xx_ll_usb.o
                0x08006f4a                USB_DevConnect
 .text.USB_DevDisconnect
                0x08006f78       0x2e Drivers\STM32F2xx_HAL_Driver\Src\stm32f2xx_ll_usb.o
                0x08006f78                USB_DevDisconnect
 .text.USB_ReadInterrupts
                0x08006fa6       0x28 Drivers\STM32F2xx_HAL_Driver\Src\stm32f2xx_ll_usb.o
                0x08006fa6                USB_ReadInterrupts
 .text.USB_ReadDevAllOutEpInterrupt
                0x08006fce       0x2e Drivers\STM32F2xx_HAL_Driver\Src\stm32f2xx_ll_usb.o
                0x08006fce                USB_ReadDevAllOutEpInterrupt
 .text.USB_ReadDevAllInEpInterrupt
                0x08006ffc       0x2e Drivers\STM32F2xx_HAL_Driver\Src\stm32f2xx_ll_usb.o
                0x08006ffc                USB_ReadDevAllInEpInterrupt
 .text.USB_ReadDevOutEPInterrupt
                0x0800702a       0x36 Drivers\STM32F2xx_HAL_Driver\Src\stm32f2xx_ll_usb.o
                0x0800702a                USB_ReadDevOutEPInterrupt
 .text.USB_ReadDevInEPInterrupt
                0x08007060       0x52 Drivers\STM32F2xx_HAL_Driver\Src\stm32f2xx_ll_usb.o
                0x08007060                USB_ReadDevInEPInterrupt
 .text.USB_GetMode
                0x080070b2       0x1a Drivers\STM32F2xx_HAL_Driver\Src\stm32f2xx_ll_usb.o
                0x080070b2                USB_GetMode
 .text.USB_ActivateSetup
                0x080070cc       0x6a Drivers\STM32F2xx_HAL_Driver\Src\stm32f2xx_ll_usb.o
                0x080070cc                USB_ActivateSetup
 .text.USB_EP0_OutStart
                0x08007136       0x88 Drivers\STM32F2xx_HAL_Driver\Src\stm32f2xx_ll_usb.o
                0x08007136                USB_EP0_OutStart
 *fill*         0x080071be        0x2 
 .text.USB_CoreReset
                0x080071c0       0x64 Drivers\STM32F2xx_HAL_Driver\Src\stm32f2xx_ll_usb.o
 .text.USBD_CDC_Init
                0x08007224       0xd4 Middlewares\ST\STM32_USB_Device_Library\Class\CDC\Src\usbd_cdc.o
 .text.USBD_CDC_DeInit
                0x080072f8       0x5a Middlewares\ST\STM32_USB_Device_Library\Class\CDC\Src\usbd_cdc.o
 *fill*         0x08007352        0x2 
 .text.USBD_CDC_Setup
                0x08007354       0xbc Middlewares\ST\STM32_USB_Device_Library\Class\CDC\Src\usbd_cdc.o
 .text.USBD_CDC_DataIn
                0x08007410       0x36 Middlewares\ST\STM32_USB_Device_Library\Class\CDC\Src\usbd_cdc.o
 .text.USBD_CDC_DataOut
                0x08007446       0x56 Middlewares\ST\STM32_USB_Device_Library\Class\CDC\Src\usbd_cdc.o
 .text.USBD_CDC_EP0_RxReady
                0x0800749c       0x50 Middlewares\ST\STM32_USB_Device_Library\Class\CDC\Src\usbd_cdc.o
 .text.USBD_CDC_GetFSCfgDesc
                0x080074ec       0x20 Middlewares\ST\STM32_USB_Device_Library\Class\CDC\Src\usbd_cdc.o
 .text.USBD_CDC_GetHSCfgDesc
                0x0800750c       0x20 Middlewares\ST\STM32_USB_Device_Library\Class\CDC\Src\usbd_cdc.o
 .text.USBD_CDC_GetOtherSpeedCfgDesc
                0x0800752c       0x20 Middlewares\ST\STM32_USB_Device_Library\Class\CDC\Src\usbd_cdc.o
 .text.USBD_CDC_GetDeviceQualifierDescriptor
                0x0800754c       0x20 Middlewares\ST\STM32_USB_Device_Library\Class\CDC\Src\usbd_cdc.o
                0x0800754c                USBD_CDC_GetDeviceQualifierDescriptor
 .text.USBD_CDC_RegisterInterface
                0x0800756c       0x2c Middlewares\ST\STM32_USB_Device_Library\Class\CDC\Src\usbd_cdc.o
                0x0800756c                USBD_CDC_RegisterInterface
 .text.USBD_CDC_SetTxBuffer
                0x08007598       0x32 Middlewares\ST\STM32_USB_Device_Library\Class\CDC\Src\usbd_cdc.o
                0x08007598                USBD_CDC_SetTxBuffer
 .text.USBD_CDC_SetRxBuffer
                0x080075ca       0x26 Middlewares\ST\STM32_USB_Device_Library\Class\CDC\Src\usbd_cdc.o
                0x080075ca                USBD_CDC_SetRxBuffer
 .text.USBD_CDC_TransmitPacket
                0x080075f0       0x54 Middlewares\ST\STM32_USB_Device_Library\Class\CDC\Src\usbd_cdc.o
                0x080075f0                USBD_CDC_TransmitPacket
 .text.USBD_CDC_ReceivePacket
                0x08007644       0x54 Middlewares\ST\STM32_USB_Device_Library\Class\CDC\Src\usbd_cdc.o
                0x08007644                USBD_CDC_ReceivePacket
 .text.USBD_Init
                0x08007698       0x56 Middlewares\ST\STM32_USB_Device_Library\Core\Src\usbd_core.o
                0x08007698                USBD_Init
 .text.USBD_RegisterClass
                0x080076ee       0x32 Middlewares\ST\STM32_USB_Device_Library\Core\Src\usbd_core.o
                0x080076ee                USBD_RegisterClass
 .text.USBD_Start
                0x08007720       0x18 Middlewares\ST\STM32_USB_Device_Library\Core\Src\usbd_core.o
                0x08007720                USBD_Start
 .text.USBD_RunTestMode
                0x08007738       0x14 Middlewares\ST\STM32_USB_Device_Library\Core\Src\usbd_core.o
                0x08007738                USBD_RunTestMode
 .text.USBD_SetClassConfig
                0x0800774c       0x3e Middlewares\ST\STM32_USB_Device_Library\Core\Src\usbd_core.o
                0x0800774c                USBD_SetClassConfig
 .text.USBD_ClrClassConfig
                0x0800778a       0x26 Middlewares\ST\STM32_USB_Device_Library\Core\Src\usbd_core.o
                0x0800778a                USBD_ClrClassConfig
 .text.USBD_LL_SetupStage
                0x080077b0       0x94 Middlewares\ST\STM32_USB_Device_Library\Core\Src\usbd_core.o
                0x080077b0                USBD_LL_SetupStage
 .text.USBD_LL_DataOutStage
                0x08007844       0xb6 Middlewares\ST\STM32_USB_Device_Library\Core\Src\usbd_core.o
                0x08007844                USBD_LL_DataOutStage
 .text.USBD_LL_DataInStage
                0x080078fa      0x11e Middlewares\ST\STM32_USB_Device_Library\Core\Src\usbd_core.o
                0x080078fa                USBD_LL_DataInStage
 .text.USBD_LL_Reset
                0x08007a18       0x5e Middlewares\ST\STM32_USB_Device_Library\Core\Src\usbd_core.o
                0x08007a18                USBD_LL_Reset
 .text.USBD_LL_SetSpeed
                0x08007a76       0x1e Middlewares\ST\STM32_USB_Device_Library\Core\Src\usbd_core.o
                0x08007a76                USBD_LL_SetSpeed
 .text.USBD_LL_Suspend
                0x08007a94       0x28 Middlewares\ST\STM32_USB_Device_Library\Core\Src\usbd_core.o
                0x08007a94                USBD_LL_Suspend
 .text.USBD_LL_Resume
                0x08007abc       0x20 Middlewares\ST\STM32_USB_Device_Library\Core\Src\usbd_core.o
                0x08007abc                USBD_LL_Resume
 .text.USBD_LL_SOF
                0x08007adc       0x34 Middlewares\ST\STM32_USB_Device_Library\Core\Src\usbd_core.o
                0x08007adc                USBD_LL_SOF
 .text.USBD_LL_IsoINIncomplete
                0x08007b10       0x18 Middlewares\ST\STM32_USB_Device_Library\Core\Src\usbd_core.o
                0x08007b10                USBD_LL_IsoINIncomplete
 .text.USBD_LL_IsoOUTIncomplete
                0x08007b28       0x18 Middlewares\ST\STM32_USB_Device_Library\Core\Src\usbd_core.o
                0x08007b28                USBD_LL_IsoOUTIncomplete
 .text.USBD_LL_DevConnected
                0x08007b40       0x14 Middlewares\ST\STM32_USB_Device_Library\Core\Src\usbd_core.o
                0x08007b40                USBD_LL_DevConnected
 .text.USBD_LL_DevDisconnected
                0x08007b54       0x2e Middlewares\ST\STM32_USB_Device_Library\Core\Src\usbd_core.o
                0x08007b54                USBD_LL_DevDisconnected
 *fill*         0x08007b82        0x2 
 .text.USBD_StdDevReq
                0x08007b84       0xa0 Middlewares\ST\STM32_USB_Device_Library\Core\Src\usbd_ctlreq.o
                0x08007b84                USBD_StdDevReq
 .text.USBD_StdItfReq
                0x08007c24       0x66 Middlewares\ST\STM32_USB_Device_Library\Core\Src\usbd_ctlreq.o
                0x08007c24                USBD_StdItfReq
 .text.USBD_StdEPReq
                0x08007c8a      0x1b0 Middlewares\ST\STM32_USB_Device_Library\Core\Src\usbd_ctlreq.o
                0x08007c8a                USBD_StdEPReq
 *fill*         0x08007e3a        0x2 
 .text.USBD_GetDescriptor
                0x08007e3c      0x1e8 Middlewares\ST\STM32_USB_Device_Library\Core\Src\usbd_ctlreq.o
 .text.USBD_SetAddress
                0x08008024       0x7c Middlewares\ST\STM32_USB_Device_Library\Core\Src\usbd_ctlreq.o
 .text.USBD_SetConfig
                0x080080a0      0x110 Middlewares\ST\STM32_USB_Device_Library\Core\Src\usbd_ctlreq.o
 .text.USBD_GetConfig
                0x080081b0       0x64 Middlewares\ST\STM32_USB_Device_Library\Core\Src\usbd_ctlreq.o
 .text.USBD_GetStatus
                0x08008214       0x54 Middlewares\ST\STM32_USB_Device_Library\Core\Src\usbd_ctlreq.o
 .text.USBD_SetFeature
                0x08008268       0x36 Middlewares\ST\STM32_USB_Device_Library\Core\Src\usbd_ctlreq.o
 .text.USBD_ClrFeature
                0x0800829e       0x50 Middlewares\ST\STM32_USB_Device_Library\Core\Src\usbd_ctlreq.o
 .text.USBD_ParseSetupRequest
                0x080082ee       0x78 Middlewares\ST\STM32_USB_Device_Library\Core\Src\usbd_ctlreq.o
                0x080082ee                USBD_ParseSetupRequest
 .text.USBD_CtlError
                0x08008366       0x22 Middlewares\ST\STM32_USB_Device_Library\Core\Src\usbd_ctlreq.o
                0x08008366                USBD_CtlError
 .text.USBD_GetString
                0x08008388       0x86 Middlewares\ST\STM32_USB_Device_Library\Core\Src\usbd_ctlreq.o
                0x08008388                USBD_GetString
 .text.USBD_GetLen
                0x0800840e       0x2e Middlewares\ST\STM32_USB_Device_Library\Core\Src\usbd_ctlreq.o
 .text.USBD_CtlSendData
                0x0800843c       0x38 Middlewares\ST\STM32_USB_Device_Library\Core\Src\usbd_ioreq.o
                0x0800843c                USBD_CtlSendData
 .text.USBD_CtlContinueSendData
                0x08008474       0x24 Middlewares\ST\STM32_USB_Device_Library\Core\Src\usbd_ioreq.o
                0x08008474                USBD_CtlContinueSendData
 .text.USBD_CtlPrepareRx
                0x08008498       0x3c Middlewares\ST\STM32_USB_Device_Library\Core\Src\usbd_ioreq.o
                0x08008498                USBD_CtlPrepareRx
 .text.USBD_CtlContinueRx
                0x080084d4       0x24 Middlewares\ST\STM32_USB_Device_Library\Core\Src\usbd_ioreq.o
                0x080084d4                USBD_CtlContinueRx
 .text.USBD_CtlSendStatus
                0x080084f8       0x26 Middlewares\ST\STM32_USB_Device_Library\Core\Src\usbd_ioreq.o
                0x080084f8                USBD_CtlSendStatus
 .text.USBD_CtlReceiveStatus
                0x0800851e       0x26 Middlewares\ST\STM32_USB_Device_Library\Core\Src\usbd_ioreq.o
                0x0800851e                USBD_CtlReceiveStatus
 .text.makeFreeRtosPriority
                0x08008544       0x2e Middlewares\Third_Party\FreeRTOS\Source\CMSIS_RTOS\cmsis_os.o
 .text.inHandlerMode
                0x08008572       0x22 Middlewares\Third_Party\FreeRTOS\Source\CMSIS_RTOS\cmsis_os.o
 .text.osKernelStart
                0x08008594        0xe Middlewares\Third_Party\FreeRTOS\Source\CMSIS_RTOS\cmsis_os.o
                0x08008594                osKernelStart
 .text.osThreadCreate
                0x080085a2       0x4e Middlewares\Third_Party\FreeRTOS\Source\CMSIS_RTOS\cmsis_os.o
                0x080085a2                osThreadCreate
 .text.osDelay  0x080085f0       0x28 Middlewares\Third_Party\FreeRTOS\Source\CMSIS_RTOS\cmsis_os.o
                0x080085f0                osDelay
 .text.osMutexCreate
                0x08008618       0x18 Middlewares\Third_Party\FreeRTOS\Source\CMSIS_RTOS\cmsis_os.o
                0x08008618                osMutexCreate
 .text.osMutexWait
                0x08008630       0xa0 Middlewares\Third_Party\FreeRTOS\Source\CMSIS_RTOS\cmsis_os.o
                0x08008630                osMutexWait
 .text.osMutexRelease
                0x080086d0       0x6c Middlewares\Third_Party\FreeRTOS\Source\CMSIS_RTOS\cmsis_os.o
                0x080086d0                osMutexRelease
 .text.osSystickHandler
                0x0800873c       0x16 Middlewares\Third_Party\FreeRTOS\Source\CMSIS_RTOS\cmsis_os.o
                0x0800873c                osSystickHandler
 .text.vListInitialise
                0x08008752       0x3e Middlewares\Third_Party\FreeRTOS\Source\list.o
                0x08008752                vListInitialise
 .text.vListInitialiseItem
                0x08008790       0x18 Middlewares\Third_Party\FreeRTOS\Source\list.o
                0x08008790                vListInitialiseItem
 .text.vListInsertEnd
                0x080087a8       0x46 Middlewares\Third_Party\FreeRTOS\Source\list.o
                0x080087a8                vListInsertEnd
 .text.vListInsert
                0x080087ee       0x70 Middlewares\Third_Party\FreeRTOS\Source\list.o
                0x080087ee                vListInsert
 .text.uxListRemove
                0x0800885e       0x52 Middlewares\Third_Party\FreeRTOS\Source\list.o
                0x0800885e                uxListRemove
 .text.pxPortInitialiseStack
                0x080088b0       0x58 Middlewares\Third_Party\FreeRTOS\Source\portable\GCC\ARM_CM3\port.o
                0x080088b0                pxPortInitialiseStack
 .text.prvTaskExitError
                0x08008908       0x3c Middlewares\Third_Party\FreeRTOS\Source\portable\GCC\ARM_CM3\port.o
 *fill*         0x08008944        0xc 
 .text.SVC_Handler
                0x08008950       0x28 Middlewares\Third_Party\FreeRTOS\Source\portable\GCC\ARM_CM3\port.o
                0x08008950                SVC_Handler
 .text.prvPortStartFirstTask
                0x08008978       0x20 Middlewares\Third_Party\FreeRTOS\Source\portable\GCC\ARM_CM3\port.o
 .text.xPortStartScheduler
                0x08008998       0xbc Middlewares\Third_Party\FreeRTOS\Source\portable\GCC\ARM_CM3\port.o
                0x08008998                xPortStartScheduler
 .text.vPortEnterCritical
                0x08008a54       0x5c Middlewares\Third_Party\FreeRTOS\Source\portable\GCC\ARM_CM3\port.o
                0x08008a54                vPortEnterCritical
 .text.vPortExitCritical
                0x08008ab0       0x4c Middlewares\Third_Party\FreeRTOS\Source\portable\GCC\ARM_CM3\port.o
                0x08008ab0                vPortExitCritical
 *fill*         0x08008afc        0x4 
 .text.PendSV_Handler
                0x08008b00       0x48 Middlewares\Third_Party\FreeRTOS\Source\portable\GCC\ARM_CM3\port.o
                0x08008b00                PendSV_Handler
 .text.xPortSysTickHandler
                0x08008b48       0x40 Middlewares\Third_Party\FreeRTOS\Source\portable\GCC\ARM_CM3\port.o
                0x08008b48                xPortSysTickHandler
 .text.vPortSetupTimerInterrupt
                0x08008b88       0x34 Middlewares\Third_Party\FreeRTOS\Source\portable\GCC\ARM_CM3\port.o
                0x08008b88                vPortSetupTimerInterrupt
 .text.vPortValidateInterruptPriority
                0x08008bbc       0x78 Middlewares\Third_Party\FreeRTOS\Source\portable\GCC\ARM_CM3\port.o
                0x08008bbc                vPortValidateInterruptPriority
 .text.pvPortMalloc
                0x08008c34      0x18c Middlewares\Third_Party\FreeRTOS\Source\portable\MemMang\heap_4.o
                0x08008c34                pvPortMalloc
 .text.vPortFree
                0x08008dc0       0xb0 Middlewares\Third_Party\FreeRTOS\Source\portable\MemMang\heap_4.o
                0x08008dc0                vPortFree
 .text.prvHeapInit
                0x08008e70       0xc4 Middlewares\Third_Party\FreeRTOS\Source\portable\MemMang\heap_4.o
 .text.prvInsertBlockIntoFreeList
                0x08008f34       0xb0 Middlewares\Third_Party\FreeRTOS\Source\portable\MemMang\heap_4.o
 .text.xQueueGenericReset
                0x08008fe4       0xd0 Middlewares\Third_Party\FreeRTOS\Source\queue.o
                0x08008fe4                xQueueGenericReset
 .text.xQueueGenericCreate
                0x080090b4       0x72 Middlewares\Third_Party\FreeRTOS\Source\queue.o
                0x080090b4                xQueueGenericCreate
 .text.prvInitialiseNewQueue
                0x08009126       0x3e Middlewares\Third_Party\FreeRTOS\Source\queue.o
 .text.prvInitialiseMutex
                0x08009164       0x34 Middlewares\Third_Party\FreeRTOS\Source\queue.o
 .text.xQueueCreateMutex
                0x08009198       0x30 Middlewares\Third_Party\FreeRTOS\Source\queue.o
                0x08009198                xQueueCreateMutex
 .text.xQueueGenericSend
                0x080091c8      0x1f4 Middlewares\Third_Party\FreeRTOS\Source\queue.o
                0x080091c8                xQueueGenericSend
 .text.xQueueGiveFromISR
                0x080093bc      0x112 Middlewares\Third_Party\FreeRTOS\Source\queue.o
                0x080093bc                xQueueGiveFromISR
 *fill*         0x080094ce        0x2 
 .text.xQueueGenericReceive
                0x080094d0      0x224 Middlewares\Third_Party\FreeRTOS\Source\queue.o
                0x080094d0                xQueueGenericReceive
 .text.xQueueReceiveFromISR
                0x080096f4       0xfa Middlewares\Third_Party\FreeRTOS\Source\queue.o
                0x080096f4                xQueueReceiveFromISR
 .text.prvCopyDataToQueue
                0x080097ee       0xd4 Middlewares\Third_Party\FreeRTOS\Source\queue.o
 .text.prvCopyDataFromQueue
                0x080098c2       0x4c Middlewares\Third_Party\FreeRTOS\Source\queue.o
 .text.prvUnlockQueue
                0x0800990e       0xa4 Middlewares\Third_Party\FreeRTOS\Source\queue.o
 .text.prvIsQueueEmpty
                0x080099b2       0x2c Middlewares\Third_Party\FreeRTOS\Source\queue.o
 .text.prvIsQueueFull
                0x080099de       0x30 Middlewares\Third_Party\FreeRTOS\Source\queue.o
 .text.xTaskCreate
                0x08009a0e       0x82 Middlewares\Third_Party\FreeRTOS\Source\tasks.o
                0x08009a0e                xTaskCreate
 .text.prvInitialiseNewTask
                0x08009a90       0xfc Middlewares\Third_Party\FreeRTOS\Source\tasks.o
 .text.prvAddNewTaskToReadyList
                0x08009b8c       0xd4 Middlewares\Third_Party\FreeRTOS\Source\tasks.o
 .text.vTaskDelay
                0x08009c60       0x68 Middlewares\Third_Party\FreeRTOS\Source\tasks.o
                0x08009c60                vTaskDelay
 .text.vTaskStartScheduler
                0x08009cc8       0x8c Middlewares\Third_Party\FreeRTOS\Source\tasks.o
                0x08009cc8                vTaskStartScheduler
 .text.vTaskSuspendAll
                0x08009d54       0x1c Middlewares\Third_Party\FreeRTOS\Source\tasks.o
                0x08009d54                vTaskSuspendAll
 .text.xTaskResumeAll
                0x08009d70      0x138 Middlewares\Third_Party\FreeRTOS\Source\tasks.o
                0x08009d70                xTaskResumeAll
 .text.xTaskIncrementTick
                0x08009ea8      0x178 Middlewares\Third_Party\FreeRTOS\Source\tasks.o
                0x08009ea8                xTaskIncrementTick
 .text.vTaskSwitchContext
                0x0800a020       0xd4 Middlewares\Third_Party\FreeRTOS\Source\tasks.o
                0x0800a020                vTaskSwitchContext
 .text.vTaskPlaceOnEventList
                0x0800a0f4       0x48 Middlewares\Third_Party\FreeRTOS\Source\tasks.o
                0x0800a0f4                vTaskPlaceOnEventList
 .text.xTaskRemoveFromEventList
                0x0800a13c       0xc4 Middlewares\Third_Party\FreeRTOS\Source\tasks.o
                0x0800a13c                xTaskRemoveFromEventList
 .text.vTaskSetTimeOutState
                0x0800a200       0x44 Middlewares\Third_Party\FreeRTOS\Source\tasks.o
                0x0800a200                vTaskSetTimeOutState
 .text.xTaskCheckForTimeOut
                0x0800a244       0xbc Middlewares\Third_Party\FreeRTOS\Source\tasks.o
                0x0800a244                xTaskCheckForTimeOut
 .text.vTaskMissedYield
                0x0800a300       0x18 Middlewares\Third_Party\FreeRTOS\Source\tasks.o
                0x0800a300                vTaskMissedYield
 .text.prvIdleTask
                0x0800a318       0x30 Middlewares\Third_Party\FreeRTOS\Source\tasks.o
 .text.prvInitialiseTaskLists
                0x0800a348       0x80 Middlewares\Third_Party\FreeRTOS\Source\tasks.o
 .text.prvCheckTasksWaitingTermination
                0x0800a3c8       0x78 Middlewares\Third_Party\FreeRTOS\Source\tasks.o
 .text.prvDeleteTCB
                0x0800a440       0x20 Middlewares\Third_Party\FreeRTOS\Source\tasks.o
 .text.prvResetNextTaskUnblockTime
                0x0800a460       0x48 Middlewares\Third_Party\FreeRTOS\Source\tasks.o
 .text.xTaskGetSchedulerState
                0x0800a4a8       0x3c Middlewares\Third_Party\FreeRTOS\Source\tasks.o
                0x0800a4a8                xTaskGetSchedulerState
 .text.vTaskPriorityInherit
                0x0800a4e4       0xec Middlewares\Third_Party\FreeRTOS\Source\tasks.o
                0x0800a4e4                vTaskPriorityInherit
 .text.xTaskPriorityDisinherit
                0x0800a5d0      0x108 Middlewares\Third_Party\FreeRTOS\Source\tasks.o
                0x0800a5d0                xTaskPriorityDisinherit
 .text.pvTaskIncrementMutexHeldCount
                0x0800a6d8       0x28 Middlewares\Third_Party\FreeRTOS\Source\tasks.o
                0x0800a6d8                pvTaskIncrementMutexHeldCount
 .text.prvAddCurrentTaskToDelayedList
                0x0800a700       0xcc Middlewares\Third_Party\FreeRTOS\Source\tasks.o
 .text.MX_ADC1_Init
                0x0800a7cc       0xc8 Src\adc.o
                0x0800a7cc                MX_ADC1_Init
 .text.MX_ADC2_Init
                0x0800a894       0x90 Src\adc.o
                0x0800a894                MX_ADC2_Init
 .text.MX_ADC3_Init
                0x0800a924       0xa0 Src\adc.o
                0x0800a924                MX_ADC3_Init
 .text.HAL_ADC_MspInit
                0x0800a9c4      0x1fc Src\adc.o
                0x0800a9c4                HAL_ADC_MspInit
 .text.create_input_data
                0x0800abc0       0x8c Src\command_receive.o
                0x0800abc0                create_input_data
 .text.get_new_data
                0x0800ac4c      0x162 Src\command_receive.o
                0x0800ac4c                get_new_data
 .text.check_newline
                0x0800adae      0x130 Src\command_receive.o
                0x0800adae                check_newline
 *fill*         0x0800aede        0x2 
 .text.buffer_put
                0x0800aee0       0x78 Src\command_receive.o
                0x0800aee0                buffer_put
 .text.comms_process
                0x0800af58       0x38 Src\comms_process.o
                0x0800af58                comms_process
 .text.new_command_data
                0x0800af90       0x28 Src\config_commands.o
                0x0800af90                new_command_data
 .text.select_command
                0x0800afb8      0x214 Src\config_commands.o
                0x0800afb8                select_command
 .text.execute_command
                0x0800b1cc       0xa0 Src\config_commands.o
                0x0800b1cc                execute_command
 .text.null_func
                0x0800b26c       0x18 Src\config_commands.o
                0x0800b26c                null_func
 .text.cmd_init
                0x0800b284       0x28 Src\config_commands.o
                0x0800b284                cmd_init
 .text.cmd_set_ramp_length
                0x0800b2ac       0xb0 Src\config_commands.o
                0x0800b2ac                cmd_set_ramp_length
 .text.cmd_set_ramp_bw
                0x0800b35c       0x90 Src\config_commands.o
                0x0800b35c                cmd_set_ramp_bw
 .text.cmd_set_ramp_voltages
                0x0800b3ec       0xa0 Src\config_commands.o
                0x0800b3ec                cmd_set_ramp_voltages
 .text.cmd_dac_set_voltage
                0x0800b48c       0xcc Src\config_commands.o
                0x0800b48c                cmd_dac_set_voltage
 .text.cmd_new_ramp
                0x0800b558       0x38 Src\config_commands.o
                0x0800b558                cmd_new_ramp
 .text.cmd_add_points_ramp
                0x0800b590       0xba Src\config_commands.o
                0x0800b590                cmd_add_points_ramp
 *fill*         0x0800b64a        0x2 
 .text.cmd_set_ramp
                0x0800b64c       0xa4 Src\config_commands.o
                0x0800b64c                cmd_set_ramp
 .text.cmd_enable_device
                0x0800b6f0       0xc0 Src\config_commands.o
                0x0800b6f0                cmd_enable_device
 .text.cmd_demod_set_gain
                0x0800b7b0       0x40 Src\config_commands.o
                0x0800b7b0                cmd_demod_set_gain
 .text.cmd_demod_set_filter
                0x0800b7f0       0x40 Src\config_commands.o
                0x0800b7f0                cmd_demod_set_filter
 .text.cmd_get_power
                0x0800b830       0x48 Src\config_commands.o
                0x0800b830                cmd_get_power
 .text.init_ramp
                0x0800b878       0x4a Src\config_ramp.o
                0x0800b878                init_ramp
 *fill*         0x0800b8c2        0x2 
 .text.set_ramp_voltages
                0x0800b8c4      0x1b8 Src\config_ramp.o
                0x0800b8c4                set_ramp_voltages
 .text.set_ramp_bw
                0x0800ba7c      0x1cc Src\config_ramp.o
                0x0800ba7c                set_ramp_bw
 .text.set_ramp_length
                0x0800bc48      0x1ec Src\config_ramp.o
                0x0800bc48                set_ramp_length
 .text.new_ramp
                0x0800be34       0x4c Src\config_ramp.o
                0x0800be34                new_ramp
 .text.add_points_ramp
                0x0800be80       0x74 Src\config_ramp.o
                0x0800be80                add_points_ramp
 .text.check_modulation_ok
                0x0800bef4       0x24 Src\config_ramp.o
                0x0800bef4                check_modulation_ok
 .text.set_modulation
                0x0800bf18       0x8c Src\config_ramp.o
                0x0800bf18                set_modulation
 .text.start_acquisition
                0x0800bfa4       0x64 Src\config_ramp.o
                0x0800bfa4                start_acquisition
 .text.MX_CRC_Init
                0x0800c008       0x30 Src\crc.o
                0x0800c008                MX_CRC_Init
 .text.HAL_CRC_MspInit
                0x0800c038       0x40 Src\crc.o
                0x0800c038                HAL_CRC_MspInit
 .text.MX_DAC_Init
                0x0800c078       0x58 Src\dac.o
                0x0800c078                MX_DAC_Init
 .text.HAL_DAC_MspInit
                0x0800c0d0       0xe0 Src\dac.o
                0x0800c0d0                HAL_DAC_MspInit
 .text.init_demod
                0x0800c1b0       0x4a Src\demod.o
                0x0800c1b0                init_demod
 *fill*         0x0800c1fa        0x6 
 .text.demod_set_gain
                0x0800c200       0xc0 Src\demod.o
                0x0800c200                demod_set_gain
 .text.demod_set_filter
                0x0800c2c0       0x54 Src\demod.o
                0x0800c2c0                demod_set_filter
 .text.demod_enable_att
                0x0800c314       0x58 Src\demod.o
                0x0800c314                demod_enable_att
 .text.MX_DMA_Init
                0x0800c36c       0xf0 Src\dma.o
                0x0800c36c                MX_DMA_Init
 .text.vApplicationStackOverflowHook
                0x0800c45c       0x14 Src\freertos.o
                0x0800c45c                vApplicationStackOverflowHook
 .text.MX_FREERTOS_Init
                0x0800c470       0x60 Src\freertos.o
                0x0800c470                MX_FREERTOS_Init
 .text.StartDefaultTask
                0x0800c4d0       0x18 Src\freertos.o
                0x0800c4d0                StartDefaultTask
 .text.commsTask
                0x0800c4e8       0x14 Src\freertos.o
                0x0800c4e8                commsTask
 .text.MX_GPIO_Init
                0x0800c4fc      0x1a0 Src\gpio.o
                0x0800c4fc                MX_GPIO_Init
 .text.main     0x0800c69c       0x42 Src\main.o
                0x0800c69c                main
 *fill*         0x0800c6de        0x2 
 .text.SystemClock_Config
                0x0800c6e0       0xa8 Src\main.o
                0x0800c6e0                SystemClock_Config
 .text._Error_Handler
                0x0800c788        0xc Src\main.o
                0x0800c788                _Error_Handler
 .text.main_process
                0x0800c794      0x168 Src\main_process.o
                0x0800c794                main_process
 .text.HAL_ADC_ConvHalfCpltCallback
                0x0800c8fc       0x2c Src\main_process.o
                0x0800c8fc                HAL_ADC_ConvHalfCpltCallback
 .text.HAL_ADC_ConvCpltCallback
                0x0800c928       0x2c Src\main_process.o
                0x0800c928                HAL_ADC_ConvCpltCallback
 .text.HAL_ADC_ErrorCallback
                0x0800c954       0x18 Src\main_process.o
                0x0800c954                HAL_ADC_ErrorCallback
 .text.HAL_DAC_DMAUnderrunCallbackCh1
                0x0800c96c       0x18 Src\main_process.o
                0x0800c96c                HAL_DAC_DMAUnderrunCallbackCh1
 .text.HAL_DAC_ConvCpltCallbackCh1
                0x0800c984       0x12 Src\main_process.o
                0x0800c984                HAL_DAC_ConvCpltCallbackCh1
 *fill*         0x0800c996        0x2 
 .text.HAL_DAC_ErrorCallbackCh1
                0x0800c998       0x18 Src\main_process.o
                0x0800c998                HAL_DAC_ErrorCallbackCh1
 .text.vApplicationMallocFailedHook
                0x0800c9b0        0x6 Src\main_process.o
                0x0800c9b0                vApplicationMallocFailedHook
 .text.packet_allocate
                0x0800c9b6       0x2c Src\protocol.o
                0x0800c9b6                packet_allocate
 *fill*         0x0800c9e2        0x2 
 .text.packet_encode
                0x0800c9e4       0xbc Src\protocol.o
                0x0800c9e4                packet_encode
 .text.MX_SPI3_Init
                0x0800caa0       0x74 Src\spi.o
                0x0800caa0                MX_SPI3_Init
 .text.HAL_SPI_MspInit
                0x0800cb14       0x64 Src\spi.o
                0x0800cb14                HAL_SPI_MspInit
 .text.HAL_MspInit
                0x0800cb78       0x62 Src\stm32f2xx_hal_msp.o
                0x0800cb78                HAL_MspInit
 .text.NMI_Handler
                0x0800cbda        0xc Src\stm32f2xx_it.o
                0x0800cbda                NMI_Handler
 .text.HardFault_Handler
                0x0800cbe6        0x6 Src\stm32f2xx_it.o
                0x0800cbe6                HardFault_Handler
 .text.MemManage_Handler
                0x0800cbec        0x6 Src\stm32f2xx_it.o
                0x0800cbec                MemManage_Handler
 .text.BusFault_Handler
                0x0800cbf2        0x6 Src\stm32f2xx_it.o
                0x0800cbf2                BusFault_Handler
 .text.UsageFault_Handler
                0x0800cbf8        0x6 Src\stm32f2xx_it.o
                0x0800cbf8                UsageFault_Handler
 .text.DebugMon_Handler
                0x0800cbfe        0xc Src\stm32f2xx_it.o
                0x0800cbfe                DebugMon_Handler
 .text.SysTick_Handler
                0x0800cc0a       0x10 Src\stm32f2xx_it.o
                0x0800cc0a                SysTick_Handler
 *fill*         0x0800cc1a        0x2 
 .text.DMA1_Stream5_IRQHandler
                0x0800cc1c       0x14 Src\stm32f2xx_it.o
                0x0800cc1c                DMA1_Stream5_IRQHandler
 .text.ADC_IRQHandler
                0x0800cc30       0x28 Src\stm32f2xx_it.o
                0x0800cc30                ADC_IRQHandler
 .text.TIM6_DAC_IRQHandler
                0x0800cc58       0x1c Src\stm32f2xx_it.o
                0x0800cc58                TIM6_DAC_IRQHandler
 .text.DMA2_Stream2_IRQHandler
                0x0800cc74       0x14 Src\stm32f2xx_it.o
                0x0800cc74                DMA2_Stream2_IRQHandler
 .text.DMA2_Stream4_IRQHandler
                0x0800cc88       0x14 Src\stm32f2xx_it.o
                0x0800cc88                DMA2_Stream4_IRQHandler
 .text.OTG_HS_IRQHandler
                0x0800cc9c       0x14 Src\stm32f2xx_it.o
                0x0800cc9c                OTG_HS_IRQHandler
 .text.str_split
                0x0800ccb0      0x134 Src\strfunc.o
                0x0800ccb0                str_split
 .text.SystemInit
                0x0800cde4       0x5c Src\system_stm32f2xx.o
                0x0800cde4                SystemInit
 .text.MX_TIM2_Init
                0x0800ce40       0x90 Src\tim.o
                0x0800ce40                MX_TIM2_Init
 .text.MX_TIM6_Init
                0x0800ced0       0x6c Src\tim.o
                0x0800ced0                MX_TIM6_Init
 .text.HAL_TIM_Base_MspInit
                0x0800cf3c       0x78 Src\tim.o
                0x0800cf3c                HAL_TIM_Base_MspInit
 .text.MX_USART3_UART_Init
                0x0800cfb4       0x5c Src\usart.o
                0x0800cfb4                MX_USART3_UART_Init
 .text.HAL_UART_MspInit
                0x0800d010       0x64 Src\usart.o
                0x0800d010                HAL_UART_MspInit
 .text.MX_USB_DEVICE_Init
                0x0800d074       0x38 Src\usb_device.o
                0x0800d074                MX_USB_DEVICE_Init
 .text.CDC_Init_HS
                0x0800d0ac       0x28 Src\usbd_cdc_if.o
 .text.CDC_DeInit_HS
                0x0800d0d4        0xe Src\usbd_cdc_if.o
 *fill*         0x0800d0e2        0x2 
 .text.CDC_Control_HS
                0x0800d0e4      0x144 Src\usbd_cdc_if.o
 .text.CDC_Receive_HS
                0x0800d228       0x4c Src\usbd_cdc_if.o
 .text.CDC_Transmit_HS
                0x0800d274       0x4c Src\usbd_cdc_if.o
                0x0800d274                CDC_Transmit_HS
 .text.HAL_PCD_MspInit
                0x0800d2c0       0xd8 Src\usbd_conf.o
                0x0800d2c0                HAL_PCD_MspInit
 .text.HAL_PCD_SetupStageCallback
                0x0800d398       0x24 Src\usbd_conf.o
                0x0800d398                HAL_PCD_SetupStageCallback
 .text.HAL_PCD_DataOutStageCallback
                0x0800d3bc       0x36 Src\usbd_conf.o
                0x0800d3bc                HAL_PCD_DataOutStageCallback
 .text.HAL_PCD_DataInStageCallback
                0x0800d3f2       0x34 Src\usbd_conf.o
                0x0800d3f2                HAL_PCD_DataInStageCallback
 .text.HAL_PCD_SOFCallback
                0x0800d426       0x1c Src\usbd_conf.o
                0x0800d426                HAL_PCD_SOFCallback
 .text.HAL_PCD_ResetCallback
                0x0800d442       0x50 Src\usbd_conf.o
                0x0800d442                HAL_PCD_ResetCallback
 *fill*         0x0800d492        0x2 
 .text.HAL_PCD_SuspendCallback
                0x0800d494       0x50 Src\usbd_conf.o
                0x0800d494                HAL_PCD_SuspendCallback
 .text.HAL_PCD_ResumeCallback
                0x0800d4e4       0x1c Src\usbd_conf.o
                0x0800d4e4                HAL_PCD_ResumeCallback
 .text.HAL_PCD_ISOOUTIncompleteCallback
                0x0800d500       0x24 Src\usbd_conf.o
                0x0800d500                HAL_PCD_ISOOUTIncompleteCallback
 .text.HAL_PCD_ISOINIncompleteCallback
                0x0800d524       0x24 Src\usbd_conf.o
                0x0800d524                HAL_PCD_ISOINIncompleteCallback
 .text.HAL_PCD_ConnectCallback
                0x0800d548       0x1c Src\usbd_conf.o
                0x0800d548                HAL_PCD_ConnectCallback
 .text.HAL_PCD_DisconnectCallback
                0x0800d564       0x1c Src\usbd_conf.o
                0x0800d564                HAL_PCD_DisconnectCallback
 .text.USBD_LL_Init
                0x0800d580       0xb0 Src\usbd_conf.o
                0x0800d580                USBD_LL_Init
 .text.USBD_LL_Start
                0x0800d630       0x64 Src\usbd_conf.o
                0x0800d630                USBD_LL_Start
 .text.USBD_LL_OpenEP
                0x0800d694       0x7c Src\usbd_conf.o
                0x0800d694                USBD_LL_OpenEP
 .text.USBD_LL_CloseEP
                0x0800d710       0x6c Src\usbd_conf.o
                0x0800d710                USBD_LL_CloseEP
 .text.USBD_LL_StallEP
                0x0800d77c       0x6c Src\usbd_conf.o
                0x0800d77c                USBD_LL_StallEP
 .text.USBD_LL_ClearStallEP
                0x0800d7e8       0x6c Src\usbd_conf.o
                0x0800d7e8                USBD_LL_ClearStallEP
 .text.USBD_LL_IsStallEP
                0x0800d854       0x56 Src\usbd_conf.o
                0x0800d854                USBD_LL_IsStallEP
 *fill*         0x0800d8aa        0x2 
 .text.USBD_LL_SetUSBAddress
                0x0800d8ac       0x6c Src\usbd_conf.o
                0x0800d8ac                USBD_LL_SetUSBAddress
 .text.USBD_LL_Transmit
                0x0800d918       0x74 Src\usbd_conf.o
                0x0800d918                USBD_LL_Transmit
 .text.USBD_LL_PrepareReceive
                0x0800d98c       0x74 Src\usbd_conf.o
                0x0800d98c                USBD_LL_PrepareReceive
 .text.USBD_LL_GetRxDataSize
                0x0800da00       0x26 Src\usbd_conf.o
                0x0800da00                USBD_LL_GetRxDataSize
 *fill*         0x0800da26        0x2 
 .text.USBD_HS_DeviceDescriptor
                0x0800da28       0x24 Src\usbd_desc.o
                0x0800da28                USBD_HS_DeviceDescriptor
 .text.USBD_HS_LangIDStrDescriptor
                0x0800da4c       0x24 Src\usbd_desc.o
                0x0800da4c                USBD_HS_LangIDStrDescriptor
 .text.USBD_HS_ProductStrDescriptor
                0x0800da70       0x3c Src\usbd_desc.o
                0x0800da70                USBD_HS_ProductStrDescriptor
 .text.USBD_HS_ManufacturerStrDescriptor
                0x0800daac       0x28 Src\usbd_desc.o
                0x0800daac                USBD_HS_ManufacturerStrDescriptor
 .text.USBD_HS_SerialStrDescriptor
                0x0800dad4       0x3c Src\usbd_desc.o
                0x0800dad4                USBD_HS_SerialStrDescriptor
 .text.USBD_HS_ConfigStrDescriptor
                0x0800db10       0x3c Src\usbd_desc.o
                0x0800db10                USBD_HS_ConfigStrDescriptor
 .text.USBD_HS_InterfaceStrDescriptor
                0x0800db4c       0x3c Src\usbd_desc.o
                0x0800db4c                USBD_HS_InterfaceStrDescriptor
 .text.Reset_Handler
                0x0800db88       0x50 startup\startup_stm32f205xx.o
                0x0800db88                Reset_Handler
 .text.Default_Handler
                0x0800dbd8        0x2 startup\startup_stm32f205xx.o
                0x0800dbd8                RTC_Alarm_IRQHandler
                0x0800dbd8                HASH_RNG_IRQHandler
                0x0800dbd8                EXTI2_IRQHandler
                0x0800dbd8                TIM8_CC_IRQHandler
                0x0800dbd8                TIM1_CC_IRQHandler
                0x0800dbd8                DMA2_Stream5_IRQHandler
                0x0800dbd8                PVD_IRQHandler
                0x0800dbd8                SDIO_IRQHandler
                0x0800dbd8                TAMP_STAMP_IRQHandler
                0x0800dbd8                CAN2_RX1_IRQHandler
                0x0800dbd8                EXTI3_IRQHandler
                0x0800dbd8                TIM8_TRG_COM_TIM14_IRQHandler
                0x0800dbd8                TIM1_UP_TIM10_IRQHandler
                0x0800dbd8                TIM8_UP_TIM13_IRQHandler
                0x0800dbd8                I2C3_ER_IRQHandler
                0x0800dbd8                EXTI0_IRQHandler
                0x0800dbd8                I2C2_EV_IRQHandler
                0x0800dbd8                DMA1_Stream2_IRQHandler
                0x0800dbd8                CAN1_RX0_IRQHandler
                0x0800dbd8                OTG_HS_WKUP_IRQHandler
                0x0800dbd8                CAN2_SCE_IRQHandler
                0x0800dbd8                SPI1_IRQHandler
                0x0800dbd8                TIM1_BRK_TIM9_IRQHandler
                0x0800dbd8                CAN2_RX0_IRQHandler
                0x0800dbd8                DMA2_Stream3_IRQHandler
                0x0800dbd8                USART6_IRQHandler
                0x0800dbd8                USART3_IRQHandler
                0x0800dbd8                CAN1_RX1_IRQHandler
                0x0800dbd8                UART5_IRQHandler
                0x0800dbd8                DMA2_Stream0_IRQHandler
                0x0800dbd8                TIM4_IRQHandler
                0x0800dbd8                I2C1_EV_IRQHandler
                0x0800dbd8                DMA1_Stream6_IRQHandler
                0x0800dbd8                DMA1_Stream1_IRQHandler
                0x0800dbd8                UART4_IRQHandler
                0x0800dbd8                TIM3_IRQHandler
                0x0800dbd8                RCC_IRQHandler
                0x0800dbd8                TIM8_BRK_TIM12_IRQHandler
                0x0800dbd8                Default_Handler
                0x0800dbd8                EXTI15_10_IRQHandler
                0x0800dbd8                DMA1_Stream7_IRQHandler
                0x0800dbd8                TIM7_IRQHandler
                0x0800dbd8                CAN2_TX_IRQHandler
                0x0800dbd8                TIM5_IRQHandler
                0x0800dbd8                DMA2_Stream7_IRQHandler
                0x0800dbd8                I2C3_EV_IRQHandler
                0x0800dbd8                EXTI9_5_IRQHandler
                0x0800dbd8                RTC_WKUP_IRQHandler
                0x0800dbd8                SPI2_IRQHandler
                0x0800dbd8                OTG_HS_EP1_IN_IRQHandler
                0x0800dbd8                DMA1_Stream0_IRQHandler
                0x0800dbd8                CAN1_TX_IRQHandler
                0x0800dbd8                EXTI4_IRQHandler
                0x0800dbd8                FSMC_IRQHandler
                0x0800dbd8                OTG_HS_EP1_OUT_IRQHandler
                0x0800dbd8                WWDG_IRQHandler
                0x0800dbd8                TIM2_IRQHandler
                0x0800dbd8                OTG_FS_WKUP_IRQHandler
                0x0800dbd8                TIM1_TRG_COM_TIM11_IRQHandler
                0x0800dbd8                EXTI1_IRQHandler
                0x0800dbd8                USART2_IRQHandler
                0x0800dbd8                I2C2_ER_IRQHandler
                0x0800dbd8                DMA2_Stream1_IRQHandler
                0x0800dbd8                CAN1_SCE_IRQHandler
                0x0800dbd8                FLASH_IRQHandler
                0x0800dbd8                USART1_IRQHandler
                0x0800dbd8                OTG_FS_IRQHandler
                0x0800dbd8                SPI3_IRQHandler
                0x0800dbd8                DMA1_Stream4_IRQHandler
                0x0800dbd8                I2C1_ER_IRQHandler
                0x0800dbd8                DMA2_Stream6_IRQHandler
                0x0800dbd8                DMA1_Stream3_IRQHandler
 .text.atoi     0x0800dbda        0x8 c:/program files (x86)/atollic/truestudio for stm32 9.0.0/armtools/bin/../lib/gcc/arm-atollic-eabi/6.3.1/../../../../arm-atollic-eabi/lib/armv7-m\libc_nano.a(lib_a-atoi.o)
                0x0800dbda                atoi
 *fill*         0x0800dbe2        0x2 
 .text.__libc_init_array
                0x0800dbe4       0x48 c:/program files (x86)/atollic/truestudio for stm32 9.0.0/armtools/bin/../lib/gcc/arm-atollic-eabi/6.3.1/../../../../arm-atollic-eabi/lib/armv7-m\libc_nano.a(lib_a-init.o)
                0x0800dbe4                __libc_init_array
 .text.malloc   0x0800dc2c       0x10 c:/program files (x86)/atollic/truestudio for stm32 9.0.0/armtools/bin/../lib/gcc/arm-atollic-eabi/6.3.1/../../../../arm-atollic-eabi/lib/armv7-m\libc_nano.a(lib_a-malloc.o)
                0x0800dc2c                malloc
 .text.free     0x0800dc3c       0x10 c:/program files (x86)/atollic/truestudio for stm32 9.0.0/armtools/bin/../lib/gcc/arm-atollic-eabi/6.3.1/../../../../arm-atollic-eabi/lib/armv7-m\libc_nano.a(lib_a-malloc.o)
                0x0800dc3c                free
 .text.memcpy   0x0800dc4c       0x16 c:/program files (x86)/atollic/truestudio for stm32 9.0.0/armtools/bin/../lib/gcc/arm-atollic-eabi/6.3.1/../../../../arm-atollic-eabi/lib/armv7-m\libc_nano.a(lib_a-memcpy-stub.o)
                0x0800dc4c                memcpy
 *fill*         0x0800dc62        0x2 
 .text._free_r  0x0800dc64       0x98 c:/program files (x86)/atollic/truestudio for stm32 9.0.0/armtools/bin/../lib/gcc/arm-atollic-eabi/6.3.1/../../../../arm-atollic-eabi/lib/armv7-m\libc_nano.a(lib_a-nano-freer.o)
                0x0800dc64                _free_r
 .text._malloc_r
                0x0800dcfc       0xbc c:/program files (x86)/atollic/truestudio for stm32 9.0.0/armtools/bin/../lib/gcc/arm-atollic-eabi/6.3.1/../../../../arm-atollic-eabi/lib/armv7-m\libc_nano.a(lib_a-nano-mallocr.o)
                0x0800dcfc                _malloc_r
 .text._sbrk_r  0x0800ddb8       0x20 c:/program files (x86)/atollic/truestudio for stm32 9.0.0/armtools/bin/../lib/gcc/arm-atollic-eabi/6.3.1/../../../../arm-atollic-eabi/lib/armv7-m\libc_nano.a(lib_a-sbrkr.o)
                0x0800ddb8                _sbrk_r
 .text._strtol_l.isra.0
                0x0800ddd8      0x100 c:/program files (x86)/atollic/truestudio for stm32 9.0.0/armtools/bin/../lib/gcc/arm-atollic-eabi/6.3.1/../../../../arm-atollic-eabi/lib/armv7-m\libc_nano.a(lib_a-strtol.o)
 .text.strtol   0x0800ded8       0x2c c:/program files (x86)/atollic/truestudio for stm32 9.0.0/armtools/bin/../lib/gcc/arm-atollic-eabi/6.3.1/../../../../arm-atollic-eabi/lib/armv7-m\libc_nano.a(lib_a-strtol.o)
                0x0800ded8                strtol
 .text.__locale_ctype_ptr_l
                0x0800df04        0x6 c:/program files (x86)/atollic/truestudio for stm32 9.0.0/armtools/bin/../lib/gcc/arm-atollic-eabi/6.3.1/../../../../arm-atollic-eabi/lib/armv7-m\libc_nano.a(lib_a-locale.o)
                0x0800df04                __locale_ctype_ptr_l
 .text.__ascii_mbtowc
                0x0800df0a       0x24 c:/program files (x86)/atollic/truestudio for stm32 9.0.0/armtools/bin/../lib/gcc/arm-atollic-eabi/6.3.1/../../../../arm-atollic-eabi/lib/armv7-m\libc_nano.a(lib_a-mbtowc_r.o)
                0x0800df0a                __ascii_mbtowc
 .text.__malloc_lock
                0x0800df2e        0x2 c:/program files (x86)/atollic/truestudio for stm32 9.0.0/armtools/bin/../lib/gcc/arm-atollic-eabi/6.3.1/../../../../arm-atollic-eabi/lib/armv7-m\libc_nano.a(lib_a-mlock.o)
                0x0800df2e                __malloc_lock
 .text.__malloc_unlock
                0x0800df30        0x2 c:/program files (x86)/atollic/truestudio for stm32 9.0.0/armtools/bin/../lib/gcc/arm-atollic-eabi/6.3.1/../../../../arm-atollic-eabi/lib/armv7-m\libc_nano.a(lib_a-mlock.o)
                0x0800df30                __malloc_unlock
 .text.__ascii_wctomb
                0x0800df32       0x1a c:/program files (x86)/atollic/truestudio for stm32 9.0.0/armtools/bin/../lib/gcc/arm-atollic-eabi/6.3.1/../../../../arm-atollic-eabi/lib/armv7-m\libc_nano.a(lib_a-wctomb_r.o)
                0x0800df32                __ascii_wctomb
 .text.round    0x0800df4c       0x8c c:/program files (x86)/atollic/truestudio for stm32 9.0.0/armtools/bin/../lib/gcc/arm-atollic-eabi/6.3.1/../../../../arm-atollic-eabi/lib/armv7-m\libm.a(lib_a-s_round.o)
                0x0800df4c                round
 .text._sbrk    0x0800dfd8       0x1c c:/program files (x86)/atollic/truestudio for stm32 9.0.0/armtools/bin/../lib/gcc/arm-atollic-eabi/6.3.1/../../../../arm-atollic-eabi/lib/armv7-m\libnosys.a(sbrk.o)
                0x0800dfd8                _sbrk
 *(.glue_7)
 .glue_7        0x0800dff4        0x0 linker stubs
 *(.glue_7t)
 .glue_7t       0x0800dff4        0x0 linker stubs
 *(.eh_frame)
 .eh_frame      0x0800dff4        0x0 c:/program files (x86)/atollic/truestudio for stm32 9.0.0/armtools/bin/../lib/gcc/arm-atollic-eabi/6.3.1/armv7-m/crtbegin.o
 *(.init)
 .init          0x0800dff4        0x4 c:/program files (x86)/atollic/truestudio for stm32 9.0.0/armtools/bin/../lib/gcc/arm-atollic-eabi/6.3.1/armv7-m/crti.o
                0x0800dff4                _init
 .init          0x0800dff8        0x8 c:/program files (x86)/atollic/truestudio for stm32 9.0.0/armtools/bin/../lib/gcc/arm-atollic-eabi/6.3.1/armv7-m/crtn.o
 *(.fini)
 .fini          0x0800e000        0x4 c:/program files (x86)/atollic/truestudio for stm32 9.0.0/armtools/bin/../lib/gcc/arm-atollic-eabi/6.3.1/armv7-m/crti.o
                0x0800e000                _fini
 .fini          0x0800e004        0x8 c:/program files (x86)/atollic/truestudio for stm32 9.0.0/armtools/bin/../lib/gcc/arm-atollic-eabi/6.3.1/armv7-m/crtn.o
                0x0800e00c                . = ALIGN (0x4)
                0x0800e00c                _etext = .

.vfp11_veneer   0x0800e00c        0x0
 .vfp11_veneer  0x0800e00c        0x0 linker stubs

.v4_bx          0x0800e00c        0x0
 .v4_bx         0x0800e00c        0x0 linker stubs

.iplt           0x0800e00c        0x0
 .iplt          0x0800e00c        0x0 c:/program files (x86)/atollic/truestudio for stm32 9.0.0/armtools/bin/../lib/gcc/arm-atollic-eabi/6.3.1/armv7-m/crtbegin.o

.rodata         0x0800e00c      0x2f4
                0x0800e00c                . = ALIGN (0x4)
 *(.rodata)
 .rodata        0x0800e00c        0x8 Drivers\STM32F2xx_HAL_Driver\Src\stm32f2xx_hal_dma.o
 .rodata        0x0800e014        0x5 Middlewares\Third_Party\FreeRTOS\Source\tasks.o
 *fill*         0x0800e019        0x3 
 .rodata        0x0800e01c        0xd Src\adc.o
 *fill*         0x0800e029        0x3 
 .rodata        0x0800e02c       0x8d Src\config_commands.o
 *fill*         0x0800e0b9        0x3 
 .rodata        0x0800e0bc        0xd Src\crc.o
 *fill*         0x0800e0c9        0x3 
 .rodata        0x0800e0cc        0xd Src\dac.o
 *fill*         0x0800e0d9        0x3 
 .rodata        0x0800e0dc        0xd Src\dma.o
 *fill*         0x0800e0e9        0x3 
 .rodata        0x0800e0ec       0x40 Src\freertos.o
 .rodata        0x0800e12c        0xe Src\main.o
 *fill*         0x0800e13a        0x2 
 .rodata        0x0800e13c        0x4 Src\main_process.o
                0x0800e13c                os_mutex_def_data_mutex
 .rodata        0x0800e140        0xd Src\spi.o
 *fill*         0x0800e14d        0x3 
 .rodata        0x0800e150       0x18 Src\system_stm32f2xx.o
                0x0800e150                AHBPrescTable
                0x0800e160                APBPrescTable
 .rodata        0x0800e168        0xd Src\tim.o
 *fill*         0x0800e175        0x3 
 .rodata        0x0800e178        0xf Src\usart.o
 *fill*         0x0800e187        0x1 
 .rodata        0x0800e188       0x13 Src\usbd_conf.o
 *fill*         0x0800e19b        0x1 
 .rodata        0x0800e19c       0x56 Src\usbd_desc.o
 *(.rodata*)
 .rodata._setlocale_r.str1.1
                0x0800e1f2        0x8 c:/program files (x86)/atollic/truestudio for stm32 9.0.0/armtools/bin/../lib/gcc/arm-atollic-eabi/6.3.1/../../../../arm-atollic-eabi/lib/armv7-m\libc_nano.a(lib_a-locale.o)
                                  0x9 (size before relaxing)
 .rodata.str1.1
                0x0800e1fa        0x2 c:/program files (x86)/atollic/truestudio for stm32 9.0.0/armtools/bin/../lib/gcc/arm-atollic-eabi/6.3.1/../../../../arm-atollic-eabi/lib/armv7-m\libc_nano.a(lib_a-locale.o)
 .rodata._ctype_
                0x0800e1fc      0x101 c:/program files (x86)/atollic/truestudio for stm32 9.0.0/armtools/bin/../lib/gcc/arm-atollic-eabi/6.3.1/../../../../arm-atollic-eabi/lib/armv7-m\libc_nano.a(lib_a-ctype_.o)
                0x0800e1fc                _ctype_
                0x0800e300                . = ALIGN (0x4)
 *fill*         0x0800e2fd        0x3 

.ARM.extab
 *(.ARM.extab* .gnu.linkonce.armextab.*)

.ARM            0x0800e300        0x8
                0x0800e300                __exidx_start = .
 *(.ARM.exidx*)
 .ARM.exidx     0x0800e300        0x8 c:/program files (x86)/atollic/truestudio for stm32 9.0.0/armtools/bin/../lib/gcc/arm-atollic-eabi/6.3.1/armv7-m\libgcc.a(_udivmoddi4.o)
                0x0800e308                __exidx_end = .

.rel.dyn        0x0800e308        0x0
 .rel.iplt      0x0800e308        0x0 c:/program files (x86)/atollic/truestudio for stm32 9.0.0/armtools/bin/../lib/gcc/arm-atollic-eabi/6.3.1/armv7-m/crtbegin.o

.preinit_array  0x0800e308        0x0
                0x0800e308                PROVIDE (__preinit_array_start, .)
 *(.preinit_array*)
                0x0800e308                PROVIDE (__preinit_array_end, .)

.init_array     0x0800e308        0x4
                0x0800e308                PROVIDE (__init_array_start, .)
 *(SORT(.init_array.*))
 *(.init_array*)
 .init_array    0x0800e308        0x4 c:/program files (x86)/atollic/truestudio for stm32 9.0.0/armtools/bin/../lib/gcc/arm-atollic-eabi/6.3.1/armv7-m/crtbegin.o
                0x0800e30c                PROVIDE (__init_array_end, .)

.fini_array     0x0800e30c        0x4
                [!provide]                PROVIDE (__fini_array_start, .)
 *(SORT(.fini_array.*))
 *(.fini_array*)
 .fini_array    0x0800e30c        0x4 c:/program files (x86)/atollic/truestudio for stm32 9.0.0/armtools/bin/../lib/gcc/arm-atollic-eabi/6.3.1/armv7-m/crtbegin.o
                [!provide]                PROVIDE (__fini_array_end, .)
                0x0800e310                _sidata = LOADADDR (.data)

.data           0x20000000      0x32c load address 0x0800e310
                0x20000000                . = ALIGN (0x4)
                0x20000000                _sdata = .
 *(.data)
 .data          0x20000000      0x10f Middlewares\ST\STM32_USB_Device_Library\Class\CDC\Src\usbd_cdc.o
                0x2000000c                USBD_CDC
                0x20000044                USBD_CDC_CfgHSDesc
                0x20000088                USBD_CDC_CfgFSDesc
                0x200000cc                USBD_CDC_OtherSpeedCfgDesc
 *fill*         0x2000010f        0x1 
 .data          0x20000110        0x4 Middlewares\Third_Party\FreeRTOS\Source\portable\GCC\ARM_CM3\port.o
 .data          0x20000114        0x4 Src\system_stm32f2xx.o
                0x20000114                SystemCoreClock
 .data          0x20000118       0x10 Src\usbd_cdc_if.o
                0x20000118                USBD_Interface_fops_HS
 .data          0x20000128       0x34 Src\usbd_desc.o
                0x20000128                HS_Desc
                0x20000144                USBD_HS_DeviceDesc
                0x20000158                USBD_LangIDDesc
 *(.data*)
 .data._impure_ptr
                0x2000015c        0x4 c:/program files (x86)/atollic/truestudio for stm32 9.0.0/armtools/bin/../lib/gcc/arm-atollic-eabi/6.3.1/../../../../arm-atollic-eabi/lib/armv7-m\libc_nano.a(lib_a-impure.o)
                0x2000015c                _impure_ptr
 .data.impure_data
                0x20000160       0x60 c:/program files (x86)/atollic/truestudio for stm32 9.0.0/armtools/bin/../lib/gcc/arm-atollic-eabi/6.3.1/../../../../arm-atollic-eabi/lib/armv7-m\libc_nano.a(lib_a-impure.o)
 .data.__global_locale
                0x200001c0      0x16c c:/program files (x86)/atollic/truestudio for stm32 9.0.0/armtools/bin/../lib/gcc/arm-atollic-eabi/6.3.1/../../../../arm-atollic-eabi/lib/armv7-m\libc_nano.a(lib_a-locale.o)
                0x200001c0                __global_locale
                0x2000032c                . = ALIGN (0x4)
                0x2000032c                _edata = .

.igot.plt       0x2000032c        0x0 load address 0x0800e63c
 .igot.plt      0x2000032c        0x0 c:/program files (x86)/atollic/truestudio for stm32 9.0.0/armtools/bin/../lib/gcc/arm-atollic-eabi/6.3.1/armv7-m/crtbegin.o
                0x2000032c                . = ALIGN (0x4)

.bss            0x2000032c    0x12ee0 load address 0x0800e63c
                0x2000032c                _sbss = .
                0x2000032c                __bss_start__ = _sbss
 *(.bss)
 .bss           0x2000032c       0x1c c:/program files (x86)/atollic/truestudio for stm32 9.0.0/armtools/bin/../lib/gcc/arm-atollic-eabi/6.3.1/armv7-m/crtbegin.o
 .bss           0x20000348        0x1 Middlewares\ST\STM32_USB_Device_Library\Class\CDC\Src\usbd_cdc.o
 .bss           0x20000349        0x1 Middlewares\ST\STM32_USB_Device_Library\Core\Src\usbd_ctlreq.o
 *fill*         0x2000034a        0x2 
 .bss           0x2000034c        0x8 Middlewares\Third_Party\FreeRTOS\Source\portable\GCC\ARM_CM3\port.o
 .bss           0x20000354    0x11188 Middlewares\Third_Party\FreeRTOS\Source\portable\MemMang\heap_4.o
 .bss           0x200114dc      0x12c Middlewares\Third_Party\FreeRTOS\Source\tasks.o
                0x200114dc                pxCurrentTCB
 .bss           0x20011608        0x8 Src\main_process.o
                0x20011608                flag
                0x20011609                buffer_half
                0x2001160a                init
 *(.bss*)
 .bss.__malloc_free_list
                0x20011610        0x4 c:/program files (x86)/atollic/truestudio for stm32 9.0.0/armtools/bin/../lib/gcc/arm-atollic-eabi/6.3.1/../../../../arm-atollic-eabi/lib/armv7-m\libc_nano.a(lib_a-nano-mallocr.o)
                0x20011610                __malloc_free_list
 .bss.__malloc_sbrk_start
                0x20011614        0x4 c:/program files (x86)/atollic/truestudio for stm32 9.0.0/armtools/bin/../lib/gcc/arm-atollic-eabi/6.3.1/../../../../arm-atollic-eabi/lib/armv7-m\libc_nano.a(lib_a-nano-mallocr.o)
                0x20011614                __malloc_sbrk_start
 .bss.heap_end.4116
                0x20011618        0x4 c:/program files (x86)/atollic/truestudio for stm32 9.0.0/armtools/bin/../lib/gcc/arm-atollic-eabi/6.3.1/../../../../arm-atollic-eabi/lib/armv7-m\libnosys.a(sbrk.o)
 *(COMMON)
 COMMON         0x2001161c        0x4 Drivers\STM32F2xx_HAL_Driver\Src\stm32f2xx_hal.o
                0x2001161c                uwTick
 COMMON         0x20011620      0x198 Src\adc.o
                0x20011620                hadc2
                0x20011668                hadc1
                0x200116b0                hadc3
                0x200116f8                hdma_adc1
                0x20011758                hdma_adc2
 COMMON         0x200117b8        0x4 Src\command_receive.o
                0x200117b8                new_input_data
 COMMON         0x200117bc        0x8 Src\config_ramp.o
                0x200117bc                temp_ramp
 COMMON         0x200117c4        0x8 Src\crc.o
                0x200117c4                hcrc
 COMMON         0x200117cc       0x74 Src\dac.o
                0x200117cc                hdma_dac1
                0x2001182c                hdac
 COMMON         0x20011840       0x60 Src\dma.o
                0x20011840                hdma_memtomem_dma2_stream0
 COMMON         0x200118a0        0x8 Src\freertos.o
                0x200118a0                defaultTaskHandle
                0x200118a4                commsHandle
 COMMON         0x200118a8       0x34 Src\main_process.o
                0x200118a8                packet
                0x200118ac                dac_data
                0x200118bc                data_mutex_id
                0x200118c0                adc_data
                0x200118c8                demod
 COMMON         0x200118dc       0x58 Src\spi.o
                0x200118dc                hspi3
 COMMON         0x20011934       0x80 Src\tim.o
                0x20011934                htim6
                0x20011974                htim2
 COMMON         0x200119b4       0x40 Src\usart.o
                0x200119b4                huart3
 COMMON         0x200119f4      0x224 Src\usb_device.o
                0x200119f4                hUsbDeviceHS
 COMMON         0x20011c18     0x1008 Src\usbd_cdc_if.o
                0x20011c18                UserRxBufferHS
                0x20012418                tempbuf
                0x20012420                UserTxBufferHS
 COMMON         0x20012c20      0x3e8 Src\usbd_conf.o
                0x20012c20                hpcd_USB_OTG_HS
 COMMON         0x20013008      0x200 Src\usbd_desc.o
                0x20013008                USBD_StrDesc
 COMMON         0x20013208        0x4 c:/program files (x86)/atollic/truestudio for stm32 9.0.0/armtools/bin/../lib/gcc/arm-atollic-eabi/6.3.1/../../../../arm-atollic-eabi/lib/armv7-m\libc_nano.a(lib_a-reent.o)
                0x20013208                errno
                0x2001320c                . = ALIGN (0x4)
                0x2001320c                _ebss = .
                0x2001320c                __bss_end__ = _ebss

._user_heap_stack
                0x2001320c     0x6004 load address 0x0800e63c
                0x20013210                . = ALIGN (0x8)
 *fill*         0x2001320c        0x4 
                0x20013210                PROVIDE (end, .)
                [!provide]                PROVIDE (_end, .)
                0x20015210                . = (. + _Min_Heap_Size)
 *fill*         0x20013210     0x2000 
                0x20019210                . = (. + _Min_Stack_Size)
 *fill*         0x20015210     0x4000 
                0x20019210                . = ALIGN (0x8)

/DISCARD/
 libc.a(*)
 libm.a(*)
 libgcc.a(*)

.ARM.attributes
                0x00000000       0x29
 *(.ARM.attributes)
 .ARM.attributes
                0x00000000       0x1d c:/program files (x86)/atollic/truestudio for stm32 9.0.0/armtools/bin/../lib/gcc/arm-atollic-eabi/6.3.1/armv7-m/crti.o
 .ARM.attributes
                0x0000001d       0x2d c:/program files (x86)/atollic/truestudio for stm32 9.0.0/armtools/bin/../lib/gcc/arm-atollic-eabi/6.3.1/armv7-m/crtbegin.o
 .ARM.attributes
                0x0000004a       0x33 Drivers\STM32F2xx_HAL_Driver\Src\stm32f2xx_hal.o
 .ARM.attributes
                0x0000007d       0x33 Drivers\STM32F2xx_HAL_Driver\Src\stm32f2xx_hal_adc.o
 .ARM.attributes
                0x000000b0       0x33 Drivers\STM32F2xx_HAL_Driver\Src\stm32f2xx_hal_adc_ex.o
 .ARM.attributes
                0x000000e3       0x33 Drivers\STM32F2xx_HAL_Driver\Src\stm32f2xx_hal_cortex.o
 .ARM.attributes