stm32f2xx_hal_spi.c:374:13:HAL_SPI_MspInit	0	static
stm32f2xx_hal_spi.c:258:19:HAL_SPI_Init	24	static
stm32f2xx_hal_spi.c:389:13:HAL_SPI_MspDeInit	0	static
stm32f2xx_hal_spi.c:340:19:HAL_SPI_DeInit	8	static
stm32f2xx_hal_spi.c:444:19:HAL_SPI_Transmit	32	static
stm32f2xx_hal_spi.c:614:19:HAL_SPI_Receive	40	static
stm32f2xx_hal_spi.c:810:19:HAL_SPI_TransmitReceive	32	static
stm32f2xx_hal_spi.c:1033:19:HAL_SPI_Transmit_IT	12	static
stm32f2xx_hal_spi.c:1123:19:HAL_SPI_Receive_IT	16	static
stm32f2xx_hal_spi.c:1215:19:HAL_SPI_TransmitReceive_IT	20	static
stm32f2xx_hal_spi.c:1301:19:HAL_SPI_Transmit_DMA	24	static
stm32f2xx_hal_spi.c:1394:19:HAL_SPI_Receive_DMA	24	static
stm32f2xx_hal_spi.c:1491:19:HAL_SPI_TransmitReceive_DMA	16	static
stm32f2xx_hal_spi.c:1604:19:HAL_SPI_DMAStop	8	static
stm32f2xx_hal_spi.c:1731:13:HAL_SPI_TxCpltCallback	0	static
stm32f2xx_hal_spi.c:1746:13:HAL_SPI_RxCpltCallback	0	static
stm32f2xx_hal_spi.c:1761:13:HAL_SPI_TxRxCpltCallback	0	static
stm32f2xx_hal_spi.c:1776:13:HAL_SPI_TxHalfCpltCallback	0	static
stm32f2xx_hal_spi.c:2069:13:SPI_DMAHalfTransmitCplt	8	static
stm32f2xx_hal_spi.c:1791:13:HAL_SPI_RxHalfCpltCallback	0	static
stm32f2xx_hal_spi.c:2082:13:SPI_DMAHalfReceiveCplt	8	static
stm32f2xx_hal_spi.c:1806:13:HAL_SPI_TxRxHalfCpltCallback	0	static
stm32f2xx_hal_spi.c:2095:13:SPI_DMAHalfTransmitReceiveCplt	8	static
stm32f2xx_hal_spi.c:1821:14:HAL_SPI_ErrorCallback	0	static
stm32f2xx_hal_spi.c:2679:13:SPI_CloseTx_ISR	24	static
stm32f2xx_hal_spi.c:2438:13:SPI_TxISR_8BIT	4	static
stm32f2xx_hal_spi.c:2462:13:SPI_TxISR_16BIT	4	static
stm32f2xx_hal_spi.c:2349:13:SPI_RxISR_8BIT	16	static
stm32f2xx_hal_spi.c:2556:13:SPI_CloseRxTx_ISR	24	static
stm32f2xx_hal_spi.c:2202:13:SPI_2linesTxISR_8BIT	4	static
stm32f2xx_hal_spi.c:2141:13:SPI_2linesRxISR_8BIT	4	static
stm32f2xx_hal_spi.c:2293:13:SPI_2linesTxISR_16BIT	4	static
stm32f2xx_hal_spi.c:2235:13:SPI_2linesRxISR_16BIT	4	static
stm32f2xx_hal_spi.c:2108:13:SPI_DMAError	8	static
stm32f2xx_hal_spi.c:1895:13:SPI_DMATransmitCplt	24	static
stm32f2xx_hal_spi.c:1939:13:SPI_DMAReceiveCplt	8	static
stm32f2xx_hal_spi.c:2005:13:SPI_DMATransmitReceiveCplt	16	static
stm32f2xx_hal_spi.c:1635:6:HAL_SPI_IRQHandler	32	static
stm32f2xx_hal_spi.c:2126:13:SPI_DMAAbortOnError	8	static
stm32f2xx_hal_spi.c:2405:13:SPI_RxISR_16BIT	16	static
stm32f2xx_hal_spi.c:1858:22:HAL_SPI_GetState	0	static
stm32f2xx_hal_spi.c:1870:10:HAL_SPI_GetError	0	static
