stm32f2xx_ll_usb.c:101:19:USB_CoreInit	8	static
stm32f2xx_ll_usb.c:147:19:USB_EnableGlobalInt	0	static
stm32f2xx_ll_usb.c:160:19:USB_DisableGlobalInt	0	static
stm32f2xx_ll_usb.c:176:19:USB_SetCurrentMode	8	static
stm32f2xx_ll_usb.c:201:19:USB_DevInit	28	static
stm32f2xx_ll_usb.c:329:19:USB_FlushTxFifo	0	static
stm32f2xx_ll_usb.c:353:19:USB_FlushRxFifo	0	static
stm32f2xx_ll_usb.c:383:19:USB_SetDevSpeed	0	static
stm32f2xx_ll_usb.c:398:9:USB_GetDevSpeed	0	static
stm32f2xx_ll_usb.c:425:19:USB_ActivateEndpoint	8	static
stm32f2xx_ll_usb.c:456:19:USB_ActivateDedicatedEndpoint	20	static
stm32f2xx_ll_usb.c:499:19:USB_DeactivateEndpoint	4	static
stm32f2xx_ll_usb.c:523:19:USB_DeactivateDedicatedEndpoint	8	static
stm32f2xx_ll_usb.c:550:19:USB_EPStartXfer	20	static
stm32f2xx_ll_usb.c:672:19:USB_EP0StartXfer	20	static
stm32f2xx_ll_usb.c:762:19:USB_WritePacket	4	static
stm32f2xx_ll_usb.c:790:7:USB_ReadPacket	0	static
stm32f2xx_ll_usb.c:809:19:USB_EPSetStall	0	static
stm32f2xx_ll_usb.c:837:19:USB_EPClearStall	0	static
stm32f2xx_ll_usb.c:863:19:USB_StopDevice	16	static
stm32f2xx_ll_usb.c:894:20:USB_SetDevAddress	0	static
stm32f2xx_ll_usb.c:907:20:USB_DevConnect	8	static
stm32f2xx_ll_usb.c:920:20:USB_DevDisconnect	8	static
stm32f2xx_ll_usb.c:933:11:USB_ReadInterrupts	0	static
stm32f2xx_ll_usb.c:947:10:USB_ReadDevAllOutEpInterrupt	0	static
stm32f2xx_ll_usb.c:960:10:USB_ReadDevAllInEpInterrupt	0	static
stm32f2xx_ll_usb.c:975:10:USB_ReadDevOutEPInterrupt	0	static
stm32f2xx_ll_usb.c:990:10:USB_ReadDevInEPInterrupt	4	static
stm32f2xx_ll_usb.c:1007:7:USB_ClearInterrupts	0	static
stm32f2xx_ll_usb.c:1020:10:USB_GetMode	0	static
stm32f2xx_ll_usb.c:1031:20:USB_ActivateSetup	0	static
stm32f2xx_ll_usb.c:1056:19:USB_EP0_OutStart	4	static
stm32f2xx_ll_usb.c:1118:19:USB_HostInit	24	static
stm32f2xx_ll_usb.c:1202:19:USB_InitFSLSPClkSel	4	static
stm32f2xx_ll_usb.c:1225:19:USB_ResetPort	16	static
stm32f2xx_ll_usb.c:1248:19:USB_DriveVbus	8	static
stm32f2xx_ll_usb.c:1276:10:USB_GetHostSpeed	8	static
stm32f2xx_ll_usb.c:1289:10:USB_GetCurrentFrame	0	static
stm32f2xx_ll_usb.c:1318:19:USB_HC_Init	32	static
stm32f2xx_ll_usb.c:1423:19:USB_HC_StartXfer	48	static
stm32f2xx_ll_usb.c:1534:10:USB_HC_ReadInterrupt	16	static
stm32f2xx_ll_usb.c:1546:19:USB_HC_Halt	24	static
stm32f2xx_ll_usb.c:1609:19:USB_DoPing	24	static
stm32f2xx_ll_usb.c:1631:19:USB_StopHost	32	static
