stm32f2xx_hal.c:229:13:HAL_MspInit	0	static
stm32f2xx_hal.c:240:13:HAL_MspDeInit	0	static
stm32f2xx_hal.c:200:19:HAL_DeInit	8	static
stm32f2xx_hal.c:263:26:HAL_InitTick	8	static
stm32f2xx_hal.c:167:19:HAL_Init	8	static
stm32f2xx_hal.c:311:13:HAL_IncTick	0	static
stm32f2xx_hal.c:322:17:HAL_GetTick	0	static
stm32f2xx_hal.c:338:13:HAL_Delay	24	static
stm32f2xx_hal.c:364:13:HAL_SuspendTick	0	static
stm32f2xx_hal.c:380:13:HAL_ResumeTick	0	static
stm32f2xx_hal.c:390:10:HAL_GetHalVersion	0	static
stm32f2xx_hal.c:399:10:HAL_GetREVID	0	static
stm32f2xx_hal.c:408:10:HAL_GetDEVID	0	static
stm32f2xx_hal.c:417:6:HAL_DBGMCU_EnableDBGSleepMode	0	static
stm32f2xx_hal.c:426:6:HAL_DBGMCU_DisableDBGSleepMode	0	static
stm32f2xx_hal.c:435:6:HAL_DBGMCU_EnableDBGStopMode	0	static
stm32f2xx_hal.c:444:6:HAL_DBGMCU_DisableDBGStopMode	0	static
stm32f2xx_hal.c:453:6:HAL_DBGMCU_EnableDBGStandbyMode	0	static
stm32f2xx_hal.c:462:6:HAL_DBGMCU_DisableDBGStandbyMode	0	static
stm32f2xx_hal.c:473:6:HAL_EnableCompensationCell	0	static
stm32f2xx_hal.c:484:6:HAL_DisableCompensationCell	0	static
stm32f2xx_hal.c:494:6:HAL_GetUID	0	static
