stm32f2xx_hal_adc_ex.c:1049:13:ADC_MultiModeDMAError	0	static
stm32f2xx_hal_adc_ex.c:1036:13:ADC_MultiModeDMAHalfConvCplt	0	static
stm32f2xx_hal_adc_ex.c:983:13:ADC_MultiModeDMAConvCplt	0	static
stm32f2xx_hal_adc_ex.c:177:19:HAL_ADCEx_InjectedStart	16	static
stm32f2xx_hal_adc_ex.c:266:19:HAL_ADCEx_InjectedStart_IT	16	static
stm32f2xx_hal_adc_ex.c:363:19:HAL_ADCEx_InjectedStop	0	static
stm32f2xx_hal_adc_ex.c:417:19:HAL_ADCEx_InjectedPollForConversion	16	static
stm32f2xx_hal_adc_ex.c:484:19:HAL_ADCEx_InjectedStop_IT	4	static
stm32f2xx_hal_adc_ex.c:546:10:HAL_ADCEx_InjectedGetValue	16	static
stm32f2xx_hal_adc_ex.c:597:19:HAL_ADCEx_MultiModeStart_DMA	32	static
stm32f2xx_hal_adc_ex.c:710:19:HAL_ADCEx_MultiModeStop_DMA	8	static
stm32f2xx_hal_adc_ex.c:757:10:HAL_ADCEx_MultiModeGetValue	0	static
stm32f2xx_hal_adc_ex.c:771:13:HAL_ADCEx_InjectedConvCpltCallback	0	static
stm32f2xx_hal_adc_ex.c:788:19:HAL_ADCEx_InjectedConfigChannel	20	static
stm32f2xx_hal_adc_ex.c:944:19:HAL_ADCEx_MultiModeConfigChannel	12	static
