stm32f2xx_hal_dac_ex.c:106:10:HAL_DACEx_DualGetValue	0	static
stm32f2xx_hal_dac_ex.c:141:19:HAL_DACEx_TriangleWaveGenerate	16	static
stm32f2xx_hal_dac_ex.c:189:19:HAL_DACEx_NoiseWaveGenerate	16	static
stm32f2xx_hal_dac_ex.c:229:19:HAL_DACEx_DualSetValue	4	static
stm32f2xx_hal_dac_ex.c:268:13:HAL_DACEx_ConvCpltCallbackCh2	0	static
stm32f2xx_hal_dac_ex.c:283:13:HAL_DACEx_ConvHalfCpltCallbackCh2	0	static
stm32f2xx_hal_dac_ex.c:298:13:HAL_DACEx_ErrorCallbackCh2	0	static
stm32f2xx_hal_dac_ex.c:313:13:HAL_DACEx_DMAUnderrunCallbackCh2	0	static
stm32f2xx_hal_dac_ex.c:328:6:DAC_DMAConvCpltCh2	8	static
stm32f2xx_hal_dac_ex.c:343:6:DAC_DMAHalfConvCpltCh2	8	static
stm32f2xx_hal_dac_ex.c:356:6:DAC_DMAErrorCh2	8	static
