stm32f2xx_hal_tim_ex.c:261:13:HAL_TIMEx_HallSensor_MspInit	0	static
stm32f2xx_hal_tim_ex.c:159:19:HAL_TIMEx_HallSensor_Init	56	static
stm32f2xx_hal_tim_ex.c:276:13:HAL_TIMEx_HallSensor_MspDeInit	0	static
stm32f2xx_hal_tim_ex.c:233:19:HAL_TIMEx_HallSensor_DeInit	8	static
stm32f2xx_hal_tim_ex.c:291:19:HAL_TIMEx_HallSensor_Start	8	static
stm32f2xx_hal_tim_ex.c:313:19:HAL_TIMEx_HallSensor_Stop	8	static
stm32f2xx_hal_tim_ex.c:335:19:HAL_TIMEx_HallSensor_Start_IT	8	static
stm32f2xx_hal_tim_ex.c:360:19:HAL_TIMEx_HallSensor_Stop_IT	8	static
stm32f2xx_hal_tim_ex.c:387:19:HAL_TIMEx_HallSensor_Start_DMA	24	static
stm32f2xx_hal_tim_ex.c:435:19:HAL_TIMEx_HallSensor_Stop_DMA	8	static
stm32f2xx_hal_tim_ex.c:491:19:HAL_TIMEx_OCN_Start	0	static
stm32f2xx_hal_tim_ex.c:522:19:HAL_TIMEx_OCN_Stop	4	static
stm32f2xx_hal_tim_ex.c:553:19:HAL_TIMEx_OCN_Start_IT	0	static
stm32f2xx_hal_tim_ex.c:621:19:HAL_TIMEx_OCN_Stop_IT	4	static
stm32f2xx_hal_tim_ex.c:694:19:HAL_TIMEx_OCN_Start_DMA	24	static
stm32f2xx_hal_tim_ex.c:810:19:HAL_TIMEx_OCN_Stop_DMA	8	static
stm32f2xx_hal_tim_ex.c:910:19:HAL_TIMEx_PWMN_Start	0	static
stm32f2xx_hal_tim_ex.c:940:19:HAL_TIMEx_PWMN_Stop	4	static
stm32f2xx_hal_tim_ex.c:971:19:HAL_TIMEx_PWMN_Start_IT	0	static
stm32f2xx_hal_tim_ex.c:1039:19:HAL_TIMEx_PWMN_Stop_IT	4	static
stm32f2xx_hal_tim_ex.c:1112:19:HAL_TIMEx_PWMN_Start_DMA	24	static
stm32f2xx_hal_tim_ex.c:1228:19:HAL_TIMEx_PWMN_Stop_DMA	8	static
stm32f2xx_hal_tim_ex.c:1316:19:HAL_TIMEx_OnePulseN_Start	0	static
stm32f2xx_hal_tim_ex.c:1342:19:HAL_TIMEx_OnePulseN_Stop	4	static
stm32f2xx_hal_tim_ex.c:1372:19:HAL_TIMEx_OnePulseN_Start_IT	0	static
stm32f2xx_hal_tim_ex.c:1404:19:HAL_TIMEx_OnePulseN_Stop_IT	4	static
stm32f2xx_hal_tim_ex.c:1473:19:HAL_TIMEx_ConfigCommutationEvent	8	static
stm32f2xx_hal_tim_ex.c:1523:19:HAL_TIMEx_ConfigCommutationEvent_IT	8	static
stm32f2xx_hal_tim_ex.c:1577:19:HAL_TIMEx_ConfigCommutationEvent_DMA	16	static
stm32f2xx_hal_tim_ex.c:1622:19:HAL_TIMEx_MasterConfigSynchronization	20	static
stm32f2xx_hal_tim_ex.c:1659:19:HAL_TIMEx_ConfigBreakDeadTime	4	static
stm32f2xx_hal_tim_ex.c:1717:19:HAL_TIMEx_RemapConfig	8	static
stm32f2xx_hal_tim_ex.c:1761:13:HAL_TIMEx_CommutationCallback	0	static
stm32f2xx_hal_tim_ex.c:1824:6:TIMEx_DMACommutationCplt	8	static
stm32f2xx_hal_tim_ex.c:1776:13:HAL_TIMEx_BreakCallback	0	static
stm32f2xx_hal_tim_ex.c:1809:22:HAL_TIMEx_HallSensor_GetState	0	static
