stm32f2xx_hal_pcd.c:230:13:HAL_PCD_MspInit	0	static
stm32f2xx_hal_pcd.c:135:19:HAL_PCD_Init	80	static
stm32f2xx_hal_pcd.c:244:13:HAL_PCD_MspDeInit	0	static
stm32f2xx_hal_pcd.c:204:19:HAL_PCD_DeInit	8	static
stm32f2xx_hal_pcd.c:277:19:HAL_PCD_Start	8	static
stm32f2xx_hal_pcd.c:291:19:HAL_PCD_Stop	8	static
stm32f2xx_hal_pcd.c:664:13:HAL_PCD_DataOutStageCallback	0	static
stm32f2xx_hal_pcd.c:680:14:HAL_PCD_DataInStageCallback	0	static
stm32f2xx_hal_pcd.c:694:14:HAL_PCD_SetupStageCallback	0	static
stm32f2xx_hal_pcd.c:708:14:HAL_PCD_SOFCallback	0	static
stm32f2xx_hal_pcd.c:722:14:HAL_PCD_ResetCallback	0	static
stm32f2xx_hal_pcd.c:736:14:HAL_PCD_SuspendCallback	0	static
stm32f2xx_hal_pcd.c:750:13:HAL_PCD_ResumeCallback	0	static
stm32f2xx_hal_pcd.c:765:13:HAL_PCD_ISOOUTIncompleteCallback	0	static
stm32f2xx_hal_pcd.c:781:13:HAL_PCD_ISOINIncompleteCallback	0	static
stm32f2xx_hal_pcd.c:796:13:HAL_PCD_ConnectCallback	0	static
stm32f2xx_hal_pcd.c:810:13:HAL_PCD_DisconnectCallback	0	static
stm32f2xx_hal_pcd.c:306:6:HAL_PCD_IRQHandler	72	static
stm32f2xx_hal_pcd.c:843:19:HAL_PCD_DevConnect	8	static
stm32f2xx_hal_pcd.c:856:19:HAL_PCD_DevDisconnect	8	static
stm32f2xx_hal_pcd.c:870:19:HAL_PCD_SetAddress	8	static
stm32f2xx_hal_pcd.c:885:19:HAL_PCD_EP_Open	24	static
stm32f2xx_hal_pcd.c:927:19:HAL_PCD_EP_Close	8	static
stm32f2xx_hal_pcd.c:958:19:HAL_PCD_EP_Receive	24	static
stm32f2xx_hal_pcd.c:994:10:HAL_PCD_EP_GetRxCount	0	static
stm32f2xx_hal_pcd.c:1006:19:HAL_PCD_EP_Transmit	24	static
stm32f2xx_hal_pcd.c:1042:19:HAL_PCD_EP_SetStall	16	static
stm32f2xx_hal_pcd.c:1077:19:HAL_PCD_EP_ClrStall	16	static
stm32f2xx_hal_pcd.c:1107:19:HAL_PCD_EP_Flush	8	static
stm32f2xx_hal_pcd.c:1130:19:HAL_PCD_ActivateRemoteWakeup	0	static
stm32f2xx_hal_pcd.c:1147:19:HAL_PCD_DeActivateRemoteWakeup	0	static
stm32f2xx_hal_pcd.c:1179:18:HAL_PCD_GetState	0	static
