stm32f2xx_hal_uart.c:2434:13:UART_SetConfig	32	static
stm32f2xx_hal_uart.c:529:13:HAL_UART_MspInit	0	static
stm32f2xx_hal_uart.c:246:19:HAL_UART_Init	16	static
stm32f2xx_hal_uart.c:308:19:HAL_HalfDuplex_Init	16	static
stm32f2xx_hal_uart.c:368:19:HAL_LIN_Init	24	static
stm32f2xx_hal_uart.c:434:19:HAL_MultiProcessor_Init	24	static
stm32f2xx_hal_uart.c:544:13:HAL_UART_MspDeInit	0	static
stm32f2xx_hal_uart.c:497:19:HAL_UART_DeInit	8	static
stm32f2xx_hal_uart.c:618:19:HAL_UART_Transmit	32	static
stm32f2xx_hal_uart.c:700:19:HAL_UART_Receive	32	static
stm32f2xx_hal_uart.c:788:19:HAL_UART_Transmit_IT	8	static
stm32f2xx_hal_uart.c:830:19:HAL_UART_Receive_IT	8	static
stm32f2xx_hal_uart.c:875:19:HAL_UART_Transmit_DMA	24	static
stm32f2xx_hal_uart.c:940:19:HAL_UART_Receive_DMA	32	static
stm32f2xx_hal_uart.c:1007:19:HAL_UART_DMAPause	0	static
stm32f2xx_hal_uart.c:1042:19:HAL_UART_DMAResume	8	static
stm32f2xx_hal_uart.c:1077:19:HAL_UART_DMAStop	8	static
stm32f2xx_hal_uart.c:1129:19:HAL_UART_Abort	8	static
stm32f2xx_hal_uart.c:1193:19:HAL_UART_AbortTransmit	8	static
stm32f2xx_hal_uart.c:1235:19:HAL_UART_AbortReceive	8	static
stm32f2xx_hal_uart.c:1652:13:HAL_UART_TxCpltCallback	0	static
stm32f2xx_hal_uart.c:1994:13:UART_DMATransmitCplt	8	static
stm32f2xx_hal_uart.c:1667:13:HAL_UART_TxHalfCpltCallback	0	static
stm32f2xx_hal_uart.c:2023:13:UART_DMATxHalfCplt	8	static
stm32f2xx_hal_uart.c:1682:13:HAL_UART_RxCpltCallback	0	static
stm32f2xx_hal_uart.c:2035:13:UART_DMAReceiveCplt	8	static
stm32f2xx_hal_uart.c:1697:13:HAL_UART_RxHalfCpltCallback	0	static
stm32f2xx_hal_uart.c:2063:13:UART_DMARxHalfCplt	8	static
stm32f2xx_hal_uart.c:1712:13:HAL_UART_ErrorCallback	0	static
stm32f2xx_hal_uart.c:2075:13:UART_DMAError	8	static
stm32f2xx_hal_uart.c:1525:6:HAL_UART_IRQHandler	16	static
stm32f2xx_hal_uart.c:2173:13:UART_DMAAbortOnError	8	static
stm32f2xx_hal_uart.c:1726:13:HAL_UART_AbortCpltCallback	0	static
stm32f2xx_hal_uart.c:1280:19:HAL_UART_Abort_IT	8	static
stm32f2xx_hal_uart.c:2228:13:UART_DMARxAbortCallback	8	static
stm32f2xx_hal_uart.c:2190:13:UART_DMATxAbortCallback	8	static
stm32f2xx_hal_uart.c:1740:13:HAL_UART_AbortTransmitCpltCallback	0	static
stm32f2xx_hal_uart.c:1402:19:HAL_UART_AbortTransmit_IT	8	static
stm32f2xx_hal_uart.c:2266:13:UART_DMATxOnlyAbortCallback	8	static
stm32f2xx_hal_uart.c:1755:13:HAL_UART_AbortReceiveCpltCallback	0	static
stm32f2xx_hal_uart.c:1467:19:HAL_UART_AbortReceive_IT	8	static
stm32f2xx_hal_uart.c:2287:13:UART_DMARxOnlyAbortCallback	8	static
stm32f2xx_hal_uart.c:1792:19:HAL_LIN_SendBreak	8	static
stm32f2xx_hal_uart.c:1819:19:HAL_MultiProcessor_EnterMuteMode	8	static
stm32f2xx_hal_uart.c:1846:19:HAL_MultiProcessor_ExitMuteMode	8	static
stm32f2xx_hal_uart.c:1873:19:HAL_HalfDuplex_EnableTransmitter	8	static
stm32f2xx_hal_uart.c:1908:19:HAL_HalfDuplex_EnableReceiver	8	static
stm32f2xx_hal_uart.c:1965:23:HAL_UART_GetState	0	static
stm32f2xx_hal_uart.c:1980:10:HAL_UART_GetError	0	static
