stm32f2xx_hal_rcc.c:239:6:HAL_RCC_DeInit	8	static
stm32f2xx_hal_rcc.c:282:19:HAL_RCC_OscConfig	32	static
stm32f2xx_hal_rcc.c:604:19:HAL_RCC_ClockConfig	24	static
stm32f2xx_hal_rcc.c:788:6:HAL_RCC_MCOConfig	56	static
stm32f2xx_hal_rcc.c:842:6:HAL_RCC_EnableCSS	0	static
stm32f2xx_hal_rcc.c:851:6:HAL_RCC_DisableCSS	0	static
stm32f2xx_hal_rcc.c:886:10:HAL_RCC_GetSysClockFreq	4	static
stm32f2xx_hal_rcc.c:942:10:HAL_RCC_GetHCLKFreq	0	static
stm32f2xx_hal_rcc.c:953:10:HAL_RCC_GetPCLK1Freq	0	static
stm32f2xx_hal_rcc.c:965:10:HAL_RCC_GetPCLK2Freq	0	static
stm32f2xx_hal_rcc.c:978:6:HAL_RCC_GetOscConfig	4	static
stm32f2xx_hal_rcc.c:1057:6:HAL_RCC_GetClockConfig	4	static
stm32f2xx_hal_rcc.c:1100:13:HAL_RCC_CSSCallback	0	static
stm32f2xx_hal_rcc.c:1083:6:HAL_RCC_NMI_IRQHandler	8	static
