stm32f2xx_hal_dac.c:301:13:HAL_DAC_MspInit	0	static
stm32f2xx_hal_dac.c:228:19:HAL_DAC_Init	8	static
stm32f2xx_hal_dac.c:316:13:HAL_DAC_MspDeInit	0	static
stm32f2xx_hal_dac.c:265:19:HAL_DAC_DeInit	8	static
stm32f2xx_hal_dac.c:357:19:HAL_DAC_Start	8	static
stm32f2xx_hal_dac.c:416:19:HAL_DAC_Stop	8	static
stm32f2xx_hal_dac.c:448:19:HAL_DAC_Start_DMA	24	static
stm32f2xx_hal_dac.c:567:19:HAL_DAC_Stop_DMA	16	static
stm32f2xx_hal_dac.c:617:10:HAL_DAC_GetValue	0	static
stm32f2xx_hal_dac.c:685:13:HAL_DAC_ConvCpltCallbackCh1	0	static
stm32f2xx_hal_dac.c:905:13:DAC_DMAConvCpltCh1	8	static
stm32f2xx_hal_dac.c:700:13:HAL_DAC_ConvHalfCpltCallbackCh1	0	static
stm32f2xx_hal_dac.c:920:13:DAC_DMAHalfConvCpltCh1	8	static
stm32f2xx_hal_dac.c:715:13:HAL_DAC_ErrorCallbackCh1	0	static
stm32f2xx_hal_dac.c:933:13:DAC_DMAErrorCh1	8	static
stm32f2xx_hal_dac.c:730:13:HAL_DAC_DMAUnderrunCallbackCh1	0	static
stm32f2xx_hal_dac.c:639:6:HAL_DAC_IRQHandler	8	static
stm32f2xx_hal_dac.c:769:19:HAL_DAC_ConfigChannel	20	static
stm32f2xx_hal_dac.c:825:19:HAL_DAC_SetValue	16	static
stm32f2xx_hal_dac.c:877:22:HAL_DAC_GetState	0	static
stm32f2xx_hal_dac.c:890:10:HAL_DAC_GetError	0	static
