stm32f2xx_hal_tim.c:276:13:HAL_TIM_Base_MspInit	0	static
stm32f2xx_hal_tim.c:208:19:HAL_TIM_Base_Init	16	static
stm32f2xx_hal_tim.c:291:13:HAL_TIM_Base_MspDeInit	0	static
stm32f2xx_hal_tim.c:248:19:HAL_TIM_Base_DeInit	8	static
stm32f2xx_hal_tim.c:306:19:HAL_TIM_Base_Start	4	static
stm32f2xx_hal_tim.c:330:19:HAL_TIM_Base_Stop	0	static
stm32f2xx_hal_tim.c:354:19:HAL_TIM_Base_Start_IT	0	static
stm32f2xx_hal_tim.c:375:19:HAL_TIM_Base_Stop_IT	0	static
stm32f2xx_hal_tim.c:397:19:HAL_TIM_Base_Start_DMA	16	static
stm32f2xx_hal_tim.c:442:19:HAL_TIM_Base_Stop_DMA	0	static
stm32f2xx_hal_tim.c:559:13:HAL_TIM_OC_MspInit	0	static
stm32f2xx_hal_tim.c:491:19:HAL_TIM_OC_Init	16	static
stm32f2xx_hal_tim.c:574:13:HAL_TIM_OC_MspDeInit	0	static
stm32f2xx_hal_tim.c:531:19:HAL_TIM_OC_DeInit	8	static
stm32f2xx_hal_tim.c:595:19:HAL_TIM_OC_Start	0	static
stm32f2xx_hal_tim.c:628:19:HAL_TIM_OC_Stop	0	static
stm32f2xx_hal_tim.c:661:19:HAL_TIM_OC_Start_IT	0	static
stm32f2xx_hal_tim.c:728:19:HAL_TIM_OC_Stop_IT	0	static
stm32f2xx_hal_tim.c:797:19:HAL_TIM_OC_Start_DMA	24	static
stm32f2xx_hal_tim.c:915:19:HAL_TIM_OC_Stop_DMA	4	static
stm32f2xx_hal_tim.c:1072:13:HAL_TIM_PWM_MspInit	0	static
stm32f2xx_hal_tim.c:1004:19:HAL_TIM_PWM_Init	16	static
stm32f2xx_hal_tim.c:1087:13:HAL_TIM_PWM_MspDeInit	0	static
stm32f2xx_hal_tim.c:1044:19:HAL_TIM_PWM_DeInit	8	static
stm32f2xx_hal_tim.c:1108:19:HAL_TIM_PWM_Start	0	static
stm32f2xx_hal_tim.c:1141:19:HAL_TIM_PWM_Stop	4	static
stm32f2xx_hal_tim.c:1177:19:HAL_TIM_PWM_Start_IT	0	static
stm32f2xx_hal_tim.c:1244:19:HAL_TIM_PWM_Stop_IT	0	static
stm32f2xx_hal_tim.c:1313:19:HAL_TIM_PWM_Start_DMA	24	static
stm32f2xx_hal_tim.c:1431:19:HAL_TIM_PWM_Stop_DMA	4	static
stm32f2xx_hal_tim.c:1588:13:HAL_TIM_IC_MspInit	0	static
stm32f2xx_hal_tim.c:1520:19:HAL_TIM_IC_Init	16	static
stm32f2xx_hal_tim.c:1603:13:HAL_TIM_IC_MspDeInit	0	static
stm32f2xx_hal_tim.c:1560:19:HAL_TIM_IC_DeInit	8	static
stm32f2xx_hal_tim.c:1624:19:HAL_TIM_IC_Start	0	static
stm32f2xx_hal_tim.c:1651:19:HAL_TIM_IC_Stop	4	static
stm32f2xx_hal_tim.c:1678:19:HAL_TIM_IC_Start_IT	0	static
stm32f2xx_hal_tim.c:1738:19:HAL_TIM_IC_Stop_IT	4	static
stm32f2xx_hal_tim.c:1801:19:HAL_TIM_IC_Start_DMA	24	static
stm32f2xx_hal_tim.c:1915:19:HAL_TIM_IC_Stop_DMA	8	static
stm32f2xx_hal_tim.c:2078:13:HAL_TIM_OnePulse_MspInit	0	static
stm32f2xx_hal_tim.c:2003:19:HAL_TIM_OnePulse_Init	24	static
stm32f2xx_hal_tim.c:2093:13:HAL_TIM_OnePulse_MspDeInit	0	static
stm32f2xx_hal_tim.c:2050:19:HAL_TIM_OnePulse_DeInit	8	static
stm32f2xx_hal_tim.c:2112:19:HAL_TIM_OnePulse_Start	0	static
stm32f2xx_hal_tim.c:2149:19:HAL_TIM_OnePulse_Stop	0	static
stm32f2xx_hal_tim.c:2186:19:HAL_TIM_OnePulse_Start_IT	0	static
stm32f2xx_hal_tim.c:2229:19:HAL_TIM_OnePulse_Stop_IT	0	static
stm32f2xx_hal_tim.c:2412:13:HAL_TIM_Encoder_MspInit	0	static
stm32f2xx_hal_tim.c:2292:19:HAL_TIM_Encoder_Init	32	static
stm32f2xx_hal_tim.c:2427:13:HAL_TIM_Encoder_MspDeInit	0	static
stm32f2xx_hal_tim.c:2384:19:HAL_TIM_Encoder_DeInit	8	static
stm32f2xx_hal_tim.c:2447:19:HAL_TIM_Encoder_Start	0	static
stm32f2xx_hal_tim.c:2490:19:HAL_TIM_Encoder_Stop	0	static
stm32f2xx_hal_tim.c:2534:19:HAL_TIM_Encoder_Start_IT	0	static
stm32f2xx_hal_tim.c:2583:19:HAL_TIM_Encoder_Stop_IT	0	static
stm32f2xx_hal_tim.c:2638:19:HAL_TIM_Encoder_Start_DMA	24	static
stm32f2xx_hal_tim.c:2756:19:HAL_TIM_Encoder_Stop_DMA	0	static
stm32f2xx_hal_tim.c:2982:19:HAL_TIM_OC_ConfigChannel	20	static
stm32f2xx_hal_tim.c:3052:19:HAL_TIM_IC_ConfigChannel	20	static
stm32f2xx_hal_tim.c:3149:19:HAL_TIM_PWM_ConfigChannel	20	static
stm32f2xx_hal_tim.c:3250:19:HAL_TIM_OnePulse_ConfigChannel	36	static
stm32f2xx_hal_tim.c:3387:19:HAL_TIM_DMABurst_WriteStart	24	static
stm32f2xx_hal_tim.c:3519:19:HAL_TIM_DMABurst_WriteStop	16	static
stm32f2xx_hal_tim.c:3612:19:HAL_TIM_DMABurst_ReadStart	24	static
stm32f2xx_hal_tim.c:3745:19:HAL_TIM_DMABurst_ReadStop	16	static
stm32f2xx_hal_tim.c:3818:19:HAL_TIM_GenerateEvent	8	static
stm32f2xx_hal_tim.c:3856:19:HAL_TIM_ConfigOCrefClear	16	static
stm32f2xx_hal_tim.c:3959:19:HAL_TIM_ConfigClockSource	16	static
stm32f2xx_hal_tim.c:4120:19:HAL_TIM_ConfigTI1Input	0	static
stm32f2xx_hal_tim.c:4153:19:HAL_TIM_SlaveConfigSynchronization	12	static
stm32f2xx_hal_tim.c:4188:19:HAL_TIM_SlaveConfigSynchronization_IT	12	static
stm32f2xx_hal_tim.c:4227:10:HAL_TIM_ReadCapturedValue	0	static
stm32f2xx_hal_tim.c:4314:13:HAL_TIM_PeriodElapsedCallback	0	static
stm32f2xx_hal_tim.c:4776:13:TIM_DMAPeriodElapsedCplt	8	static
stm32f2xx_hal_tim.c:4329:13:HAL_TIM_OC_DelayElapsedCallback	0	static
stm32f2xx_hal_tim.c:4344:13:HAL_TIM_IC_CaptureCallback	0	static
stm32f2xx_hal_tim.c:4712:6:TIM_DMACaptureCplt	8	static
stm32f2xx_hal_tim.c:4359:13:HAL_TIM_PWM_PulseFinishedCallback	0	static
stm32f2xx_hal_tim.c:4663:6:TIM_DMADelayPulseCplt	8	static
stm32f2xx_hal_tim.c:4374:13:HAL_TIM_TriggerCallback	0	static
stm32f2xx_hal_tim.c:2819:6:HAL_TIM_IRQHandler	8	static
stm32f2xx_hal_tim.c:4791:13:TIM_DMATriggerCplt	8	static
stm32f2xx_hal_tim.c:4389:13:HAL_TIM_ErrorCallback	0	static
stm32f2xx_hal_tim.c:4697:6:TIM_DMAError	8	static
stm32f2xx_hal_tim.c:4422:22:HAL_TIM_Base_GetState	0	static
stm32f2xx_hal_tim.c:4433:22:HAL_TIM_OC_GetState	0	static
stm32f2xx_hal_tim.c:4444:22:HAL_TIM_PWM_GetState	0	static
stm32f2xx_hal_tim.c:4455:22:HAL_TIM_IC_GetState	0	static
stm32f2xx_hal_tim.c:4466:22:HAL_TIM_OnePulse_GetState	0	static
stm32f2xx_hal_tim.c:4477:22:HAL_TIM_Encoder_GetState	0	static
stm32f2xx_hal_tim.c:4491:6:TIM_Base_SetConfig	12	static
stm32f2xx_hal_tim.c:4554:6:TIM_TI1_SetConfig	12	static
stm32f2xx_hal_tim.c:4596:6:TIM_OC2_SetConfig	16	static
stm32f2xx_hal_tim.c:4753:6:TIM_CCxChannelCmd	4	static
