Archive member included to satisfy reference by file (symbol)

c:/ac6/systemworkbench/plugins/fr.ac6.mcu.externaltools.arm-none.win32_1.13.3.201707031232/tools/compiler/bin/../lib/gcc/arm-none-eabi/5.4.1/armv7-m\libgcc.a(_arm_addsubsf3.o)
                              Src/config_ramp.o (__aeabi_fsub)
c:/ac6/systemworkbench/plugins/fr.ac6.mcu.externaltools.arm-none.win32_1.13.3.201707031232/tools/compiler/bin/../lib/gcc/arm-none-eabi/5.4.1/armv7-m\libgcc.a(_arm_muldivsf3.o)
                              Src/config_ramp.o (__aeabi_fmul)
c:/ac6/systemworkbench/plugins/fr.ac6.mcu.externaltools.arm-none.win32_1.13.3.201707031232/tools/compiler/bin/../lib/gcc/arm-none-eabi/5.4.1/armv7-m\libgcc.a(_arm_fixunssfsi.o)
                              Src/config_ramp.o (__aeabi_f2uiz)
c:/ac6/systemworkbench/plugins/fr.ac6.mcu.externaltools.arm-none.win32_1.13.3.201707031232/tools/compiler/bin/../lib/gcc/arm-none-eabi/5.4.1/../../../../arm-none-eabi/lib/armv7-m\libc_nano.a(lib_a-atoi.o)
                              Src/config_commands.o (atoi)
c:/ac6/systemworkbench/plugins/fr.ac6.mcu.externaltools.arm-none.win32_1.13.3.201707031232/tools/compiler/bin/../lib/gcc/arm-none-eabi/5.4.1/../../../../arm-none-eabi/lib/armv7-m\libc_nano.a(lib_a-exit.o)
                              c:/ac6/systemworkbench/plugins/fr.ac6.mcu.externaltools.arm-none.win32_1.13.3.201707031232/tools/compiler/bin/../lib/gcc/arm-none-eabi/5.4.1/../../../../arm-none-eabi/lib/armv7-m/crt0.o (exit)
c:/ac6/systemworkbench/plugins/fr.ac6.mcu.externaltools.arm-none.win32_1.13.3.201707031232/tools/compiler/bin/../lib/gcc/arm-none-eabi/5.4.1/../../../../arm-none-eabi/lib/armv7-m\libc_nano.a(lib_a-impure.o)
                              c:/ac6/systemworkbench/plugins/fr.ac6.mcu.externaltools.arm-none.win32_1.13.3.201707031232/tools/compiler/bin/../lib/gcc/arm-none-eabi/5.4.1/../../../../arm-none-eabi/lib/armv7-m\libc_nano.a(lib_a-exit.o) (_global_impure_ptr)
c:/ac6/systemworkbench/plugins/fr.ac6.mcu.externaltools.arm-none.win32_1.13.3.201707031232/tools/compiler/bin/../lib/gcc/arm-none-eabi/5.4.1/../../../../arm-none-eabi/lib/armv7-m\libc_nano.a(lib_a-init.o)
                              c:/ac6/systemworkbench/plugins/fr.ac6.mcu.externaltools.arm-none.win32_1.13.3.201707031232/tools/compiler/bin/../lib/gcc/arm-none-eabi/5.4.1/../../../../arm-none-eabi/lib/armv7-m/crt0.o (__libc_init_array)
c:/ac6/systemworkbench/plugins/fr.ac6.mcu.externaltools.arm-none.win32_1.13.3.201707031232/tools/compiler/bin/../lib/gcc/arm-none-eabi/5.4.1/../../../../arm-none-eabi/lib/armv7-m\libc_nano.a(lib_a-malloc.o)
                              Middlewares/ST/STM32_USB_Device_Library/Class/CDC/Src/usbd_cdc.o (malloc)
c:/ac6/systemworkbench/plugins/fr.ac6.mcu.externaltools.arm-none.win32_1.13.3.201707031232/tools/compiler/bin/../lib/gcc/arm-none-eabi/5.4.1/../../../../arm-none-eabi/lib/armv7-m\libc_nano.a(lib_a-memcpy-stub.o)
                              Middlewares/Third_Party/FreeRTOS/Source/queue.o (memcpy)
c:/ac6/systemworkbench/plugins/fr.ac6.mcu.externaltools.arm-none.win32_1.13.3.201707031232/tools/compiler/bin/../lib/gcc/arm-none-eabi/5.4.1/../../../../arm-none-eabi/lib/armv7-m\libc_nano.a(lib_a-memset.o)
                              c:/ac6/systemworkbench/plugins/fr.ac6.mcu.externaltools.arm-none.win32_1.13.3.201707031232/tools/compiler/bin/../lib/gcc/arm-none-eabi/5.4.1/../../../../arm-none-eabi/lib/armv7-m/crt0.o (memset)
c:/ac6/systemworkbench/plugins/fr.ac6.mcu.externaltools.arm-none.win32_1.13.3.201707031232/tools/compiler/bin/../lib/gcc/arm-none-eabi/5.4.1/../../../../arm-none-eabi/lib/armv7-m\libc_nano.a(lib_a-nano-freer.o)
                              c:/ac6/systemworkbench/plugins/fr.ac6.mcu.externaltools.arm-none.win32_1.13.3.201707031232/tools/compiler/bin/../lib/gcc/arm-none-eabi/5.4.1/../../../../arm-none-eabi/lib/armv7-m\libc_nano.a(lib_a-malloc.o) (_free_r)
c:/ac6/systemworkbench/plugins/fr.ac6.mcu.externaltools.arm-none.win32_1.13.3.201707031232/tools/compiler/bin/../lib/gcc/arm-none-eabi/5.4.1/../../../../arm-none-eabi/lib/armv7-m\libc_nano.a(lib_a-nano-mallocr.o)
                              c:/ac6/systemworkbench/plugins/fr.ac6.mcu.externaltools.arm-none.win32_1.13.3.201707031232/tools/compiler/bin/../lib/gcc/arm-none-eabi/5.4.1/../../../../arm-none-eabi/lib/armv7-m\libc_nano.a(lib_a-malloc.o) (_malloc_r)
c:/ac6/systemworkbench/plugins/fr.ac6.mcu.externaltools.arm-none.win32_1.13.3.201707031232/tools/compiler/bin/../lib/gcc/arm-none-eabi/5.4.1/../../../../arm-none-eabi/lib/armv7-m\libc_nano.a(lib_a-sbrkr.o)
                              c:/ac6/systemworkbench/plugins/fr.ac6.mcu.externaltools.arm-none.win32_1.13.3.201707031232/tools/compiler/bin/../lib/gcc/arm-none-eabi/5.4.1/../../../../arm-none-eabi/lib/armv7-m\libc_nano.a(lib_a-nano-mallocr.o) (_sbrk_r)
[...]
Memory Configuration

Name             Origin             Length             Attributes
RAM              0x20000000         0x00020000         xrw
FLASH            0x08000000         0x00080000         xr
*default*        0x00000000         0xffffffff

Linker script and memory map

LOAD c:/ac6/systemworkbench/plugins/fr.ac6.mcu.externaltools.arm-none.win32_1.13.3.201707031232/tools/compiler/bin/../lib/gcc/arm-none-eabi/5.4.1/armv7-m/crti.o
LOAD c:/ac6/systemworkbench/plugins/fr.ac6.mcu.externaltools.arm-none.win32_1.13.3.201707031232/tools/compiler/bin/../lib/gcc/arm-none-eabi/5.4.1/armv7-m/crtbegin.o
LOAD c:/ac6/systemworkbench/plugins/fr.ac6.mcu.externaltools.arm-none.win32_1.13.3.201707031232/tools/compiler/bin/../lib/gcc/arm-none-eabi/5.4.1/../../../../arm-none-eabi/lib/armv7-m/crt0.o
LOAD Drivers/STM32F2xx_HAL_Driver/Src/stm32f2xx_hal.o
LOAD Drivers/STM32F2xx_HAL_Driver/Src/stm32f2xx_hal_adc.o
LOAD Drivers/STM32F2xx_HAL_Driver/Src/stm32f2xx_hal_adc_ex.o
LOAD Drivers/STM32F2xx_HAL_Driver/Src/stm32f2xx_hal_cortex.o
LOAD Drivers/STM32F2xx_HAL_Driver/Src/stm32f2xx_hal_dac.o
LOAD Drivers/STM32F2xx_HAL_Driver/Src/stm32f2xx_hal_dac_ex.o
LOAD Drivers/STM32F2xx_HAL_Driver/Src/stm32f2xx_hal_dma.o
LOAD Drivers/STM32F2xx_HAL_Driver/Src/stm32f2xx_hal_dma_ex.o
LOAD Drivers/STM32F2xx_HAL_Driver/Src/stm32f2xx_hal_flash.o
LOAD Drivers/STM32F2xx_HAL_Driver/Src/stm32f2xx_hal_flash_ex.o
LOAD Drivers/STM32F2xx_HAL_Driver/Src/stm32f2xx_hal_gpio.o
LOAD Drivers/STM32F2xx_HAL_Driver/Src/stm32f2xx_hal_pcd.o
LOAD Drivers/STM32F2xx_HAL_Driver/Src/stm32f2xx_hal_pcd_ex.o
LOAD Drivers/STM32F2xx_HAL_Driver/Src/stm32f2xx_hal_pwr.o
LOAD Drivers/STM32F2xx_HAL_Driver/Src/stm32f2xx_hal_pwr_ex.o
LOAD Drivers/STM32F2xx_HAL_Driver/Src/stm32f2xx_hal_rcc.o
LOAD Drivers/STM32F2xx_HAL_Driver/Src/stm32f2xx_hal_rcc_ex.o
LOAD Drivers/STM32F2xx_HAL_Driver/Src/stm32f2xx_hal_spi.o
LOAD Drivers/STM32F2xx_HAL_Driver/Src/stm32f2xx_hal_tim.o
LOAD Drivers/STM32F2xx_HAL_Driver/Src/stm32f2xx_hal_tim_ex.o
LOAD Drivers/STM32F2xx_HAL_Driver/Src/stm32f2xx_hal_uart.o
LOAD Drivers/STM32F2xx_HAL_Driver/Src/stm32f2xx_ll_usb.o
LOAD Middlewares/ST/STM32_USB_Device_Library/Class/CDC/Src/usbd_cdc.o
LOAD Middlewares/ST/STM32_USB_Device_Library/Core/Src/usbd_core.o
LOAD Middlewares/ST/STM32_USB_Device_Library/Core/Src/usbd_ctlreq.o
LOAD Middlewares/ST/STM32_USB_Device_Library/Core/Src/usbd_ioreq.o
LOAD Middlewares/Third_Party/FreeRTOS/Source/CMSIS_RTOS/cmsis_os.o
LOAD Middlewares/Third_Party/FreeRTOS/Source/croutine.o
LOAD Middlewares/Third_Party/FreeRTOS/Source/event_groups.o
LOAD Middlewares/Third_Party/FreeRTOS/Source/list.o
LOAD Middlewares/Third_Party/FreeRTOS/Source/queue.o
LOAD Middlewares/Third_Party/FreeRTOS/Source/tasks.o
LOAD Middlewares/Third_Party/FreeRTOS/Source/timers.o
LOAD Middlewares/Third_Party/FreeRTOS/Source/portable/GCC/ARM_CM3/port.o
LOAD Middlewares/Third_Party/FreeRTOS/Source/portable/MemMang/heap_4.o
LOAD Src/adc.o
LOAD Src/command_receive.o
LOAD Src/comms_process.o
LOAD Src/config_commands.o
LOAD Src/config_ramp.o
LOAD Src/dac.o
LOAD Src/dma.o
LOAD Src/freertos.o
LOAD Src/gpio.o
LOAD Src/main.o
LOAD Src/main_process.o
LOAD Src/pga.o
LOAD Src/spi.o
LOAD Src/stm32f2xx_hal_msp.o
LOAD Src/stm32f2xx_it.o
LOAD Src/strfunc.o
LOAD Src/system_stm32f2xx.o
LOAD Src/tim.o
LOAD Src/usart.o
LOAD Src/usb_device.o
LOAD Src/usbd_cdc_if.o
LOAD Src/usbd_conf.o
LOAD Src/usbd_desc.o
LOAD startup/startup_stm32f205xx.o
LOAD c:/ac6/systemworkbench/plugins/fr.ac6.mcu.externaltools.arm-none.win32_1.13.3.201707031232/tools/compiler/bin/../lib/gcc/arm-none-eabi/5.4.1/../../../../arm-none-eabi/lib/armv7-m\libm.a
START GROUP
LOAD c:/ac6/systemworkbench/plugins/fr.ac6.mcu.externaltools.arm-none.win32_1.13.3.201707031232/tools/compiler/bin/../lib/gcc/arm-none-eabi/5.4.1/armv7-m\libgcc.a
LOAD c:/ac6/systemworkbench/plugins/fr.ac6.mcu.externaltools.arm-none.win32_1.13.3.201707031232/tools/compiler/bin/../lib/gcc/arm-none-eabi/5.4.1/../../../../arm-none-eabi/lib/armv7-m\libc_nano.a
END GROUP
START GROUP
LOAD c:/ac6/systemworkbench/plugins/fr.ac6.mcu.externaltools.arm-none.win32_1.13.3.201707031232/tools/compiler/bin/../lib/gcc/arm-none-eabi/5.4.1/armv7-m\libgcc.a
LOAD c:/ac6/systemworkbench/plugins/fr.ac6.mcu.externaltools.arm-none.win32_1.13.3.201707031232/tools/compiler/bin/../lib/gcc/arm-none-eabi/5.4.1/../../../../arm-none-eabi/lib/armv7-m\libc_nano.a
LOAD c:/ac6/systemworkbench/plugins/fr.ac6.mcu.externaltools.arm-none.win32_1.13.3.201707031232/tools/compiler/bin/../lib/gcc/arm-none-eabi/5.4.1/../../../../arm-none-eabi/lib/armv7-m\libnosys.a
END GROUP
START GROUP
LOAD c:/ac6/systemworkbench/plugins/fr.ac6.mcu.externaltools.arm-none.win32_1.13.3.201707031232/tools/compiler/bin/../lib/gcc/arm-none-eabi/5.4.1/armv7-m\libgcc.a
LOAD c:/ac6/systemworkbench/plugins/fr.ac6.mcu.externaltools.arm-none.win32_1.13.3.201707031232/tools/compiler/bin/../lib/gcc/arm-none-eabi/5.4.1/../../../../arm-none-eabi/lib/armv7-m\libc_nano.a
LOAD c:/ac6/systemworkbench/plugins/fr.ac6.mcu.externaltools.arm-none.win32_1.13.3.201707031232/tools/compiler/bin/../lib/gcc/arm-none-eabi/5.4.1/../../../../arm-none-eabi/lib/armv7-m\libnosys.a
END GROUP
LOAD c:/ac6/systemworkbench/plugins/fr.ac6.mcu.externaltools.arm-none.win32_1.13.3.201707031232/tools/compiler/bin/../lib/gcc/arm-none-eabi/5.4.1/armv7-m/crtend.o
LOAD c:/ac6/systemworkbench/plugins/fr.ac6.mcu.externaltools.arm-none.win32_1.13.3.201707031232/tools/compiler/bin/../lib/gcc/arm-none-eabi/5.4.1/armv7-m/crtn.o
                0x20020000                _estack = 0x20020000
                0x00002000                _Min_Heap_Size = 0x2000
                0x00004000                _Min_Stack_Size = 0x4000

.isr_vector     0x08000000      0x184
                0x08000000                . = ALIGN (0x4)
 *(.isr_vector)
 .isr_vector    0x08000000      0x184 startup/startup_stm32f205xx.o
                0x08000000                g_pfnVectors
                0x08000184                . = ALIGN (0x4)

.text           0x08000190     0x8b6c
                0x08000190                . = ALIGN (0x4)
 *(.text)
 .text          0x08000190       0x5c c:/ac6/systemworkbench/plugins/fr.ac6.mcu.externaltools.arm-none.win32_1.13.3.201707031232/tools/compiler/bin/../lib/gcc/arm-none-eabi/5.4.1/armv7-m/crtbegin.o
 .text          0x080001ec      0x21c c:/ac6/systemworkbench/plugins/fr.ac6.mcu.externaltools.arm-none.win32_1.13.3.201707031232/tools/compiler/bin/../lib/gcc/arm-none-eabi/5.4.1/armv7-m\libgcc.a(_arm_addsubsf3.o)
                0x080001ec                __aeabi_frsub
                0x080001f4                __subsf3
                0x080001f4                __aeabi_fsub
                0x080001f8                __aeabi_fadd
                0x080001f8                __addsf3
                0x08000358                __aeabi_ui2f
                0x08000358                __floatunsisf
                0x08000360                __aeabi_i2f
                0x08000360                __floatsisf
                0x0800037c                __aeabi_ul2f
                0x0800037c                __floatundisf
                0x0800038c                __aeabi_l2f
                0x0800038c                __floatdisf
 .text          0x08000408      0x2a0 c:/ac6/systemworkbench/plugins/fr.ac6.mcu.externaltools.arm-none.win32_1.13.3.201707031232/tools/compiler/bin/../lib/gcc/arm-none-eabi/5.4.1/armv7-m\libgcc.a(_arm_muldivsf3.o)
                0x08000408                __mulsf3
                0x08000408                __aeabi_fmul
                0x08000570                __aeabi_fdiv
                0x08000570                __divsf3
 .text          0x080006a8       0x40 c:/ac6/systemworkbench/plugins/fr.ac6.mcu.externaltools.arm-none.win32_1.13.3.201707031232/tools/compiler/bin/../lib/gcc/arm-none-eabi/5.4.1/armv7-m\libgcc.a(_arm_fixunssfsi.o)
                0x080006a8                __fixunssfsi
                0x080006a8                __aeabi_f2uiz
 .text          0x080006e8       0x14 c:/ac6/systemworkbench/plugins/fr.ac6.mcu.externaltools.arm-none.win32_1.13.3.201707031232/tools/compiler/bin/../lib/gcc/arm-none-eabi/5.4.1/../../../../arm-none-eabi/lib/armv7-m\libc_nano.a(lib_a-strcmp.o)
                0x080006e8                strcmp
 *(.text*)
 .text.HAL_InitTick
                0x080006fc       0x2c Drivers/STM32F2xx_HAL_Driver/Src/stm32f2xx_hal.o
                0x080006fc                HAL_InitTick
 .text.HAL_Init
                0x08000728       0x34 Drivers/STM32F2xx_HAL_Driver/Src/stm32f2xx_hal.o
                0x08000728                HAL_Init
 .text.HAL_IncTick
                0x0800075c       0x10 Drivers/STM32F2xx_HAL_Driver/Src/stm32f2xx_hal.o
                0x0800075c                HAL_IncTick
 .text.HAL_GetTick
                0x0800076c        0xc Drivers/STM32F2xx_HAL_Driver/Src/stm32f2xx_hal.o
                0x0800076c                HAL_GetTick
 .text.HAL_Delay
                0x08000778       0x24 Drivers/STM32F2xx_HAL_Driver/Src/stm32f2xx_hal.o
                0x08000778                HAL_Delay
 .text.ADC_Init
                0x0800079c      0x138 Drivers/STM32F2xx_HAL_Driver/Src/stm32f2xx_hal_adc.o
 .text.HAL_ADC_Init
                0x080008d4       0x54 Drivers/STM32F2xx_HAL_Driver/Src/stm32f2xx_hal_adc.o
                0x080008d4                HAL_ADC_Init
 .text.HAL_ADC_Start
                0x08000928       0xf8 Drivers/STM32F2xx_HAL_Driver/Src/stm32f2xx_hal_adc.o
                0x08000928                HAL_ADC_Start
 .text.HAL_ADC_Start_DMA
                0x08000a20      0x140 Drivers/STM32F2xx_HAL_Driver/Src/stm32f2xx_hal_adc.o
                0x08000a20                HAL_ADC_Start_DMA
 .text.HAL_ADC_Stop_DMA
                0x08000b60       0x60 Drivers/STM32F2xx_HAL_Driver/Src/stm32f2xx_hal_adc.o
                0x08000b60                HAL_ADC_Stop_DMA
 .text.HAL_ADC_GetValue
                0x08000bc0        0x8 Drivers/STM32F2xx_HAL_Driver/Src/stm32f2xx_hal_adc.o
                0x08000bc0                HAL_ADC_GetValue
 .text.ADC_DMAConvCplt
                0x08000bc8       0x64 Drivers/STM32F2xx_HAL_Driver/Src/stm32f2xx_hal_adc.o
 .text.ADC_DMAHalfConvCplt
                0x08000c2c        0xc Drivers/STM32F2xx_HAL_Driver/Src/stm32f2xx_hal_adc.o
 .text.HAL_ADC_LevelOutOfWindowCallback
                0x08000c38        0x4 Drivers/STM32F2xx_HAL_Driver/Src/stm32f2xx_hal_adc.o
                0x08000c38                HAL_ADC_LevelOutOfWindowCallback
 .text.HAL_ADC_IRQHandler
                0x08000c3c      0x14c Drivers/STM32F2xx_HAL_Driver/Src/stm32f2xx_hal_adc.o
                0x08000c3c                HAL_ADC_IRQHandler
 .text.ADC_DMAError
                0x08000d88       0x18 Drivers/STM32F2xx_HAL_Driver/Src/stm32f2xx_hal_adc.o
 .text.HAL_ADC_ConfigChannel
                0x08000da0      0x18c Drivers/STM32F2xx_HAL_Driver/Src/stm32f2xx_hal_adc.o
                0x08000da0                HAL_ADC_ConfigChannel
 .text.HAL_ADCEx_InjectedConvCpltCallback
                0x08000f2c        0x4 Drivers/STM32F2xx_HAL_Driver/Src/stm32f2xx_hal_adc_ex.o
                0x08000f2c                HAL_ADCEx_InjectedConvCpltCallback
 .text.HAL_NVIC_SetPriorityGrouping
                0x08000f30       0x24 Drivers/STM32F2xx_HAL_Driver/Src/stm32f2xx_hal_cortex.o
                0x08000f30                HAL_NVIC_SetPriorityGrouping
 .text.HAL_NVIC_SetPriority
                0x08000f54       0x64 Drivers/STM32F2xx_HAL_Driver/Src/stm32f2xx_hal_cortex.o
                0x08000f54                HAL_NVIC_SetPriority
 .text.HAL_NVIC_EnableIRQ
                0x08000fb8       0x18 Drivers/STM32F2xx_HAL_Driver/Src/stm32f2xx_hal_cortex.o
                0x08000fb8                HAL_NVIC_EnableIRQ
 .text.HAL_SYSTICK_Config
                0x08000fd0       0x2c Drivers/STM32F2xx_HAL_Driver/Src/stm32f2xx_hal_cortex.o
                0x08000fd0                HAL_SYSTICK_Config
 .text.HAL_SYSTICK_CLKSourceConfig
                0x08000ffc       0x20 Drivers/STM32F2xx_HAL_Driver/Src/stm32f2xx_hal_cortex.o
                0x08000ffc                HAL_SYSTICK_CLKSourceConfig
 .text.HAL_DAC_Init
                0x0800101c       0x28 Drivers/STM32F2xx_HAL_Driver/Src/stm32f2xx_hal_dac.o
                0x0800101c                HAL_DAC_Init
 .text.HAL_DAC_Start_DMA
                0x08001044       0xec Drivers/STM32F2xx_HAL_Driver/Src/stm32f2xx_hal_dac.o
                0x08001044                HAL_DAC_Start_DMA
 .text.HAL_DAC_Stop_DMA
                0x08001130       0x40 Drivers/STM32F2xx_HAL_Driver/Src/stm32f2xx_hal_dac.o
                0x08001130                HAL_DAC_Stop_DMA
 .text.HAL_DAC_ConvCpltCallbackCh1
                0x08001170        0x4 Drivers/STM32F2xx_HAL_Driver/Src/stm32f2xx_hal_dac.o
                0x08001170                HAL_DAC_ConvCpltCallbackCh1
 .text.DAC_DMAConvCpltCh1
                0x08001174       0x10 Drivers/STM32F2xx_HAL_Driver/Src/stm32f2xx_hal_dac.o
 .text.HAL_DAC_ConvHalfCpltCallbackCh1
                0x08001184        0x4 Drivers/STM32F2xx_HAL_Driver/Src/stm32f2xx_hal_dac.o
                0x08001184                HAL_DAC_ConvHalfCpltCallbackCh1
 .text.DAC_DMAHalfConvCpltCh1
                0x08001188        0xc Drivers/STM32F2xx_HAL_Driver/Src/stm32f2xx_hal_dac.o
 .text.DAC_DMAErrorCh1
                0x08001194       0x18 Drivers/STM32F2xx_HAL_Driver/Src/stm32f2xx_hal_dac.o
 .text.HAL_DAC_DMAUnderrunCallbackCh1
                0x080011ac        0x4 Drivers/STM32F2xx_HAL_Driver/Src/stm32f2xx_hal_dac.o
                0x080011ac                HAL_DAC_DMAUnderrunCallbackCh1
 .text.HAL_DAC_IRQHandler
                0x080011b0       0x5c Drivers/STM32F2xx_HAL_Driver/Src/stm32f2xx_hal_dac.o
                0x080011b0                HAL_DAC_IRQHandler
 .text.HAL_DAC_ConfigChannel
                0x0800120c       0x4c Drivers/STM32F2xx_HAL_Driver/Src/stm32f2xx_hal_dac.o
                0x0800120c                HAL_DAC_ConfigChannel
 .text.HAL_DACEx_ConvCpltCallbackCh2
                0x08001258        0x4 Drivers/STM32F2xx_HAL_Driver/Src/stm32f2xx_hal_dac_ex.o
                0x08001258                HAL_DACEx_ConvCpltCallbackCh2
 .text.HAL_DACEx_ConvHalfCpltCallbackCh2
                0x0800125c        0x4 Drivers/STM32F2xx_HAL_Driver/Src/stm32f2xx_hal_dac_ex.o
                0x0800125c                HAL_DACEx_ConvHalfCpltCallbackCh2
 .text.HAL_DACEx_ErrorCallbackCh2
                0x08001260        0x4 Drivers/STM32F2xx_HAL_Driver/Src/stm32f2xx_hal_dac_ex.o
                0x08001260                HAL_DACEx_ErrorCallbackCh2
 .text.HAL_DACEx_DMAUnderrunCallbackCh2
                0x08001264        0x4 Drivers/STM32F2xx_HAL_Driver/Src/stm32f2xx_hal_dac_ex.o
                0x08001264                HAL_DACEx_DMAUnderrunCallbackCh2
 .text.DAC_DMAConvCpltCh2
                0x08001268       0x10 Drivers/STM32F2xx_HAL_Driver/Src/stm32f2xx_hal_dac_ex.o
                0x08001268                DAC_DMAConvCpltCh2
 .text.DAC_DMAHalfConvCpltCh2
                0x08001278        0xc Drivers/STM32F2xx_HAL_Driver/Src/stm32f2xx_hal_dac_ex.o
                0x08001278                DAC_DMAHalfConvCpltCh2
 .text.DAC_DMAErrorCh2
                0x08001284       0x18 Drivers/STM32F2xx_HAL_Driver/Src/stm32f2xx_hal_dac_ex.o
                0x08001284                DAC_DMAErrorCh2
 .text.DMA_SetConfig
                0x0800129c       0x2c Drivers/STM32F2xx_HAL_Driver/Src/stm32f2xx_hal_dma.o
 .text.DMA_CalcBaseAndBitshift
                0x080012c8       0x3c Drivers/STM32F2xx_HAL_Driver/Src/stm32f2xx_hal_dma.o
 .text.DMA_CheckFifoParam
                0x08001304       0x90 Drivers/STM32F2xx_HAL_Driver/Src/stm32f2xx_hal_dma.o
 .text.HAL_DMA_Init
                0x08001394       0xd0 Drivers/STM32F2xx_HAL_Driver/Src/stm32f2xx_hal_dma.o
                0x08001394                HAL_DMA_Init
 .text.HAL_DMA_Start_IT
                0x08001464       0x7c Drivers/STM32F2xx_HAL_Driver/Src/stm32f2xx_hal_dma.o
                0x08001464                HAL_DMA_Start_IT
 .text.HAL_DMA_Abort
                0x080014e0       0x94 Drivers/STM32F2xx_HAL_Driver/Src/stm32f2xx_hal_dma.o
                0x080014e0                HAL_DMA_Abort
 .text.HAL_DMA_IRQHandler
                0x08001574      0x1e0 Drivers/STM32F2xx_HAL_Driver/Src/stm32f2xx_hal_dma.o
                0x08001574                HAL_DMA_IRQHandler
 .text.HAL_GPIO_Init
                0x08001754      0x1cc Drivers/STM32F2xx_HAL_Driver/Src/stm32f2xx_hal_gpio.o
                0x08001754                HAL_GPIO_Init
 .text.HAL_GPIO_WritePin
                0x08001920        0xc Drivers/STM32F2xx_HAL_Driver/Src/stm32f2xx_hal_gpio.o
                0x08001920                HAL_GPIO_WritePin
 .text.HAL_GPIO_TogglePin
                0x0800192c        0x8 Drivers/STM32F2xx_HAL_Driver/Src/stm32f2xx_hal_gpio.o
                0x0800192c                HAL_GPIO_TogglePin
 .text.PCD_WriteEmptyTxFifo
                0x08001934       0xb0 Drivers/STM32F2xx_HAL_Driver/Src/stm32f2xx_hal_pcd.o
 .text.HAL_PCD_Init
                0x080019e4       0xdc Drivers/STM32F2xx_HAL_Driver/Src/stm32f2xx_hal_pcd.o
                0x080019e4                HAL_PCD_Init
 .text.HAL_PCD_Start
                0x08001ac0       0x2c Drivers/STM32F2xx_HAL_Driver/Src/stm32f2xx_hal_pcd.o
                0x08001ac0                HAL_PCD_Start
 .text.HAL_PCD_IRQHandler
                0x08001aec      0x564 Drivers/STM32F2xx_HAL_Driver/Src/stm32f2xx_hal_pcd.o
                0x08001aec                HAL_PCD_IRQHandler
 .text.HAL_PCD_SetAddress
                0x08002050       0x24 Drivers/STM32F2xx_HAL_Driver/Src/stm32f2xx_hal_pcd.o
                0x08002050                HAL_PCD_SetAddress
 .text.HAL_PCD_EP_Open
                0x08002074       0x68 Drivers/STM32F2xx_HAL_Driver/Src/stm32f2xx_hal_pcd.o
                0x08002074                HAL_PCD_EP_Open
 .text.HAL_PCD_EP_Close
                0x080020dc       0x58 Drivers/STM32F2xx_HAL_Driver/Src/stm32f2xx_hal_pcd.o
                0x080020dc                HAL_PCD_EP_Close
 .text.HAL_PCD_EP_Receive
                0x08002134       0x58 Drivers/STM32F2xx_HAL_Driver/Src/stm32f2xx_hal_pcd.o
                0x08002134                HAL_PCD_EP_Receive
 .text.HAL_PCD_EP_GetRxCount
                0x0800218c       0x14 Drivers/STM32F2xx_HAL_Driver/Src/stm32f2xx_hal_pcd.o
                0x0800218c                HAL_PCD_EP_GetRxCount
 .text.HAL_PCD_EP_Transmit
                0x080021a0       0x50 Drivers/STM32F2xx_HAL_Driver/Src/stm32f2xx_hal_pcd.o
                0x080021a0                HAL_PCD_EP_Transmit
 .text.HAL_PCD_EP_SetStall
                0x080021f0       0x64 Drivers/STM32F2xx_HAL_Driver/Src/stm32f2xx_hal_pcd.o
                0x080021f0                HAL_PCD_EP_SetStall
 .text.HAL_PCD_EP_ClrStall
                0x08002254       0x58 Drivers/STM32F2xx_HAL_Driver/Src/stm32f2xx_hal_pcd.o
                0x08002254                HAL_PCD_EP_ClrStall
 .text.HAL_PCDEx_SetTxFiFo
                0x080022ac       0x48 Drivers/STM32F2xx_HAL_Driver/Src/stm32f2xx_hal_pcd_ex.o
                0x080022ac                HAL_PCDEx_SetTxFiFo
 .text.HAL_PCDEx_SetRxFiFo
                0x080022f4        0x8 Drivers/STM32F2xx_HAL_Driver/Src/stm32f2xx_hal_pcd_ex.o
                0x080022f4                HAL_PCDEx_SetRxFiFo
 .text.HAL_RCC_OscConfig
                0x080022fc      0x368 Drivers/STM32F2xx_HAL_Driver/Src/stm32f2xx_hal_rcc.o
                0x080022fc                HAL_RCC_OscConfig
 .text.HAL_RCC_GetSysClockFreq
                0x08002664       0x94 Drivers/STM32F2xx_HAL_Driver/Src/stm32f2xx_hal_rcc.o
                0x08002664                HAL_RCC_GetSysClockFreq
 .text.HAL_RCC_ClockConfig
                0x080026f8      0x188 Drivers/STM32F2xx_HAL_Driver/Src/stm32f2xx_hal_rcc.o
                0x080026f8                HAL_RCC_ClockConfig
 .text.HAL_RCC_GetHCLKFreq
                0x08002880        0xc Drivers/STM32F2xx_HAL_Driver/Src/stm32f2xx_hal_rcc.o
                0x08002880                HAL_RCC_GetHCLKFreq
 .text.HAL_RCC_GetPCLK1Freq
                0x0800288c       0x30 Drivers/STM32F2xx_HAL_Driver/Src/stm32f2xx_hal_rcc.o
                0x0800288c                HAL_RCC_GetPCLK1Freq
 .text.HAL_RCC_GetPCLK2Freq
                0x080028bc       0x30 Drivers/STM32F2xx_HAL_Driver/Src/stm32f2xx_hal_rcc.o
                0x080028bc                HAL_RCC_GetPCLK2Freq
 .text.SPI_WaitFlagStateUntilTimeout
                0x080028ec       0x94 Drivers/STM32F2xx_HAL_Driver/Src/stm32f2xx_hal_spi.o
 .text.SPI_CheckFlag_BSY
                0x08002980       0x28 Drivers/STM32F2xx_HAL_Driver/Src/stm32f2xx_hal_spi.o
 .text.HAL_SPI_Init
                0x080029a8       0x84 Drivers/STM32F2xx_HAL_Driver/Src/stm32f2xx_hal_spi.o
                0x080029a8                HAL_SPI_Init
 .text.HAL_SPI_Transmit
                0x08002a2c      0x1b0 Drivers/STM32F2xx_HAL_Driver/Src/stm32f2xx_hal_spi.o
                0x08002a2c                HAL_SPI_Transmit
 .text.TIM_OC1_SetConfig
                0x08002bdc       0x68 Drivers/STM32F2xx_HAL_Driver/Src/stm32f2xx_hal_tim.o
 .text.TIM_OC3_SetConfig
                0x08002c44       0x6c Drivers/STM32F2xx_HAL_Driver/Src/stm32f2xx_hal_tim.o
 .text.TIM_OC4_SetConfig
                0x08002cb0       0x5c Drivers/STM32F2xx_HAL_Driver/Src/stm32f2xx_hal_tim.o
 .text.TIM_TI1_ConfigInputStage
                0x08002d0c       0x24 Drivers/STM32F2xx_HAL_Driver/Src/stm32f2xx_hal_tim.o
 .text.TIM_TI2_ConfigInputStage
                0x08002d30       0x28 Drivers/STM32F2xx_HAL_Driver/Src/stm32f2xx_hal_tim.o
 .text.TIM_ITRx_SetConfig
                0x08002d58       0x10 Drivers/STM32F2xx_HAL_Driver/Src/stm32f2xx_hal_tim.o
 .text.TIM_ETR_SetConfig
                0x08002d68       0x18 Drivers/STM32F2xx_HAL_Driver/Src/stm32f2xx_hal_tim.o
 .text.HAL_TIM_Base_Start
                0x08002d80       0x1c Drivers/STM32F2xx_HAL_Driver/Src/stm32f2xx_hal_tim.o
                0x08002d80                HAL_TIM_Base_Start
 .text.HAL_TIM_ConfigClockSource
                0x08002d9c      0x114 Drivers/STM32F2xx_HAL_Driver/Src/stm32f2xx_hal_tim.o
                0x08002d9c                HAL_TIM_ConfigClockSource
 .text.HAL_TIM_PeriodElapsedCallback
                0x08002eb0        0x4 Drivers/STM32F2xx_HAL_Driver/Src/stm32f2xx_hal_tim.o
                0x08002eb0                HAL_TIM_PeriodElapsedCallback
 .text.HAL_TIM_OC_DelayElapsedCallback
                0x08002eb4        0x4 Drivers/STM32F2xx_HAL_Driver/Src/stm32f2xx_hal_tim.o
                0x08002eb4                HAL_TIM_OC_DelayElapsedCallback
 .text.HAL_TIM_IC_CaptureCallback
                0x08002eb8        0x4 Drivers/STM32F2xx_HAL_Driver/Src/stm32f2xx_hal_tim.o
                0x08002eb8                HAL_TIM_IC_CaptureCallback
 .text.HAL_TIM_PWM_PulseFinishedCallback
                0x08002ebc        0x4 Drivers/STM32F2xx_HAL_Driver/Src/stm32f2xx_hal_tim.o
                0x08002ebc                HAL_TIM_PWM_PulseFinishedCallback
 .text.HAL_TIM_TriggerCallback
                0x08002ec0        0x4 Drivers/STM32F2xx_HAL_Driver/Src/stm32f2xx_hal_tim.o
                0x08002ec0                HAL_TIM_TriggerCallback
 .text.HAL_TIM_IRQHandler
                0x08002ec4      0x174 Drivers/STM32F2xx_HAL_Driver/Src/stm32f2xx_hal_tim.o
                0x08002ec4                HAL_TIM_IRQHandler
 .text.TIM_Base_SetConfig
                0x08003038      0x124 Drivers/STM32F2xx_HAL_Driver/Src/stm32f2xx_hal_tim.o
                0x08003038                TIM_Base_SetConfig
 .text.HAL_TIM_Base_Init
                0x0800315c       0x38 Drivers/STM32F2xx_HAL_Driver/Src/stm32f2xx_hal_tim.o
                0x0800315c                HAL_TIM_Base_Init
 .text.HAL_TIM_PWM_Init
                0x08003194       0x38 Drivers/STM32F2xx_HAL_Driver/Src/stm32f2xx_hal_tim.o
                0x08003194                HAL_TIM_PWM_Init
 .text.TIM_OC2_SetConfig
                0x080031cc       0x70 Drivers/STM32F2xx_HAL_Driver/Src/stm32f2xx_hal_tim.o
                0x080031cc                TIM_OC2_SetConfig
 .text.HAL_TIM_PWM_ConfigChannel
                0x0800323c       0xdc Drivers/STM32F2xx_HAL_Driver/Src/stm32f2xx_hal_tim.o
                0x0800323c                HAL_TIM_PWM_ConfigChannel
 .text.TIM_CCxChannelCmd
                0x08003318       0x1c Drivers/STM32F2xx_HAL_Driver/Src/stm32f2xx_hal_tim.o
                0x08003318                TIM_CCxChannelCmd
 .text.HAL_TIM_PWM_Start
                0x08003334       0x44 Drivers/STM32F2xx_HAL_Driver/Src/stm32f2xx_hal_tim.o
                0x08003334                HAL_TIM_PWM_Start
 .text.HAL_TIMEx_MasterConfigSynchronization
                0x08003378       0x54 Drivers/STM32F2xx_HAL_Driver/Src/stm32f2xx_hal_tim_ex.o
                0x08003378                HAL_TIMEx_MasterConfigSynchronization
 .text.HAL_TIMEx_CommutationCallback
                0x080033cc        0x4 Drivers/STM32F2xx_HAL_Driver/Src/stm32f2xx_hal_tim_ex.o
                0x080033cc                HAL_TIMEx_CommutationCallback
 .text.HAL_TIMEx_BreakCallback
                0x080033d0        0x4 Drivers/STM32F2xx_HAL_Driver/Src/stm32f2xx_hal_tim_ex.o
                0x080033d0                HAL_TIMEx_BreakCallback
 .text.UART_SetConfig
                0x080033d4      0x32c Drivers/STM32F2xx_HAL_Driver/Src/stm32f2xx_hal_uart.o
 .text.HAL_UART_Init
                0x08003700       0x64 Drivers/STM32F2xx_HAL_Driver/Src/stm32f2xx_hal_uart.o
                0x08003700                HAL_UART_Init
 .text.USB_CoreInit
                0x08003764       0x78 Drivers/STM32F2xx_HAL_Driver/Src/stm32f2xx_ll_usb.o
                0x08003764                USB_CoreInit
 .text.USB_EnableGlobalInt
                0x080037dc        0xc Drivers/STM32F2xx_HAL_Driver/Src/stm32f2xx_ll_usb.o
                0x080037dc                USB_EnableGlobalInt
 .text.USB_DisableGlobalInt
                0x080037e8        0xc Drivers/STM32F2xx_HAL_Driver/Src/stm32f2xx_ll_usb.o
                0x080037e8                USB_DisableGlobalInt
 .text.USB_SetCurrentMode
                0x080037f4       0x2c Drivers/STM32F2xx_HAL_Driver/Src/stm32f2xx_ll_usb.o
                0x080037f4                USB_SetCurrentMode
 .text.USB_DevInit
                0x08003820      0x148 Drivers/STM32F2xx_HAL_Driver/Src/stm32f2xx_ll_usb.o
                0x08003820                USB_DevInit
 .text.USB_FlushTxFifo
                0x08003968       0x28 Drivers/STM32F2xx_HAL_Driver/Src/stm32f2xx_ll_usb.o
                0x08003968                USB_FlushTxFifo
 .text.USB_FlushRxFifo
                0x08003990       0x24 Drivers/STM32F2xx_HAL_Driver/Src/stm32f2xx_ll_usb.o
                0x08003990                USB_FlushRxFifo
 .text.USB_SetDevSpeed
                0x080039b4       0x10 Drivers/STM32F2xx_HAL_Driver/Src/stm32f2xx_ll_usb.o
                0x080039b4                USB_SetDevSpeed
 .text.USB_GetDevSpeed
                0x080039c4       0x40 Drivers/STM32F2xx_HAL_Driver/Src/stm32f2xx_ll_usb.o
                0x080039c4                USB_GetDevSpeed
 .text.USB_ActivateEndpoint
                0x08003a04       0x98 Drivers/STM32F2xx_HAL_Driver/Src/stm32f2xx_ll_usb.o
                0x08003a04                USB_ActivateEndpoint
 .text.USB_DeactivateEndpoint
                0x08003a9c       0x80 Drivers/STM32F2xx_HAL_Driver/Src/stm32f2xx_ll_usb.o
                0x08003a9c                USB_DeactivateEndpoint
 .text.USB_EPStartXfer
                0x08003b1c      0x258 Drivers/STM32F2xx_HAL_Driver/Src/stm32f2xx_ll_usb.o
                0x08003b1c                USB_EPStartXfer
 .text.USB_EP0StartXfer
                0x08003d74      0x160 Drivers/STM32F2xx_HAL_Driver/Src/stm32f2xx_ll_usb.o
                0x08003d74                USB_EP0StartXfer
 .text.USB_WritePacket
                0x08003ed4       0x2c Drivers/STM32F2xx_HAL_Driver/Src/stm32f2xx_ll_usb.o
                0x08003ed4                USB_WritePacket
 .text.USB_ReadPacket
                0x08003f00       0x20 Drivers/STM32F2xx_HAL_Driver/Src/stm32f2xx_ll_usb.o
                0x08003f00                USB_ReadPacket
 .text.USB_EPSetStall
                0x08003f20       0x64 Drivers/STM32F2xx_HAL_Driver/Src/stm32f2xx_ll_usb.o
                0x08003f20                USB_EPSetStall
 .text.USB_EPClearStall
                0x08003f84       0x68 Drivers/STM32F2xx_HAL_Driver/Src/stm32f2xx_ll_usb.o
                0x08003f84                USB_EPClearStall
 .text.USB_SetDevAddress
                0x08003fec       0x20 Drivers/STM32F2xx_HAL_Driver/Src/stm32f2xx_ll_usb.o
                0x08003fec                USB_SetDevAddress
 .text.USB_DevConnect
                0x0800400c       0x18 Drivers/STM32F2xx_HAL_Driver/Src/stm32f2xx_ll_usb.o
                0x0800400c                USB_DevConnect
 .text.USB_DevDisconnect
                0x08004024       0x18 Drivers/STM32F2xx_HAL_Driver/Src/stm32f2xx_ll_usb.o
                0x08004024                USB_DevDisconnect
 .text.USB_ReadInterrupts
                0x0800403c        0x8 Drivers/STM32F2xx_HAL_Driver/Src/stm32f2xx_ll_usb.o
                0x0800403c                USB_ReadInterrupts
 .text.USB_ReadDevAllOutEpInterrupt
                0x08004044       0x10 Drivers/STM32F2xx_HAL_Driver/Src/stm32f2xx_ll_usb.o
                0x08004044                USB_ReadDevAllOutEpInterrupt
 .text.USB_ReadDevAllInEpInterrupt
                0x08004054       0x10 Drivers/STM32F2xx_HAL_Driver/Src/stm32f2xx_ll_usb.o
                0x08004054                USB_ReadDevAllInEpInterrupt
 .text.USB_ReadDevOutEPInterrupt
                0x08004064       0x14 Drivers/STM32F2xx_HAL_Driver/Src/stm32f2xx_ll_usb.o
                0x08004064                USB_ReadDevOutEPInterrupt
 .text.USB_ReadDevInEPInterrupt
                0x08004078       0x24 Drivers/STM32F2xx_HAL_Driver/Src/stm32f2xx_ll_usb.o
                0x08004078                USB_ReadDevInEPInterrupt
 .text.USB_GetMode
                0x0800409c        0x8 Drivers/STM32F2xx_HAL_Driver/Src/stm32f2xx_ll_usb.o
                0x0800409c                USB_GetMode
 .text.USB_ActivateSetup
                0x080040a4       0x38 Drivers/STM32F2xx_HAL_Driver/Src/stm32f2xx_ll_usb.o
                0x080040a4                USB_ActivateSetup
 .text.USB_EP0_OutStart
                0x080040dc       0x44 Drivers/STM32F2xx_HAL_Driver/Src/stm32f2xx_ll_usb.o
                0x080040dc                USB_EP0_OutStart
 .text.USB_CoreReset
                0x08004120       0x3c Drivers/STM32F2xx_HAL_Driver/Src/stm32f2xx_ll_usb.o
 .text.USBD_CDC_EP0_RxReady
                0x0800415c       0x28 Middlewares/ST/STM32_USB_Device_Library/Class/CDC/Src/usbd_cdc.o
 .text.USBD_CDC_GetFSCfgDesc
                0x08004184        0xc Middlewares/ST/STM32_USB_Device_Library/Class/CDC/Src/usbd_cdc.o
 .text.USBD_CDC_GetHSCfgDesc
                0x08004190        0xc Middlewares/ST/STM32_USB_Device_Library/Class/CDC/Src/usbd_cdc.o
 .text.USBD_CDC_GetOtherSpeedCfgDesc
                0x0800419c        0xc Middlewares/ST/STM32_USB_Device_Library/Class/CDC/Src/usbd_cdc.o
 .text.USBD_CDC_GetDeviceQualifierDescriptor
                0x080041a8        0xc Middlewares/ST/STM32_USB_Device_Library/Class/CDC/Src/usbd_cdc.o
                0x080041a8                USBD_CDC_GetDeviceQualifierDescriptor
 .text.USBD_CDC_DataOut
                0x080041b4       0x30 Middlewares/ST/STM32_USB_Device_Library/Class/CDC/Src/usbd_cdc.o
 .text.USBD_CDC_DataIn
                0x080041e4       0x28 Middlewares/ST/STM32_USB_Device_Library/Class/CDC/Src/usbd_cdc.o
 .text.USBD_CDC_Setup
                0x0800420c       0x74 Middlewares/ST/STM32_USB_Device_Library/Class/CDC/Src/usbd_cdc.o
 .text.USBD_CDC_DeInit
                0x08004280       0x3c Middlewares/ST/STM32_USB_Device_Library/Class/CDC/Src/usbd_cdc.o
 .text.USBD_CDC_Init
                0x080042bc       0x98 Middlewares/ST/STM32_USB_Device_Library/Class/CDC/Src/usbd_cdc.o
 .text.USBD_CDC_RegisterInterface
                0x08004354       0x10 Middlewares/ST/STM32_USB_Device_Library/Class/CDC/Src/usbd_cdc.o
                0x08004354                USBD_CDC_RegisterInterface
 .text.USBD_CDC_SetTxBuffer
                0x08004364       0x10 Middlewares/ST/STM32_USB_Device_Library/Class/CDC/Src/usbd_cdc.o
                0x08004364                USBD_CDC_SetTxBuffer
 .text.USBD_CDC_SetRxBuffer
                0x08004374        0xc Middlewares/ST/STM32_USB_Device_Library/Class/CDC/Src/usbd_cdc.o
                0x08004374                USBD_CDC_SetRxBuffer
 .text.USBD_CDC_TransmitPacket
                0x08004380       0x30 Middlewares/ST/STM32_USB_Device_Library/Class/CDC/Src/usbd_cdc.o
                0x08004380                USBD_CDC_TransmitPacket
 .text.USBD_CDC_ReceivePacket
                0x080043b0       0x34 Middlewares/ST/STM32_USB_Device_Library/Class/CDC/Src/usbd_cdc.o
                0x080043b0                USBD_CDC_ReceivePacket
 .text.USBD_Init
                0x080043e4       0x30 Middlewares/ST/STM32_USB_Device_Library/Core/Src/usbd_core.o
                0x080043e4                USBD_Init
 .text.USBD_RegisterClass
                0x08004414       0x10 Middlewares/ST/STM32_USB_Device_Library/Core/Src/usbd_core.o
                0x08004414                USBD_RegisterClass
 .text.USBD_Start
                0x08004424        0xc Middlewares/ST/STM32_USB_Device_Library/Core/Src/usbd_core.o
                0x08004424                USBD_Start
 .text.USBD_SetClassConfig
                0x08004430       0x1c Middlewares/ST/STM32_USB_Device_Library/Core/Src/usbd_core.o
                0x08004430                USBD_SetClassConfig
 .text.USBD_ClrClassConfig
                0x0800444c       0x10 Middlewares/ST/STM32_USB_Device_Library/Core/Src/usbd_core.o
                0x0800444c                USBD_ClrClassConfig
 .text.USBD_LL_SetupStage
                0x0800445c       0x5c Middlewares/ST/STM32_USB_Device_Library/Core/Src/usbd_core.o
                0x0800445c                USBD_LL_SetupStage
 .text.USBD_LL_DataOutStage
                0x080044b8       0x68 Middlewares/ST/STM32_USB_Device_Library/Core/Src/usbd_core.o
                0x080044b8                USBD_LL_DataOutStage
 .text.USBD_LL_DataInStage
                0x08004520       0xac Middlewares/ST/STM32_USB_Device_Library/Core/Src/usbd_core.o
                0x08004520                USBD_LL_DataInStage
 .text.USBD_LL_Reset
                0x080045cc       0x40 Middlewares/ST/STM32_USB_Device_Library/Core/Src/usbd_core.o
                0x080045cc                USBD_LL_Reset
 .text.USBD_LL_SetSpeed
                0x0800460c        0x8 Middlewares/ST/STM32_USB_Device_Library/Core/Src/usbd_core.o
                0x0800460c                USBD_LL_SetSpeed
 .text.USBD_LL_Suspend
                0x08004614       0x14 Middlewares/ST/STM32_USB_Device_Library/Core/Src/usbd_core.o
                0x08004614                USBD_LL_Suspend
 .text.USBD_LL_Resume
                0x08004628        0xc Middlewares/ST/STM32_USB_Device_Library/Core/Src/usbd_core.o
                0x08004628                USBD_LL_Resume
 .text.USBD_LL_SOF
                0x08004634       0x18 Middlewares/ST/STM32_USB_Device_Library/Core/Src/usbd_core.o
                0x08004634                USBD_LL_SOF
 .text.USBD_LL_IsoINIncomplete
                0x0800464c        0x4 Middlewares/ST/STM32_USB_Device_Library/Core/Src/usbd_core.o
                0x0800464c                USBD_LL_IsoINIncomplete
 .text.USBD_LL_IsoOUTIncomplete
                0x08004650        0x4 Middlewares/ST/STM32_USB_Device_Library/Core/Src/usbd_core.o
                0x08004650                USBD_LL_IsoOUTIncomplete
 .text.USBD_LL_DevConnected
                0x08004654        0x4 Middlewares/ST/STM32_USB_Device_Library/Core/Src/usbd_core.o
                0x08004654                USBD_LL_DevConnected
 .text.USBD_LL_DevDisconnected
                0x08004658       0x18 Middlewares/ST/STM32_USB_Device_Library/Core/Src/usbd_core.o
                0x08004658                USBD_LL_DevDisconnected
 .text.USBD_GetLen
                0x08004670       0x14 Middlewares/ST/STM32_USB_Device_Library/Core/Src/usbd_ctlreq.o
 .text.USBD_SetFeature
                0x08004684       0x20 Middlewares/ST/STM32_USB_Device_Library/Core/Src/usbd_ctlreq.o
 .text.USBD_ParseSetupRequest
                0x080046a4       0x28 Middlewares/ST/STM32_USB_Device_Library/Core/Src/usbd_ctlreq.o
                0x080046a4                USBD_ParseSetupRequest
 .text.USBD_CtlError
                0x080046cc       0x14 Middlewares/ST/STM32_USB_Device_Library/Core/Src/usbd_ctlreq.o
                0x080046cc                USBD_CtlError
 .text.USBD_GetDescriptor
                0x080046e0      0x130 Middlewares/ST/STM32_USB_Device_Library/Core/Src/usbd_ctlreq.o
 .text.USBD_SetAddress
                0x08004810       0x4c Middlewares/ST/STM32_USB_Device_Library/Core/Src/usbd_ctlreq.o
 .text.USBD_SetConfig
                0x0800485c       0xa8 Middlewares/ST/STM32_USB_Device_Library/Core/Src/usbd_ctlreq.o
 .text.USBD_GetConfig
                0x08004904       0x3c Middlewares/ST/STM32_USB_Device_Library/Core/Src/usbd_ctlreq.o
 .text.USBD_GetStatus
                0x08004940       0x2c Middlewares/ST/STM32_USB_Device_Library/Core/Src/usbd_ctlreq.o
 .text.USBD_ClrFeature
                0x0800496c       0x30 Middlewares/ST/STM32_USB_Device_Library/Core/Src/usbd_ctlreq.o
 .text.USBD_StdDevReq
                0x0800499c       0x48 Middlewares/ST/STM32_USB_Device_Library/Core/Src/usbd_ctlreq.o
                0x0800499c                USBD_StdDevReq
 .text.USBD_StdItfReq
                0x080049e4       0x38 Middlewares/ST/STM32_USB_Device_Library/Core/Src/usbd_ctlreq.o
                0x080049e4                USBD_StdItfReq
 .text.USBD_StdEPReq
                0x08004a1c      0x11c Middlewares/ST/STM32_USB_Device_Library/Core/Src/usbd_ctlreq.o
                0x08004a1c                USBD_StdEPReq
 .text.USBD_GetString
                0x08004b38       0x3c Middlewares/ST/STM32_USB_Device_Library/Core/Src/usbd_ctlreq.o
                0x08004b38                USBD_GetString
 .text.USBD_CtlSendData
                0x08004b74       0x1c Middlewares/ST/STM32_USB_Device_Library/Core/Src/usbd_ioreq.o
                0x08004b74                USBD_CtlSendData
 .text.USBD_CtlContinueSendData
                0x08004b90       0x10 Middlewares/ST/STM32_USB_Device_Library/Core/Src/usbd_ioreq.o
                0x08004b90                USBD_CtlContinueSendData
 .text.USBD_CtlPrepareRx
                0x08004ba0       0x20 Middlewares/ST/STM32_USB_Device_Library/Core/Src/usbd_ioreq.o
                0x08004ba0                USBD_CtlPrepareRx
 .text.USBD_CtlContinueRx
                0x08004bc0       0x10 Middlewares/ST/STM32_USB_Device_Library/Core/Src/usbd_ioreq.o
                0x08004bc0                USBD_CtlContinueRx
 .text.USBD_CtlSendStatus
                0x08004bd0       0x18 Middlewares/ST/STM32_USB_Device_Library/Core/Src/usbd_ioreq.o
                0x08004bd0                USBD_CtlSendStatus
 .text.USBD_CtlReceiveStatus
                0x08004be8       0x18 Middlewares/ST/STM32_USB_Device_Library/Core/Src/usbd_ioreq.o
                0x08004be8                USBD_CtlReceiveStatus
 .text.makeFreeRtosPriority
                0x08004c00        0xc Middlewares/Third_Party/FreeRTOS/Source/CMSIS_RTOS/cmsis_os.o
 .text.inHandlerMode
                0x08004c0c        0xc Middlewares/Third_Party/FreeRTOS/Source/CMSIS_RTOS/cmsis_os.o
 .text.osKernelStart
                0x08004c18        0xc Middlewares/Third_Party/FreeRTOS/Source/CMSIS_RTOS/cmsis_os.o
                0x08004c18                osKernelStart
 .text.osThreadCreate
                0x08004c24       0x34 Middlewares/Third_Party/FreeRTOS/Source/CMSIS_RTOS/cmsis_os.o
                0x08004c24                osThreadCreate
 .text.osDelay  0x08004c58       0x10 Middlewares/Third_Party/FreeRTOS/Source/CMSIS_RTOS/cmsis_os.o
                0x08004c58                osDelay
 .text.osMutexCreate
                0x08004c68        0xc Middlewares/Third_Party/FreeRTOS/Source/CMSIS_RTOS/cmsis_os.o
                0x08004c68                osMutexCreate
 .text.osMutexWait
                0x08004c74       0x70 Middlewares/Third_Party/FreeRTOS/Source/CMSIS_RTOS/cmsis_os.o
                0x08004c74                osMutexWait
 .text.osMutexRelease
                0x08004ce4       0x5c Middlewares/Third_Party/FreeRTOS/Source/CMSIS_RTOS/cmsis_os.o
                0x08004ce4                osMutexRelease
 .text.osSystickHandler
                0x08004d40       0x10 Middlewares/Third_Party/FreeRTOS/Source/CMSIS_RTOS/cmsis_os.o
                0x08004d40                osSystickHandler
 .text.vListInitialise
                0x08004d50       0x18 Middlewares/Third_Party/FreeRTOS/Source/list.o
                0x08004d50                vListInitialise
 .text.vListInitialiseItem
                0x08004d68        0x8 Middlewares/Third_Party/FreeRTOS/Source/list.o
                0x08004d68                vListInitialiseItem
 .text.vListInsertEnd
                0x08004d70       0x18 Middlewares/Third_Party/FreeRTOS/Source/list.o
                0x08004d70                vListInsertEnd
 .text.vListInsert
                0x08004d88       0x34 Middlewares/Third_Party/FreeRTOS/Source/list.o
                0x08004d88                vListInsert
 .text.uxListRemove
                0x08004dbc       0x24 Middlewares/Third_Party/FreeRTOS/Source/list.o
                0x08004dbc                uxListRemove
 .text.prvIsQueueFull
                0x08004de0       0x20 Middlewares/Third_Party/FreeRTOS/Source/queue.o
 .text.prvIsQueueEmpty
                0x08004e00       0x1c Middlewares/Third_Party/FreeRTOS/Source/queue.o
 .text.prvCopyDataToQueue
                0x08004e1c       0x78 Middlewares/Third_Party/FreeRTOS/Source/queue.o
 .text.prvCopyDataFromQueue
                0x08004e94       0x24 Middlewares/Third_Party/FreeRTOS/Source/queue.o
 .text.prvUnlockQueue
                0x08004eb8       0x68 Middlewares/Third_Party/FreeRTOS/Source/queue.o
 .text.xQueueGenericReset
                0x08004f20       0x80 Middlewares/Third_Party/FreeRTOS/Source/queue.o
                0x08004f20                xQueueGenericReset
 .text.prvInitialiseNewQueue
                0x08004fa0       0x1c Middlewares/Third_Party/FreeRTOS/Source/queue.o
 .text.xQueueGenericCreate
                0x08004fbc       0x4c Middlewares/Third_Party/FreeRTOS/Source/queue.o
                0x08004fbc                xQueueGenericCreate
 .text.xQueueGenericSend
                0x08005008      0x190 Middlewares/Third_Party/FreeRTOS/Source/queue.o
                0x08005008                xQueueGenericSend
 .text.prvInitialiseMutex
                0x08005198       0x18 Middlewares/Third_Party/FreeRTOS/Source/queue.o
 .text.xQueueCreateMutex
                0x080051b0       0x18 Middlewares/Third_Party/FreeRTOS/Source/queue.o
                0x080051b0                xQueueCreateMutex
 .text.xQueueGiveFromISR
                0x080051c8       0xbc Middlewares/Third_Party/FreeRTOS/Source/queue.o
                0x080051c8                xQueueGiveFromISR
 .text.xQueueGenericReceive
                0x08005284      0x1a0 Middlewares/Third_Party/FreeRTOS/Source/queue.o
                0x08005284                xQueueGenericReceive
 .text.xQueueReceiveFromISR
                0x08005424       0xb8 Middlewares/Third_Party/FreeRTOS/Source/queue.o
                0x08005424                xQueueReceiveFromISR
 .text.prvResetNextTaskUnblockTime
                0x080054dc       0x2c Middlewares/Third_Party/FreeRTOS/Source/tasks.o
 .text.prvDeleteTCB
                0x08005508       0x14 Middlewares/Third_Party/FreeRTOS/Source/tasks.o
 .text.prvInitialiseNewTask
                0x0800551c       0x80 Middlewares/Third_Party/FreeRTOS/Source/tasks.o
 .text.prvInitialiseTaskLists
                0x0800559c       0x58 Middlewares/Third_Party/FreeRTOS/Source/tasks.o
 .text.prvAddNewTaskToReadyList
                0x080055f4       0xac Middlewares/Third_Party/FreeRTOS/Source/tasks.o
 .text.prvAddCurrentTaskToDelayedList
                0x080056a0       0x84 Middlewares/Third_Party/FreeRTOS/Source/tasks.o
 .text.xTaskCreate
                0x08005724       0x64 Middlewares/Third_Party/FreeRTOS/Source/tasks.o
                0x08005724                xTaskCreate
 .text.vTaskStartScheduler
                0x08005788       0x74 Middlewares/Third_Party/FreeRTOS/Source/tasks.o
                0x08005788                vTaskStartScheduler
 .text.vTaskSuspendAll
                0x080057fc       0x14 Middlewares/Third_Party/FreeRTOS/Source/tasks.o
                0x080057fc                vTaskSuspendAll
 .text.xTaskIncrementTick
                0x08005810      0x118 Middlewares/Third_Party/FreeRTOS/Source/tasks.o
                0x08005810                xTaskIncrementTick
 .text.xTaskResumeAll
                0x08005928       0xf4 Middlewares/Third_Party/FreeRTOS/Source/tasks.o
                0x08005928                xTaskResumeAll
 .text.vTaskDelay
                0x08005a1c       0x50 Middlewares/Third_Party/FreeRTOS/Source/tasks.o
                0x08005a1c                vTaskDelay
 .text.prvCheckTasksWaitingTermination
                0x08005a6c       0x54 Middlewares/Third_Party/FreeRTOS/Source/tasks.o
 .text.prvIdleTask
                0x08005ac0       0x28 Middlewares/Third_Party/FreeRTOS/Source/tasks.o
 .text.vTaskSwitchContext
                0x08005ae8       0xb0 Middlewares/Third_Party/FreeRTOS/Source/tasks.o
                0x08005ae8                vTaskSwitchContext
 .text.vTaskPlaceOnEventList
                0x08005b98       0x34 Middlewares/Third_Party/FreeRTOS/Source/tasks.o
                0x08005b98                vTaskPlaceOnEventList
 .text.xTaskRemoveFromEventList
                0x08005bcc       0x88 Middlewares/Third_Party/FreeRTOS/Source/tasks.o
                0x08005bcc                xTaskRemoveFromEventList
 .text.vTaskSetTimeOutState
                0x08005c54       0x28 Middlewares/Third_Party/FreeRTOS/Source/tasks.o
                0x08005c54                vTaskSetTimeOutState
 .text.xTaskCheckForTimeOut
                0x08005c7c       0x80 Middlewares/Third_Party/FreeRTOS/Source/tasks.o
                0x08005c7c                xTaskCheckForTimeOut
 .text.vTaskMissedYield
                0x08005cfc       0x10 Middlewares/Third_Party/FreeRTOS/Source/tasks.o
                0x08005cfc                vTaskMissedYield
 .text.xTaskGetSchedulerState
                0x08005d0c       0x20 Middlewares/Third_Party/FreeRTOS/Source/tasks.o
                0x08005d0c                xTaskGetSchedulerState
 .text.vTaskPriorityInherit
                0x08005d2c       0xb4 Middlewares/Third_Party/FreeRTOS/Source/tasks.o
                0x08005d2c                vTaskPriorityInherit
 .text.xTaskPriorityDisinherit
                0x08005de0       0xb8 Middlewares/Third_Party/FreeRTOS/Source/tasks.o
                0x08005de0                xTaskPriorityDisinherit
 .text.pvTaskIncrementMutexHeldCount
                0x08005e98       0x20 Middlewares/Third_Party/FreeRTOS/Source/tasks.o
                0x08005e98                pvTaskIncrementMutexHeldCount
 .text.prvTaskExitError
                0x08005eb8       0x34 Middlewares/Third_Party/FreeRTOS/Source/portable/GCC/ARM_CM3/port.o
 .text.prvPortStartFirstTask
                0x08005eec       0x20 Middlewares/Third_Party/FreeRTOS/Source/portable/GCC/ARM_CM3/port.o
 .text.pxPortInitialiseStack
                0x08005f0c       0x24 Middlewares/Third_Party/FreeRTOS/Source/portable/GCC/ARM_CM3/port.o
                0x08005f0c                pxPortInitialiseStack
 .text.SVC_Handler
                0x08005f30       0x24 Middlewares/Third_Party/FreeRTOS/Source/portable/GCC/ARM_CM3/port.o
                0x08005f30                SVC_Handler
 .text.vPortEnterCritical
                0x08005f54       0x44 Middlewares/Third_Party/FreeRTOS/Source/portable/GCC/ARM_CM3/port.o
                0x08005f54                vPortEnterCritical
 .text.vPortExitCritical
                0x08005f98       0x2c Middlewares/Third_Party/FreeRTOS/Source/portable/GCC/ARM_CM3/port.o
                0x08005f98                vPortExitCritical
 *fill*         0x08005fc4        0xc 
 .text.PendSV_Handler
                0x08005fd0       0x44 Middlewares/Third_Party/FreeRTOS/Source/portable/GCC/ARM_CM3/port.o
                0x08005fd0                PendSV_Handler
 .text.xPortSysTickHandler
                0x08006014       0x2c Middlewares/Third_Party/FreeRTOS/Source/portable/GCC/ARM_CM3/port.o
                0x08006014                xPortSysTickHandler
 .text.vPortSetupTimerInterrupt
                0x08006040       0x2c Middlewares/Third_Party/FreeRTOS/Source/portable/GCC/ARM_CM3/port.o
                0x08006040                vPortSetupTimerInterrupt
 .text.xPortStartScheduler
                0x0800606c       0x90 Middlewares/Third_Party/FreeRTOS/Source/portable/GCC/ARM_CM3/port.o
                0x0800606c                xPortStartScheduler
 .text.vPortValidateInterruptPriority
                0x080060fc       0x58 Middlewares/Third_Party/FreeRTOS/Source/portable/GCC/ARM_CM3/port.o
                0x080060fc                vPortValidateInterruptPriority
 .text.prvHeapInit
                0x08006154       0x5c Middlewares/Third_Party/FreeRTOS/Source/portable/MemMang/heap_4.o
 .text.prvInsertBlockIntoFreeList
                0x080061b0       0x58 Middlewares/Third_Party/FreeRTOS/Source/portable/MemMang/heap_4.o
 .text.pvPortMalloc
                0x08006208      0x110 Middlewares/Third_Party/FreeRTOS/Source/portable/MemMang/heap_4.o
                0x08006208                pvPortMalloc
 .text.vPortFree
                0x08006318       0x78 Middlewares/Third_Party/FreeRTOS/Source/portable/MemMang/heap_4.o
                0x08006318                vPortFree
 .text.MX_ADC1_Init
                0x08006390       0x68 Src/adc.o
                0x08006390                MX_ADC1_Init
 .text.MX_ADC2_Init
                0x080063f8       0x68 Src/adc.o
                0x080063f8                MX_ADC2_Init
 .text.MX_ADC3_Init
                0x08006460       0x68 Src/adc.o
                0x08006460                MX_ADC3_Init
 .text.HAL_ADC_MspInit
                0x080064c8      0x134 Src/adc.o
                0x080064c8                HAL_ADC_MspInit
 .text.create_input_data
                0x080065fc       0x44 Src/command_receive.o
                0x080065fc                create_input_data
 .text.get_new_data
                0x08006640       0xbc Src/command_receive.o
                0x08006640                get_new_data
 .text.check_newline
                0x080066fc       0xa0 Src/command_receive.o
                0x080066fc                check_newline
 .text.buffer_put
                0x0800679c       0x40 Src/command_receive.o
                0x0800679c                buffer_put
 .text.comms_process
                0x080067dc       0x2c Src/comms_process.o
                0x080067dc                comms_process
 .text.null_func
                0x08006808        0x4 Src/config_commands.o
                0x08006808                null_func
 .text.cmd_init
                0x0800680c       0x14 Src/config_commands.o
                0x0800680c                cmd_init
 .text.cmd_set_gain
                0x08006820       0x1c Src/config_commands.o
                0x08006820                cmd_set_gain
 .text.enable_vco
                0x0800683c       0x34 Src/config_commands.o
                0x0800683c                enable_vco
 .text.cmd_set_ramp_length
                0x08006870       0x98 Src/config_commands.o
                0x08006870                cmd_set_ramp_length
 .text.cmd_dac_set_voltage
                0x08006908       0xa4 Src/config_commands.o
                0x08006908                cmd_dac_set_voltage
 .text.cmd_set_ramp_bw
                0x080069ac       0x90 Src/config_commands.o
                0x080069ac                cmd_set_ramp_bw
 .text.cmd_set_ramp_voltages
                0x08006a3c       0xa0 Src/config_commands.o
                0x08006a3c                cmd_set_ramp_voltages
 .text.cmd_new_ramp
                0x08006adc       0x1c Src/config_commands.o
                0x08006adc                cmd_new_ramp
 .text.cmd_add_points_ramp
                0x08006af8       0x5c Src/config_commands.o
                0x08006af8                cmd_add_points_ramp
 .text.cmd_set_ramp
                0x08006b54       0x8c Src/config_commands.o
                0x08006b54                cmd_set_ramp
 .text.cmd_get_power
                0x08006be0       0x44 Src/config_commands.o
                0x08006be0                cmd_get_power
 .text.new_command_data
                0x08006c24       0x18 Src/config_commands.o
                0x08006c24                new_command_data
 .text.select_command
                0x08006c3c      0x14c Src/config_commands.o
                0x08006c3c                select_command
 .text.execute_command
                0x08006d88       0x50 Src/config_commands.o
                0x08006d88                execute_command
 .text.set_ramp_voltages
                0x08006dd8      0x114 Src/config_ramp.o
                0x08006dd8                set_ramp_voltages
 .text.set_ramp_bw
                0x08006eec      0x104 Src/config_ramp.o
                0x08006eec                set_ramp_bw
 .text.set_ramp_length
                0x08006ff0      0x120 Src/config_ramp.o
                0x08006ff0                set_ramp_length
 .text.init_ramp
                0x08007110       0x30 Src/config_ramp.o
                0x08007110                init_ramp
 .text.new_ramp
                0x08007140       0x2c Src/config_ramp.o
                0x08007140                new_ramp
 .text.add_points_ramp
                0x0800716c       0x44 Src/config_ramp.o
                0x0800716c                add_points_ramp
 .text.check_modulation_ok
                0x080071b0       0x18 Src/config_ramp.o
                0x080071b0                check_modulation_ok
 .text.set_modulation
                0x080071c8       0x50 Src/config_ramp.o
                0x080071c8                set_modulation
 .text.MX_DAC_Init
                0x08007218       0x44 Src/dac.o
                0x08007218                MX_DAC_Init
 .text.HAL_DAC_MspInit
                0x0800725c       0xac Src/dac.o
                0x0800725c                HAL_DAC_MspInit
 .text.MX_DMA_Init
                0x08007308       0x58 Src/dma.o
                0x08007308                MX_DMA_Init
 .text.StartDefaultTask
                0x08007360       0x14 Src/freertos.o
                0x08007360                StartDefaultTask
 .text.commsTask
                0x08007374       0x10 Src/freertos.o
                0x08007374                commsTask
 .text.vApplicationStackOverflowHook
                0x08007384        0x4 Src/freertos.o
                0x08007384                vApplicationStackOverflowHook
 .text.MX_FREERTOS_Init
                0x08007388       0x48 Src/freertos.o
                0x08007388                MX_FREERTOS_Init
 .text.MX_GPIO_Init
                0x080073d0      0x110 Src/gpio.o
                0x080073d0                MX_GPIO_Init
 .text._Error_Handler
                0x080074e0        0x4 Src/main.o
                0x080074e0                _Error_Handler
 .text.SystemClock_Config
                0x080074e4       0x8c Src/main.o
                0x080074e4                SystemClock_Config
 .text.main     0x08007570       0x40 Src/main.o
                0x08007570                main
 .text.main_process
                0x080075b0      0x10c Src/main_process.o
                0x080075b0                main_process
 .text.Toggle_Led
                0x080076bc       0x78 Src/main_process.o
                0x080076bc                Toggle_Led
 .text.HAL_ADC_ConvHalfCpltCallback
                0x08007734       0x14 Src/main_process.o
                0x08007734                HAL_ADC_ConvHalfCpltCallback
 .text.HAL_ADC_ConvCpltCallback
                0x08007748       0x10 Src/main_process.o
                0x08007748                HAL_ADC_ConvCpltCallback
 .text.HAL_ADC_ErrorCallback
                0x08007758       0x14 Src/main_process.o
                0x08007758                HAL_ADC_ErrorCallback
 .text.HAL_DAC_ErrorCallbackCh1
                0x0800776c       0x14 Src/main_process.o
                0x0800776c                HAL_DAC_ErrorCallbackCh1
 .text.vApplicationMallocFailedHook
                0x08007780        0x4 Src/main_process.o
                0x08007780                vApplicationMallocFailedHook
 .text.set_gain
                0x08007784       0x74 Src/pga.o
                0x08007784                set_gain
 .text.MX_SPI3_Init
                0x080077f8       0x4c Src/spi.o
                0x080077f8                MX_SPI3_Init
 .text.HAL_SPI_MspInit
                0x08007844       0x54 Src/spi.o
                0x08007844                HAL_SPI_MspInit
 .text.HAL_MspInit
                0x08007898       0x60 Src/stm32f2xx_hal_msp.o
                0x08007898                HAL_MspInit
 .text.NMI_Handler
                0x080078f8        0x4 Src/stm32f2xx_it.o
                0x080078f8                NMI_Handler
 .text.HardFault_Handler
                0x080078fc        0x4 Src/stm32f2xx_it.o
                0x080078fc                HardFault_Handler
 .text.MemManage_Handler
                0x08007900        0x4 Src/stm32f2xx_it.o
                0x08007900                MemManage_Handler
 .text.BusFault_Handler
                0x08007904        0x4 Src/stm32f2xx_it.o
                0x08007904                BusFault_Handler
 .text.UsageFault_Handler
                0x08007908        0x4 Src/stm32f2xx_it.o
                0x08007908                UsageFault_Handler
 .text.DebugMon_Handler
                0x0800790c        0x4 Src/stm32f2xx_it.o
                0x0800790c                DebugMon_Handler
 .text.SysTick_Handler
                0x08007910       0x10 Src/stm32f2xx_it.o
                0x08007910                SysTick_Handler
 .text.DMA1_Stream5_IRQHandler
                0x08007920       0x10 Src/stm32f2xx_it.o
                0x08007920                DMA1_Stream5_IRQHandler
 .text.ADC_IRQHandler
                0x08007930       0x24 Src/stm32f2xx_it.o
                0x08007930                ADC_IRQHandler
 .text.TIM6_DAC_IRQHandler
                0x08007954       0x18 Src/stm32f2xx_it.o
                0x08007954                TIM6_DAC_IRQHandler
 .text.DMA2_Stream4_IRQHandler
                0x0800796c       0x10 Src/stm32f2xx_it.o
                0x0800796c                DMA2_Stream4_IRQHandler
 .text.OTG_HS_IRQHandler
                0x0800797c       0x10 Src/stm32f2xx_it.o
                0x0800797c                OTG_HS_IRQHandler
 .text.str_split
                0x0800798c       0xa4 Src/strfunc.o
                0x0800798c                str_split
 .text.SystemInit
                0x08007a30       0x40 Src/system_stm32f2xx.o
                0x08007a30                SystemInit
 .text.MX_TIM2_Init
                0x08007a70       0x6c Src/tim.o
                0x08007a70                MX_TIM2_Init
 .text.MX_TIM6_Init
                0x08007adc       0x54 Src/tim.o
                0x08007adc                MX_TIM6_Init
 .text.HAL_TIM_Base_MspInit
                0x08007b30       0x60 Src/tim.o
                0x08007b30                HAL_TIM_Base_MspInit
 .text.HAL_TIM_PWM_MspInit
                0x08007b90       0x30 Src/tim.o
                0x08007b90                HAL_TIM_PWM_MspInit
 .text.HAL_TIM_MspPostInit
                0x08007bc0       0x38 Src/tim.o
                0x08007bc0                HAL_TIM_MspPostInit
 .text.MX_TIM4_Init
                0x08007bf8       0x7c Src/tim.o
                0x08007bf8                MX_TIM4_Init
 .text.MX_USART3_UART_Init
                0x08007c74       0x3c Src/usart.o
                0x08007c74                MX_USART3_UART_Init
 .text.HAL_UART_MspInit
                0x08007cb0       0x58 Src/usart.o
                0x08007cb0                HAL_UART_MspInit
 .text.MX_USB_DEVICE_Init
                0x08007d08       0x38 Src/usb_device.o
                0x08007d08                MX_USB_DEVICE_Init
 .text.CDC_DeInit_HS
                0x08007d40        0x4 Src/usbd_cdc_if.o
 .text.CDC_Control_HS
                0x08007d44       0x50 Src/usbd_cdc_if.o
 .text.CDC_Receive_HS
                0x08007d94       0x30 Src/usbd_cdc_if.o
 .text.CDC_Init_HS
                0x08007dc4       0x28 Src/usbd_cdc_if.o
 .text.CDC_Transmit_HS
                0x08007dec       0x2c Src/usbd_cdc_if.o
                0x08007dec                CDC_Transmit_HS
 .text.HAL_PCD_MspInit
                0x08007e18       0xa8 Src/usbd_conf.o
                0x08007e18                HAL_PCD_MspInit
 .text.HAL_PCD_SetupStageCallback
                0x08007ec0       0x10 Src/usbd_conf.o
                0x08007ec0                HAL_PCD_SetupStageCallback
 .text.HAL_PCD_DataOutStageCallback
                0x08007ed0       0x18 Src/usbd_conf.o
                0x08007ed0                HAL_PCD_DataOutStageCallback
 .text.HAL_PCD_DataInStageCallback
                0x08007ee8       0x18 Src/usbd_conf.o
                0x08007ee8                HAL_PCD_DataInStageCallback
 .text.HAL_PCD_SOFCallback
                0x08007f00        0xc Src/usbd_conf.o
                0x08007f00                HAL_PCD_SOFCallback
 .text.HAL_PCD_ResetCallback
                0x08007f0c       0x20 Src/usbd_conf.o
                0x08007f0c                HAL_PCD_ResetCallback
 .text.HAL_PCD_SuspendCallback
                0x08007f2c       0x30 Src/usbd_conf.o
                0x08007f2c                HAL_PCD_SuspendCallback
 .text.HAL_PCD_ResumeCallback
                0x08007f5c        0xc Src/usbd_conf.o
                0x08007f5c                HAL_PCD_ResumeCallback
 .text.HAL_PCD_ISOOUTIncompleteCallback
                0x08007f68        0xc Src/usbd_conf.o
                0x08007f68                HAL_PCD_ISOOUTIncompleteCallback
 .text.HAL_PCD_ISOINIncompleteCallback
                0x08007f74        0xc Src/usbd_conf.o
                0x08007f74                HAL_PCD_ISOINIncompleteCallback
 .text.HAL_PCD_ConnectCallback
                0x08007f80        0xc Src/usbd_conf.o
                0x08007f80                HAL_PCD_ConnectCallback
 .text.HAL_PCD_DisconnectCallback
                0x08007f8c        0xc Src/usbd_conf.o
                0x08007f8c                HAL_PCD_DisconnectCallback
 .text.USBD_LL_Init
                0x08007f98       0x78 Src/usbd_conf.o
                0x08007f98                USBD_LL_Init
 .text.USBD_LL_Start
                0x08008010       0x20 Src/usbd_conf.o
                0x08008010                USBD_LL_Start
 .text.USBD_LL_OpenEP
                0x08008030       0x24 Src/usbd_conf.o
                0x08008030                USBD_LL_OpenEP
 .text.USBD_LL_CloseEP
                0x08008054       0x20 Src/usbd_conf.o
                0x08008054                USBD_LL_CloseEP
 .text.USBD_LL_StallEP
                0x08008074       0x20 Src/usbd_conf.o
                0x08008074                USBD_LL_StallEP
 .text.USBD_LL_ClearStallEP
                0x08008094       0x20 Src/usbd_conf.o
                0x08008094                USBD_LL_ClearStallEP
 .text.USBD_LL_IsStallEP
                0x080080b4       0x30 Src/usbd_conf.o
                0x080080b4                USBD_LL_IsStallEP
 .text.USBD_LL_SetUSBAddress
                0x080080e4       0x20 Src/usbd_conf.o
                0x080080e4                USBD_LL_SetUSBAddress
 .text.USBD_LL_Transmit
                0x08008104       0x20 Src/usbd_conf.o
                0x08008104                USBD_LL_Transmit
 .text.USBD_LL_PrepareReceive
                0x08008124       0x20 Src/usbd_conf.o
                0x08008124                USBD_LL_PrepareReceive
 .text.USBD_LL_GetRxDataSize
                0x08008144        0xc Src/usbd_conf.o
                0x08008144                USBD_LL_GetRxDataSize
 .text.USBD_HS_DeviceDescriptor
                0x08008150        0xc Src/usbd_desc.o
                0x08008150                USBD_HS_DeviceDescriptor
 .text.USBD_HS_LangIDStrDescriptor
                0x0800815c        0xc Src/usbd_desc.o
                0x0800815c                USBD_HS_LangIDStrDescriptor
 .text.USBD_HS_ProductStrDescriptor
                0x08008168       0x24 Src/usbd_desc.o
                0x08008168                USBD_HS_ProductStrDescriptor
 .text.USBD_HS_ManufacturerStrDescriptor
                0x0800818c       0x1c Src/usbd_desc.o
                0x0800818c                USBD_HS_ManufacturerStrDescriptor
 .text.USBD_HS_SerialStrDescriptor
                0x080081a8       0x24 Src/usbd_desc.o
                0x080081a8                USBD_HS_SerialStrDescriptor
 .text.USBD_HS_ConfigStrDescriptor
                0x080081cc       0x24 Src/usbd_desc.o
                0x080081cc                USBD_HS_ConfigStrDescriptor
 .text.USBD_HS_InterfaceStrDescriptor
                0x080081f0       0x24 Src/usbd_desc.o
                0x080081f0                USBD_HS_InterfaceStrDescriptor
 .text.Reset_Handler
                0x08008214       0x50 startup/startup_stm32f205xx.o
                0x08008214                Reset_Handler
 .text.Default_Handler
                0x08008264        0x2 startup/startup_stm32f205xx.o
                0x08008264                RTC_Alarm_IRQHandler
                0x08008264                HASH_RNG_IRQHandler
                0x08008264                EXTI2_IRQHandler
                0x08008264                TIM8_CC_IRQHandler
                0x08008264                TIM1_CC_IRQHandler
                0x08008264                DMA2_Stream5_IRQHandler
                0x08008264                PVD_IRQHandler
                0x08008264                SDIO_IRQHandler
                0x08008264                TAMP_STAMP_IRQHandler
                0x08008264                CAN2_RX1_IRQHandler
                0x08008264                EXTI3_IRQHandler
                0x08008264                TIM8_TRG_COM_TIM14_IRQHandler
                0x08008264                TIM1_UP_TIM10_IRQHandler
                0x08008264                TIM8_UP_TIM13_IRQHandler
                0x08008264                I2C3_ER_IRQHandler
                0x08008264                EXTI0_IRQHandler
                0x08008264                I2C2_EV_IRQHandler
                0x08008264                DMA1_Stream2_IRQHandler
                0x08008264                CAN1_RX0_IRQHandler
                0x08008264                OTG_HS_WKUP_IRQHandler
                0x08008264                CAN2_SCE_IRQHandler
                0x08008264                DMA2_Stream2_IRQHandler
                0x08008264                SPI1_IRQHandler
                0x08008264                TIM1_BRK_TIM9_IRQHandler
                0x08008264                CAN2_RX0_IRQHandler
                0x08008264                DMA2_Stream3_IRQHandler
                0x08008264                USART6_IRQHandler
                0x08008264                USART3_IRQHandler
                0x08008264                CAN1_RX1_IRQHandler
                0x08008264                UART5_IRQHandler
                0x08008264                DMA2_Stream0_IRQHandler
                0x08008264                TIM4_IRQHandler
                0x08008264                I2C1_EV_IRQHandler
                0x08008264                DMA1_Stream6_IRQHandler
                0x08008264                DMA1_Stream1_IRQHandler
                0x08008264                UART4_IRQHandler
                0x08008264                TIM3_IRQHandler
                0x08008264                RCC_IRQHandler
                0x08008264                TIM8_BRK_TIM12_IRQHandler
                0x08008264                Default_Handler
                0x08008264                EXTI15_10_IRQHandler
                0x08008264                DMA1_Stream7_IRQHandler
                0x08008264                TIM7_IRQHandler
                0x08008264                CAN2_TX_IRQHandler
                0x08008264                TIM5_IRQHandler
                0x08008264                DMA2_Stream7_IRQHandler
                0x08008264                I2C3_EV_IRQHandler
                0x08008264                EXTI9_5_IRQHandler
                0x08008264                RTC_WKUP_IRQHandler
                0x08008264                SPI2_IRQHandler
                0x08008264                OTG_HS_EP1_IN_IRQHandler
                0x08008264                DMA1_Stream0_IRQHandler
                0x08008264                CAN1_TX_IRQHandler
                0x08008264                EXTI4_IRQHandler
                0x08008264                FSMC_IRQHandler
                0x08008264                OTG_HS_EP1_OUT_IRQHandler
                0x08008264                WWDG_IRQHandler
                0x08008264                TIM2_IRQHandler
                0x08008264                OTG_FS_WKUP_IRQHandler
                0x08008264                TIM1_TRG_COM_TIM11_IRQHandler
                0x08008264                EXTI1_IRQHandler
                0x08008264                USART2_IRQHandler
                0x08008264                I2C2_ER_IRQHandler
                0x08008264                DMA2_Stream1_IRQHandler
                0x08008264                CAN1_SCE_IRQHandler
                0x08008264                FLASH_IRQHandler
                0x08008264                USART1_IRQHandler
                0x08008264                OTG_FS_IRQHandler
                0x08008264                SPI3_IRQHandler
                0x08008264                DMA1_Stream4_IRQHandler
                0x08008264                I2C1_ER_IRQHandler
                0x08008264                DMA2_Stream6_IRQHandler
                0x08008264                DMA1_Stream3_IRQHandler
 .text.atoi     0x08008266        0x8 c:/ac6/systemworkbench/plugins/fr.ac6.mcu.externaltools.arm-none.win32_1.13.3.201707031232/tools/compiler/bin/../lib/gcc/arm-none-eabi/5.4.1/../../../../arm-none-eabi/lib/armv7-m\libc_nano.a(lib_a-atoi.o)
                0x08008266                atoi
 *fill*         0x0800826e        0x2 
 .text.__libc_init_array
                0x08008270       0x4c c:/ac6/systemworkbench/plugins/fr.ac6.mcu.externaltools.arm-none.win32_1.13.3.201707031232/tools/compiler/bin/../lib/gcc/arm-none-eabi/5.4.1/../../../../arm-none-eabi/lib/armv7-m\libc_nano.a(lib_a-init.o)
                0x08008270                __libc_init_array
 .text.malloc   0x080082bc       0x10 c:/ac6/systemworkbench/plugins/fr.ac6.mcu.externaltools.arm-none.win32_1.13.3.201707031232/tools/compiler/bin/../lib/gcc/arm-none-eabi/5.4.1/../../../../arm-none-eabi/lib/armv7-m\libc_nano.a(lib_a-malloc.o)
                0x080082bc                malloc
 .text.free     0x080082cc       0x10 c:/ac6/systemworkbench/plugins/fr.ac6.mcu.externaltools.arm-none.win32_1.13.3.201707031232/tools/compiler/bin/../lib/gcc/arm-none-eabi/5.4.1/../../../../arm-none-eabi/lib/armv7-m\libc_nano.a(lib_a-malloc.o)
                0x080082cc                free
 .text.memcpy   0x080082dc       0x16 c:/ac6/systemworkbench/plugins/fr.ac6.mcu.externaltools.arm-none.win32_1.13.3.201707031232/tools/compiler/bin/../lib/gcc/arm-none-eabi/5.4.1/../../../../arm-none-eabi/lib/armv7-m\libc_nano.a(lib_a-memcpy-stub.o)
                0x080082dc                memcpy
 .text.memset   0x080082f2       0x10 c:/ac6/systemworkbench/plugins/fr.ac6.mcu.externaltools.arm-none.win32_1.13.3.201707031232/tools/compiler/bin/../lib/gcc/arm-none-eabi/5.4.1/../../../../arm-none-eabi/lib/armv7-m\libc_nano.a(lib_a-memset.o)
                0x080082f2                memset
 *fill*         0x08008302        0x2 
 .text._free_r  0x08008304       0x98 c:/ac6/systemworkbench/plugins/fr.ac6.mcu.externaltools.arm-none.win32_1.13.3.201707031232/tools/compiler/bin/../lib/gcc/arm-none-eabi/5.4.1/../../../../arm-none-eabi/lib/armv7-m\libc_nano.a(lib_a-nano-freer.o)
                0x08008304                _free_r
 .text._malloc_r
                0x0800839c       0xbc c:/ac6/systemworkbench/plugins/fr.ac6.mcu.externaltools.arm-none.win32_1.13.3.201707031232/tools/compiler/bin/../lib/gcc/arm-none-eabi/5.4.1/../../../../arm-none-eabi/lib/armv7-m\libc_nano.a(lib_a-nano-mallocr.o)
                0x0800839c                _malloc_r
 .text._sbrk_r  0x08008458       0x20 c:/ac6/systemworkbench/plugins/fr.ac6.mcu.externaltools.arm-none.win32_1.13.3.201707031232/tools/compiler/bin/../lib/gcc/arm-none-eabi/5.4.1/../../../../arm-none-eabi/lib/armv7-m\libc_nano.a(lib_a-sbrkr.o)
                0x08008458                _sbrk_r
 .text.sprintf  0x08008478       0x48 c:/ac6/systemworkbench/plugins/fr.ac6.mcu.externaltools.arm-none.win32_1.13.3.201707031232/tools/compiler/bin/../lib/gcc/arm-none-eabi/5.4.1/../../../../arm-none-eabi/lib/armv7-m\libc_nano.a(lib_a-sprintf.o)
                0x08008478                siprintf
                0x08008478                sprintf
 .text._strtol_l.isra.0
                0x080084c0      0x110 c:/ac6/systemworkbench/plugins/fr.ac6.mcu.externaltools.arm-none.win32_1.13.3.201707031232/tools/compiler/bin/../lib/gcc/arm-none-eabi/5.4.1/../../../../arm-none-eabi/lib/armv7-m\libc_nano.a(lib_a-strtol.o)
 .text.strtol   0x080085d0       0x2c c:/ac6/systemworkbench/plugins/fr.ac6.mcu.externaltools.arm-none.win32_1.13.3.201707031232/tools/compiler/bin/../lib/gcc/arm-none-eabi/5.4.1/../../../../arm-none-eabi/lib/armv7-m\libc_nano.a(lib_a-strtol.o)
                0x080085d0                strtol
 .text.__locale_ctype_ptr_l
                0x080085fc        0x6 c:/ac6/systemworkbench/plugins/fr.ac6.mcu.externaltools.arm-none.win32_1.13.3.201707031232/tools/compiler/bin/../lib/gcc/arm-none-eabi/5.4.1/../../../../arm-none-eabi/lib/armv7-m\libc_nano.a(lib_a-locale.o)
                0x080085fc                __locale_ctype_ptr_l
 .text.__ascii_mbtowc
                0x08008602       0x24 c:/ac6/systemworkbench/plugins/fr.ac6.mcu.externaltools.arm-none.win32_1.13.3.201707031232/tools/compiler/bin/../lib/gcc/arm-none-eabi/5.4.1/../../../../arm-none-eabi/lib/armv7-m\libc_nano.a(lib_a-mbtowc_r.o)
                0x08008602                __ascii_mbtowc
 .text.__malloc_lock
                0x08008626        0x2 c:/ac6/systemworkbench/plugins/fr.ac6.mcu.externaltools.arm-none.win32_1.13.3.201707031232/tools/compiler/bin/../lib/gcc/arm-none-eabi/5.4.1/../../../../arm-none-eabi/lib/armv7-m\libc_nano.a(lib_a-mlock.o)
                0x08008626                __malloc_lock
 .text.__malloc_unlock
                0x08008628        0x2 c:/ac6/systemworkbench/plugins/fr.ac6.mcu.externaltools.arm-none.win32_1.13.3.201707031232/tools/compiler/bin/../lib/gcc/arm-none-eabi/5.4.1/../../../../arm-none-eabi/lib/armv7-m\libc_nano.a(lib_a-mlock.o)
                0x08008628                __malloc_unlock
 .text.__ssputs_r
                0x0800862a       0xb2 c:/ac6/systemworkbench/plugins/fr.ac6.mcu.externaltools.arm-none.win32_1.13.3.201707031232/tools/compiler/bin/../lib/gcc/arm-none-eabi/5.4.1/../../../../arm-none-eabi/lib/armv7-m\libc_nano.a(lib_a-nano-svfprintf.o)
                0x0800862a                __ssputs_r
 .text._svfprintf_r
                0x080086dc      0x1e8 c:/ac6/systemworkbench/plugins/fr.ac6.mcu.externaltools.arm-none.win32_1.13.3.201707031232/tools/compiler/bin/../lib/gcc/arm-none-eabi/5.4.1/../../../../arm-none-eabi/lib/armv7-m\libc_nano.a(lib_a-nano-svfprintf.o)
                0x080086dc                _svfiprintf_r
                0x080086dc                _svfprintf_r
 .text._printf_common
                0x080088c4       0xec c:/ac6/systemworkbench/plugins/fr.ac6.mcu.externaltools.arm-none.win32_1.13.3.201707031232/tools/compiler/bin/../lib/gcc/arm-none-eabi/5.4.1/../../../../arm-none-eabi/lib/armv7-m\libc_nano.a(lib_a-nano-vfprintf_i.o)
                0x080088c4                _printf_common
 .text._printf_i
                0x080089b0      0x24c c:/ac6/systemworkbench/plugins/fr.ac6.mcu.externaltools.arm-none.win32_1.13.3.201707031232/tools/compiler/bin/../lib/gcc/arm-none-eabi/5.4.1/../../../../arm-none-eabi/lib/armv7-m\libc_nano.a(lib_a-nano-vfprintf_i.o)
                0x080089b0                _printf_i
 .text.__ascii_wctomb
                0x08008bfc       0x1a c:/ac6/systemworkbench/plugins/fr.ac6.mcu.externaltools.arm-none.win32_1.13.3.201707031232/tools/compiler/bin/../lib/gcc/arm-none-eabi/5.4.1/../../../../arm-none-eabi/lib/armv7-m\libc_nano.a(lib_a-wctomb_r.o)
                0x08008bfc                __ascii_wctomb
 .text.memchr   0x08008c16       0x1c c:/ac6/systemworkbench/plugins/fr.ac6.mcu.externaltools.arm-none.win32_1.13.3.201707031232/tools/compiler/bin/../lib/gcc/arm-none-eabi/5.4.1/../../../../arm-none-eabi/lib/armv7-m\libc_nano.a(lib_a-memchr-stub.o)
                0x08008c16                memchr
 .text.memmove  0x08008c32       0x36 c:/ac6/systemworkbench/plugins/fr.ac6.mcu.externaltools.arm-none.win32_1.13.3.201707031232/tools/compiler/bin/../lib/gcc/arm-none-eabi/5.4.1/../../../../arm-none-eabi/lib/armv7-m\libc_nano.a(lib_a-memmove.o)
                0x08008c32                memmove
 .text._realloc_r
                0x08008c68       0x4c c:/ac6/systemworkbench/plugins/fr.ac6.mcu.externaltools.arm-none.win32_1.13.3.201707031232/tools/compiler/bin/../lib/gcc/arm-none-eabi/5.4.1/../../../../arm-none-eabi/lib/armv7-m\libc_nano.a(lib_a-nano-reallocr.o)
                0x08008c68                _realloc_r
 .text._malloc_usable_size_r
                0x08008cb4       0x14 c:/ac6/systemworkbench/plugins/fr.ac6.mcu.externaltools.arm-none.win32_1.13.3.201707031232/tools/compiler/bin/../lib/gcc/arm-none-eabi/5.4.1/../../../../arm-none-eabi/lib/armv7-m\libc_nano.a(lib_a-nano-msizer.o)
                0x08008cb4                _malloc_usable_size_r
 .text._sbrk    0x08008cc8       0x1c c:/ac6/systemworkbench/plugins/fr.ac6.mcu.externaltools.arm-none.win32_1.13.3.201707031232/tools/compiler/bin/../lib/gcc/arm-none-eabi/5.4.1/../../../../arm-none-eabi/lib/armv7-m\libnosys.a(sbrk.o)
                0x08008cc8                _sbrk
 *(.glue_7)
 .glue_7        0x08008ce4        0x0 linker stubs
 *(.glue_7t)
 .glue_7t       0x08008ce4        0x0 linker stubs
 *(.eh_frame)
 .eh_frame      0x08008ce4        0x0 c:/ac6/systemworkbench/plugins/fr.ac6.mcu.externaltools.arm-none.win32_1.13.3.201707031232/tools/compiler/bin/../lib/gcc/arm-none-eabi/5.4.1/armv7-m/crtbegin.o
 *(.init)
 .init          0x08008ce4        0x4 c:/ac6/systemworkbench/plugins/fr.ac6.mcu.externaltools.arm-none.win32_1.13.3.201707031232/tools/compiler/bin/../lib/gcc/arm-none-eabi/5.4.1/armv7-m/crti.o
                0x08008ce4                _init
 .init          0x08008ce8        0x8 c:/ac6/systemworkbench/plugins/fr.ac6.mcu.externaltools.arm-none.win32_1.13.3.201707031232/tools/compiler/bin/../lib/gcc/arm-none-eabi/5.4.1/armv7-m/crtn.o
 *(.fini)
 .fini          0x08008cf0        0x4 c:/ac6/systemworkbench/plugins/fr.ac6.mcu.externaltools.arm-none.win32_1.13.3.201707031232/tools/compiler/bin/../lib/gcc/arm-none-eabi/5.4.1/armv7-m/crti.o
                0x08008cf0                _fini
 .fini          0x08008cf4        0x8 c:/ac6/systemworkbench/plugins/fr.ac6.mcu.externaltools.arm-none.win32_1.13.3.201707031232/tools/compiler/bin/../lib/gcc/arm-none-eabi/5.4.1/armv7-m/crtn.o
                0x08008cfc                . = ALIGN (0x4)
                0x08008cfc                _etext = .

.vfp11_veneer   0x08008cfc        0x0
 .vfp11_veneer  0x08008cfc        0x0 linker stubs

.v4_bx          0x08008cfc        0x0
 .v4_bx         0x08008cfc        0x0 linker stubs

.iplt           0x08008cfc        0x0
 .iplt          0x08008cfc        0x0 c:/ac6/systemworkbench/plugins/fr.ac6.mcu.externaltools.arm-none.win32_1.13.3.201707031232/tools/compiler/bin/../lib/gcc/arm-none-eabi/5.4.1/armv7-m/crtbegin.o

.rodata         0x08008cfc      0x2fc
                0x08008cfc                . = ALIGN (0x4)
 *(.rodata)
 .rodata        0x08008cfc        0x8 Drivers/STM32F2xx_HAL_Driver/Src/stm32f2xx_hal_dma.o
 .rodata        0x08008d04       0x28 Src/freertos.o
 .rodata        0x08008d2c        0x4 Src/main_process.o
                0x08008d2c                os_mutex_def_data_mutex
 .rodata        0x08008d30       0x18 Src/system_stm32f2xx.o
                0x08008d30                AHBPrescTable
                0x08008d40                APBPrescTable
 *(.rodata*)
 .rodata.str1.4
                0x08008d48        0x5 Middlewares/Third_Party/FreeRTOS/Source/tasks.o
 *fill*         0x08008d4d        0x3 
 .rodata.str1.4
                0x08008d50        0xd Src/adc.o
 *fill*         0x08008d5d        0x3 
 .rodata.str1.4
                0x08008d60       0x81 Src/config_commands.o
 *fill*         0x08008de1        0x3 
 .rodata.str1.4
                0x08008de4        0xd Src/dac.o
 *fill*         0x08008df1        0x3 
 .rodata.str1.4
                0x08008df4       0x18 Src/freertos.o
 .rodata.str1.4
                0x08008e0c        0xe Src/main.o
 *fill*         0x08008e1a        0x2 
 .rodata.str1.4
                0x08008e1c        0xd Src/spi.o
 *fill*         0x08008e29        0x3 
 .rodata.str1.4
                0x08008e2c        0xd Src/tim.o
 *fill*         0x08008e39        0x3 
 .rodata.str1.4
                0x08008e3c        0xf Src/usart.o
 *fill*         0x08008e4b        0x1 
 .rodata.str1.4
                0x08008e4c       0x13 Src/usbd_conf.o
 *fill*         0x08008e5f        0x1 
 .rodata.str1.4
                0x08008e60       0x58 Src/usbd_desc.o
                                 0x56 (size before relaxing)
 .rodata.str1.1
                0x08008eb8        0xa c:/ac6/systemworkbench/plugins/fr.ac6.mcu.externaltools.arm-none.win32_1.13.3.201707031232/tools/compiler/bin/../lib/gcc/arm-none-eabi/5.4.1/../../../../arm-none-eabi/lib/armv7-m\libc_nano.a(lib_a-locale.o)
                                  0xb (size before relaxing)
 .rodata.str1.1
                0x08008ec2       0x11 c:/ac6/systemworkbench/plugins/fr.ac6.mcu.externaltools.arm-none.win32_1.13.3.201707031232/tools/compiler/bin/../lib/gcc/arm-none-eabi/5.4.1/../../../../arm-none-eabi/lib/armv7-m\libc_nano.a(lib_a-nano-svfprintf.o)
 .rodata.str1.1
                0x08008ed3       0x22 c:/ac6/systemworkbench/plugins/fr.ac6.mcu.externaltools.arm-none.win32_1.13.3.201707031232/tools/compiler/bin/../lib/gcc/arm-none-eabi/5.4.1/../../../../arm-none-eabi/lib/armv7-m\libc_nano.a(lib_a-nano-vfprintf_i.o)
 .rodata._ctype_
                0x08008ef5      0x101 c:/ac6/systemworkbench/plugins/fr.ac6.mcu.externaltools.arm-none.win32_1.13.3.201707031232/tools/compiler/bin/../lib/gcc/arm-none-eabi/5.4.1/../../../../arm-none-eabi/lib/armv7-m\libc_nano.a(lib_a-ctype_.o)
                0x08008ef5                _ctype_
                0x08008ff8                . = ALIGN (0x4)
 *fill*         0x08008ff6        0x2 

.rel.dyn        0x08008ff8        0x0
 .rel.iplt      0x08008ff8        0x0 c:/ac6/systemworkbench/plugins/fr.ac6.mcu.externaltools.arm-none.win32_1.13.3.201707031232/tools/compiler/bin/../lib/gcc/arm-none-eabi/5.4.1/armv7-m/crtbegin.o

.ARM.extab
 *(.ARM.extab* .gnu.linkonce.armextab.*)

.ARM            0x08008ff8        0x0
                0x08008ff8                __exidx_start = .
 *(.ARM.exidx*)
                0x08008ff8                __exidx_end = .

.preinit_array  0x08008ff8        0x0
                0x08008ff8                PROVIDE (__preinit_array_start, .)
 *(.preinit_array*)
                0x08008ff8                PROVIDE (__preinit_array_end, .)

.init_array     0x08008ff8        0x4
                0x08008ff8                PROVIDE (__init_array_start, .)
 *(SORT(.init_array.*))
 *(.init_array*)
 .init_array    0x08008ff8        0x4 c:/ac6/systemworkbench/plugins/fr.ac6.mcu.externaltools.arm-none.win32_1.13.3.201707031232/tools/compiler/bin/../lib/gcc/arm-none-eabi/5.4.1/armv7-m/crtbegin.o
                0x08008ffc                PROVIDE (__init_array_end, .)

.fini_array     0x08008ffc        0x4
                [!provide]                PROVIDE (__fini_array_start, .)
 *(SORT(.fini_array.*))
 *(.fini_array*)
 .fini_array    0x08008ffc        0x4 c:/ac6/systemworkbench/plugins/fr.ac6.mcu.externaltools.arm-none.win32_1.13.3.201707031232/tools/compiler/bin/../lib/gcc/arm-none-eabi/5.4.1/armv7-m/crtbegin.o
                [!provide]                PROVIDE (__fini_array_end, .)
                0x08009000                _sidata = LOADADDR (.data)

.data           0x20000000      0x32c load address 0x08009000
                0x20000000                . = ALIGN (0x4)
                0x20000000                _sdata = .
 *(.data)
 .data          0x20000000      0x110 Middlewares/ST/STM32_USB_Device_Library/Class/CDC/Src/usbd_cdc.o
                0x20000000                USBD_CDC_CfgFSDesc
                0x20000044                USBD_CDC_CfgHSDesc
                0x20000088                USBD_CDC_OtherSpeedCfgDesc
                0x200000d8                USBD_CDC
 .data          0x20000110        0x4 Middlewares/Third_Party/FreeRTOS/Source/portable/GCC/ARM_CM3/port.o
 .data          0x20000114        0x4 Src/system_stm32f2xx.o
                0x20000114                SystemCoreClock
 .data          0x20000118       0x10 Src/usbd_cdc_if.o
                0x20000118                USBD_Interface_fops_HS
 .data          0x20000128       0x34 Src/usbd_desc.o
                0x20000128                USBD_HS_DeviceDesc
                0x2000013c                USBD_LangIDDesc
                0x20000140                HS_Desc
 *(.data*)
 .data.impure_data
                0x2000015c       0x60 c:/ac6/systemworkbench/plugins/fr.ac6.mcu.externaltools.arm-none.win32_1.13.3.201707031232/tools/compiler/bin/../lib/gcc/arm-none-eabi/5.4.1/../../../../arm-none-eabi/lib/armv7-m\libc_nano.a(lib_a-impure.o)
 .data._impure_ptr
                0x200001bc        0x4 c:/ac6/systemworkbench/plugins/fr.ac6.mcu.externaltools.arm-none.win32_1.13.3.201707031232/tools/compiler/bin/../lib/gcc/arm-none-eabi/5.4.1/../../../../arm-none-eabi/lib/armv7-m\libc_nano.a(lib_a-impure.o)
                0x200001bc                _impure_ptr
 .data.__global_locale
                0x200001c0      0x16c c:/ac6/systemworkbench/plugins/fr.ac6.mcu.externaltools.arm-none.win32_1.13.3.201707031232/tools/compiler/bin/../lib/gcc/arm-none-eabi/5.4.1/../../../../arm-none-eabi/lib/armv7-m\libc_nano.a(lib_a-locale.o)
                0x200001c0                __global_locale
                0x2000032c                . = ALIGN (0x4)
                0x2000032c                _edata = .

.jcr            0x2000032c        0x0 load address 0x0800932c
 .jcr           0x2000032c        0x0 c:/ac6/systemworkbench/plugins/fr.ac6.mcu.externaltools.arm-none.win32_1.13.3.201707031232/tools/compiler/bin/../lib/gcc/arm-none-eabi/5.4.1/armv7-m/crtbegin.o

.igot.plt       0x2000032c        0x0 load address 0x0800932c
 .igot.plt      0x2000032c        0x0 c:/ac6/systemworkbench/plugins/fr.ac6.mcu.externaltools.arm-none.win32_1.13.3.201707031232/tools/compiler/bin/../lib/gcc/arm-none-eabi/5.4.1/armv7-m/crtbegin.o
                0x2000032c                . = ALIGN (0x4)

.bss            0x2000032c    0x10770 load address 0x0800932c
                0x2000032c                _sbss = .
                0x2000032c                __bss_start__ = _sbss
 *(.bss)
 .bss           0x2000032c       0x1c c:/ac6/systemworkbench/plugins/fr.ac6.mcu.externaltools.arm-none.win32_1.13.3.201707031232/tools/compiler/bin/../lib/gcc/arm-none-eabi/5.4.1/armv7-m/crtbegin.o
 .bss           0x20000348        0x1 Middlewares/ST/STM32_USB_Device_Library/Class/CDC/Src/usbd_cdc.o
 .bss           0x20000349        0x1 Middlewares/ST/STM32_USB_Device_Library/Core/Src/usbd_ctlreq.o
 *fill*         0x2000034a        0x2 
 .bss           0x2000034c      0x12c Middlewares/Third_Party/FreeRTOS/Source/tasks.o
                0x2000044c                pxCurrentTCB
 .bss           0x20000478        0x8 Middlewares/Third_Party/FreeRTOS/Source/portable/GCC/ARM_CM3/port.o
 .bss           0x20000480     0xeab4 Middlewares/Third_Party/FreeRTOS/Source/portable/MemMang/heap_4.o
 .bss           0x2000ef34        0x9 Src/main_process.o
                0x2000ef34                flag
                0x2000ef35                buffer_half
                0x2000ef3c                init
 *(.bss*)
 *fill*         0x2000ef3d        0x3 
 .bss.__malloc_sbrk_start
                0x2000ef40        0x4 c:/ac6/systemworkbench/plugins/fr.ac6.mcu.externaltools.arm-none.win32_1.13.3.201707031232/tools/compiler/bin/../lib/gcc/arm-none-eabi/5.4.1/../../../../arm-none-eabi/lib/armv7-m\libc_nano.a(lib_a-nano-mallocr.o)
                0x2000ef40                __malloc_sbrk_start
 .bss.__malloc_free_list
                0x2000ef44        0x4 c:/ac6/systemworkbench/plugins/fr.ac6.mcu.externaltools.arm-none.win32_1.13.3.201707031232/tools/compiler/bin/../lib/gcc/arm-none-eabi/5.4.1/../../../../arm-none-eabi/lib/armv7-m\libc_nano.a(lib_a-nano-mallocr.o)
                0x2000ef44                __malloc_free_list
 .bss.heap_end.4167
                0x2000ef48        0x4 c:/ac6/systemworkbench/plugins/fr.ac6.mcu.externaltools.arm-none.win32_1.13.3.201707031232/tools/compiler/bin/../lib/gcc/arm-none-eabi/5.4.1/../../../../arm-none-eabi/lib/armv7-m\libnosys.a(sbrk.o)
 *(COMMON)
 COMMON         0x2000ef4c        0x4 Drivers/STM32F2xx_HAL_Driver/Src/stm32f2xx_hal.o
                0x2000ef4c                uwTick
 COMMON         0x2000ef50      0x138 Src/adc.o
                0x2000ef50                hadc2
                0x2000ef98                hadc1
                0x2000efe0                hadc3
                0x2000f028                hdma_adc1
 COMMON         0x2000f088        0x4 Src/command_receive.o
                0x2000f088                new_input_data
 COMMON         0x2000f08c        0x8 Src/config_ramp.o
                0x2000f08c                temp_ramp
 COMMON         0x2000f094       0x74 Src/dac.o
                0x2000f094                hdma_dac1
                0x2000f0f4                hdac
 COMMON         0x2000f108        0x8 Src/freertos.o
                0x2000f108                defaultTaskHandle
                0x2000f10c                commsHandle
 COMMON         0x2000f110       0x1c Src/main_process.o
                0x2000f110                dac_data
                0x2000f120                data_mutex_id
                0x2000f124                adc_data
 COMMON         0x2000f12c       0x58 Src/spi.o
                0x2000f12c                hspi3
 COMMON         0x2000f184       0xc0 Src/tim.o
                0x2000f184                htim4
                0x2000f1c4                htim6
                0x2000f204                htim2
 COMMON         0x2000f244       0x40 Src/usart.o
                0x2000f244                huart3
 COMMON         0x2000f284      0x224 Src/usb_device.o
                0x2000f284                hUsbDeviceHS
 COMMON         0x2000f4a8     0x1008 Src/usbd_cdc_if.o
                0x2000f4a8                UserRxBufferHS
                0x2000fca8                tempbuf
                0x2000fcb0                UserTxBufferHS
 COMMON         0x200104b0      0x3e8 Src/usbd_conf.o
                0x200104b0                hpcd_USB_OTG_HS
 COMMON         0x20010898      0x200 Src/usbd_desc.o
                0x20010898                USBD_StrDesc
 COMMON         0x20010a98        0x4 c:/ac6/systemworkbench/plugins/fr.ac6.mcu.externaltools.arm-none.win32_1.13.3.201707031232/tools/compiler/bin/../lib/gcc/arm-none-eabi/5.4.1/../../../../arm-none-eabi/lib/armv7-m\libc_nano.a(lib_a-reent.o)
                0x20010a98                errno
                0x20010a9c                . = ALIGN (0x4)
                0x20010a9c                _ebss = .
                0x20010a9c                __bss_end__ = _ebss

._user_heap_stack
                0x20010a9c     0x6004 load address 0x0800932c
                0x20010aa0                . = ALIGN (0x8)
 *fill*         0x20010a9c        0x4 
                0x20010aa0                PROVIDE (end, .)
                [!provide]                PROVIDE (_end, .)
                0x20012aa0                . = (. + _Min_Heap_Size)
 *fill*         0x20010aa0     0x2000 
                0x20016aa0                . = (. + _Min_Stack_Size)
 *fill*         0x20012aa0     0x4000 
                0x20016aa0                . = ALIGN (0x8)

/DISCARD/
 libc.a(*)
 libm.a(*)
 libgcc.a(*)

.ARM.attributes
                0x00000000       0x29
 *(.ARM.attributes)
 .ARM.attributes
                0x00000000       0x1d c:/ac6/systemworkbench/plugins/fr.ac6.mcu.externaltools.arm-none.win32_1.13.3.201707031232/tools/compiler/bin/../lib/gcc/arm-none-eabi/5.4.1/armv7-m/crti.o
 .ARM.attributes
                0x0000001d       0x2d c:/ac6/systemworkbench/plugins/fr.ac6.mcu.externaltools.arm-none.win32_1.13.3.201707031232/tools/compiler/bin/../lib/gcc/arm-none-eabi/5.4.1/armv7-m/crtbegin.o
 .ARM.attributes
                0x0000004a       0x33 Drivers/STM32F2xx_HAL_Driver/Src/stm32f2xx_hal.o
 .ARM.attributes
                0x0000007d       0x33 Drivers/STM32F2xx_HAL_Driver/Src/stm32f2xx_hal_adc.o
 .ARM.attributes