Archive member included to satisfy reference by file (symbol)

c:/program files (x86)/atollic/truestudio for stm32 9.0.0/armtools/bin/../lib/gcc/arm-atollic-eabi/6.3.1/../../../../arm-atollic-eabi/lib/armv7-m\libc_nano.a(lib_a-atoi.o)
                              Src\config_commands.o (atoi)
c:/program files (x86)/atollic/truestudio for stm32 9.0.0/armtools/bin/../lib/gcc/arm-atollic-eabi/6.3.1/../../../../arm-atollic-eabi/lib/armv7-m\libc_nano.a(lib_a-init.o)
                              startup\startup_stm32f205xx.o (__libc_init_array)
c:/program files (x86)/atollic/truestudio for stm32 9.0.0/armtools/bin/../lib/gcc/arm-atollic-eabi/6.3.1/../../../../arm-atollic-eabi/lib/armv7-m\libc_nano.a(lib_a-malloc.o)
                              Middlewares\ST\STM32_USB_Device_Library\Class\CDC\Src\usbd_cdc.o (malloc)
c:/program files (x86)/atollic/truestudio for stm32 9.0.0/armtools/bin/../lib/gcc/arm-atollic-eabi/6.3.1/../../../../arm-atollic-eabi/lib/armv7-m\libc_nano.a(lib_a-memcpy-stub.o)
                              Middlewares\Third_Party\FreeRTOS\Source\queue.o (memcpy)
c:/program files (x86)/atollic/truestudio for stm32 9.0.0/armtools/bin/../lib/gcc/arm-atollic-eabi/6.3.1/../../../../arm-atollic-eabi/lib/armv7-m\libc_nano.a(lib_a-memmove.o)
                              Src\protocol.o (memmove)
c:/program files (x86)/atollic/truestudio for stm32 9.0.0/armtools/bin/../lib/gcc/arm-atollic-eabi/6.3.1/../../../../arm-atollic-eabi/lib/armv7-m\libc_nano.a(lib_a-memset.o)
                              Src\main_process.o (memset)
c:/program files (x86)/atollic/truestudio for stm32 9.0.0/armtools/bin/../lib/gcc/arm-atollic-eabi/6.3.1/../../../../arm-atollic-eabi/lib/armv7-m\libc_nano.a(lib_a-nano-freer.o)
                              c:/program files (x86)/atollic/truestudio for stm32 9.0.0/armtools/bin/../lib/gcc/arm-atollic-eabi/6.3.1/../../../../arm-atollic-eabi/lib/armv7-m\libc_nano.a(lib_a-malloc.o) (_free_r)
c:/program files (x86)/atollic/truestudio for stm32 9.0.0/armtools/bin/../lib/gcc/arm-atollic-eabi/6.3.1/../../../../arm-atollic-eabi/lib/armv7-m\libc_nano.a(lib_a-nano-mallocr.o)
                              c:/program files (x86)/atollic/truestudio for stm32 9.0.0/armtools/bin/../lib/gcc/arm-atollic-eabi/6.3.1/../../../../arm-atollic-eabi/lib/armv7-m\libc_nano.a(lib_a-malloc.o) (_malloc_r)
c:/program files (x86)/atollic/truestudio for stm32 9.0.0/armtools/bin/../lib/gcc/arm-atollic-eabi/6.3.1/../../../../arm-atollic-eabi/lib/armv7-m\libc_nano.a(lib_a-sbrkr.o)
                              c:/program files (x86)/atollic/truestudio for stm32 9.0.0/armtools/bin/../lib/gcc/arm-atollic-eabi/6.3.1/../../../../arm-atollic-eabi/lib/armv7-m\libc_nano.a(lib_a-nano-mallocr.o) (_sbrk_r)
c:/program files (x86)/atollic/truestudio for stm32 9.0.0/armtools/bin/../lib/gcc/arm-atollic-eabi/6.3.1/../../../../arm-atollic-eabi/lib/armv7-m\libc_nano.a(lib_a-strcmp.o)
                              Src\config_commands.o (strcmp)
c:/program files (x86)/atollic/truestudio for stm32 9.0.0/armtools/bin/../lib/gcc/arm-atollic-eabi/6.3.1/../../../../arm-atollic-eabi/lib/armv7-m\libc_nano.a(lib_a-strtol.o)
                              c:/program files (x86)/atollic/truestudio for stm32 9.0.0/armtools/bin/../lib/gcc/arm-atollic-eabi/6.3.1/../../../../arm-atollic-eabi/lib/armv7-m\libc_nano.a(lib_a-atoi.o) (_strtol_r)
c:/program files (x86)/atollic/truestudio for stm32 9.0.0/armtools/bin/../lib/gcc/arm-atollic-eabi/6.3.1/../../../../arm-atollic-eabi/lib/armv7-m\libc_nano.a(lib_a-impure.o)
                              c:/program files (x86)/atollic/truestudio for stm32 9.0.0/armtools/bin/../lib/gcc/arm-atollic-eabi/6.3.1/../../../../arm-atollic-eabi/lib/armv7-m\libc_nano.a(lib_a-malloc.o) (_impure_ptr)
c:/program files (x86)/atollic/truestudio for stm32 9.0.0/armtools/bin/../lib/gcc/arm-atollic-eabi/6.3.1/../../../../arm-atollic-eabi/lib/armv7-m\libc_nano.a(lib_a-locale.o)
                              c:/program files (x86)/atollic/truestudio for stm32 9.0.0/armtools/bin/../lib/gcc/arm-atollic-eabi/6.3.1/../../../../arm-atollic-eabi/lib/armv7-m\libc_nano.a(lib_a-strtol.o) (__locale_ctype_ptr_l)
c:/program files (x86)/atollic/truestudio for stm32 9.0.0/armtools/bin/../lib/gcc/arm-atollic-eabi/6.3.1/../../../../arm-atollic-eabi/lib/armv7-m\libc_nano.a(lib_a-mbtowc_r.o)
                              c:/program files (x86)/atollic/truestudio for stm32 9.0.0/armtools/bin/../lib/gcc/arm-atollic-eabi/6.3.1/../../../../arm-atollic-eabi/lib/armv7-m\libc_nano.a(lib_a-locale.o) (__ascii_mbtowc)
c:/program files (x86)/atollic/truestudio for stm32 9.0.0/armtools/bin/../lib/gcc/arm-atollic-eabi/6.3.1/../../../../arm-atollic-eabi/lib/armv7-m\libc_nano.a(lib_a-mlock.o)
                              c:/program files (x86)/atollic/truestudio for stm32 9.0.0/armtools/bin/../lib/gcc/arm-atollic-eabi/6.3.1/../../../../arm-atollic-eabi/lib/armv7-m\libc_nano.a(lib_a-nano-freer.o) (__malloc_lock)
[...]
Memory Configuration

Name             Origin             Length             Attributes
RAM              0x20000000         0x00020000         xrw
FLASH            0x08000000         0x00080000         xr
*default*        0x00000000         0xffffffff

Linker script and memory map

LOAD c:/program files (x86)/atollic/truestudio for stm32 9.0.0/armtools/bin/../lib/gcc/arm-atollic-eabi/6.3.1/armv7-m/crti.o
LOAD c:/program files (x86)/atollic/truestudio for stm32 9.0.0/armtools/bin/../lib/gcc/arm-atollic-eabi/6.3.1/armv7-m/crtbegin.o
LOAD Drivers\STM32F2xx_HAL_Driver\Src\stm32f2xx_hal.o
LOAD Drivers\STM32F2xx_HAL_Driver\Src\stm32f2xx_hal_adc.o
LOAD Drivers\STM32F2xx_HAL_Driver\Src\stm32f2xx_hal_adc_ex.o
LOAD Drivers\STM32F2xx_HAL_Driver\Src\stm32f2xx_hal_cortex.o
LOAD Drivers\STM32F2xx_HAL_Driver\Src\stm32f2xx_hal_dac.o
LOAD Drivers\STM32F2xx_HAL_Driver\Src\stm32f2xx_hal_dac_ex.o
LOAD Drivers\STM32F2xx_HAL_Driver\Src\stm32f2xx_hal_dma.o
LOAD Drivers\STM32F2xx_HAL_Driver\Src\stm32f2xx_hal_dma_ex.o
LOAD Drivers\STM32F2xx_HAL_Driver\Src\stm32f2xx_hal_flash.o
LOAD Drivers\STM32F2xx_HAL_Driver\Src\stm32f2xx_hal_flash_ex.o
LOAD Drivers\STM32F2xx_HAL_Driver\Src\stm32f2xx_hal_gpio.o
LOAD Drivers\STM32F2xx_HAL_Driver\Src\stm32f2xx_hal_pcd.o
LOAD Drivers\STM32F2xx_HAL_Driver\Src\stm32f2xx_hal_pcd_ex.o
LOAD Drivers\STM32F2xx_HAL_Driver\Src\stm32f2xx_hal_pwr.o
LOAD Drivers\STM32F2xx_HAL_Driver\Src\stm32f2xx_hal_pwr_ex.o
LOAD Drivers\STM32F2xx_HAL_Driver\Src\stm32f2xx_hal_rcc.o
LOAD Drivers\STM32F2xx_HAL_Driver\Src\stm32f2xx_hal_rcc_ex.o
LOAD Drivers\STM32F2xx_HAL_Driver\Src\stm32f2xx_hal_spi.o
LOAD Drivers\STM32F2xx_HAL_Driver\Src\stm32f2xx_hal_tim.o
LOAD Drivers\STM32F2xx_HAL_Driver\Src\stm32f2xx_hal_tim_ex.o
LOAD Drivers\STM32F2xx_HAL_Driver\Src\stm32f2xx_hal_uart.o
LOAD Drivers\STM32F2xx_HAL_Driver\Src\stm32f2xx_ll_usb.o
LOAD Middlewares\ST\STM32_USB_Device_Library\Class\CDC\Src\usbd_cdc.o
LOAD Middlewares\ST\STM32_USB_Device_Library\Core\Src\usbd_core.o
LOAD Middlewares\ST\STM32_USB_Device_Library\Core\Src\usbd_ctlreq.o
LOAD Middlewares\ST\STM32_USB_Device_Library\Core\Src\usbd_ioreq.o
LOAD Middlewares\Third_Party\FreeRTOS\Source\CMSIS_RTOS\cmsis_os.o
LOAD Middlewares\Third_Party\FreeRTOS\Source\croutine.o
LOAD Middlewares\Third_Party\FreeRTOS\Source\event_groups.o
LOAD Middlewares\Third_Party\FreeRTOS\Source\list.o
LOAD Middlewares\Third_Party\FreeRTOS\Source\portable\GCC\ARM_CM3\port.o
LOAD Middlewares\Third_Party\FreeRTOS\Source\portable\MemMang\heap_4.o
LOAD Middlewares\Third_Party\FreeRTOS\Source\queue.o
LOAD Middlewares\Third_Party\FreeRTOS\Source\tasks.o
LOAD Middlewares\Third_Party\FreeRTOS\Source\timers.o
LOAD Src\adc.o
LOAD Src\command_receive.o
LOAD Src\comms_process.o
LOAD Src\config_commands.o
LOAD Src\config_ramp.o
LOAD Src\dac.o
LOAD Src\dma.o
LOAD Src\freertos.o
LOAD Src\gpio.o
LOAD Src\main.o
LOAD Src\main_process.o
LOAD Src\pga.o
LOAD Src\protocol.o
LOAD Src\spi.o
LOAD Src\stm32f2xx_hal_msp.o
LOAD Src\stm32f2xx_it.o
LOAD Src\strfunc.o
LOAD Src\system_stm32f2xx.o
LOAD Src\tim.o
LOAD Src\usart.o
LOAD Src\usb_device.o
LOAD Src\usbd_cdc_if.o
LOAD Src\usbd_conf.o
LOAD Src\usbd_desc.o
LOAD startup\startup_stm32f205xx.o
                0x00000080                malloc_getpagesize_P = 0x80
START GROUP
LOAD c:/program files (x86)/atollic/truestudio for stm32 9.0.0/armtools/bin/../lib/gcc/arm-atollic-eabi/6.3.1/../../../../arm-atollic-eabi/lib/armv7-m\libc_nano.a
LOAD c:/program files (x86)/atollic/truestudio for stm32 9.0.0/armtools/bin/../lib/gcc/arm-atollic-eabi/6.3.1/../../../../arm-atollic-eabi/lib/armv7-m\libm.a
END GROUP
START GROUP
LOAD c:/program files (x86)/atollic/truestudio for stm32 9.0.0/armtools/bin/../lib/gcc/arm-atollic-eabi/6.3.1/armv7-m\libgcc.a
LOAD c:/program files (x86)/atollic/truestudio for stm32 9.0.0/armtools/bin/../lib/gcc/arm-atollic-eabi/6.3.1/../../../../arm-atollic-eabi/lib/armv7-m\libc_nano.a
END GROUP
START GROUP
LOAD c:/program files (x86)/atollic/truestudio for stm32 9.0.0/armtools/bin/../lib/gcc/arm-atollic-eabi/6.3.1/armv7-m\libgcc.a
LOAD c:/program files (x86)/atollic/truestudio for stm32 9.0.0/armtools/bin/../lib/gcc/arm-atollic-eabi/6.3.1/../../../../arm-atollic-eabi/lib/armv7-m\libc_nano.a
LOAD c:/program files (x86)/atollic/truestudio for stm32 9.0.0/armtools/bin/../lib/gcc/arm-atollic-eabi/6.3.1/../../../../arm-atollic-eabi/lib/armv7-m\libnosys.a
END GROUP
START GROUP
LOAD c:/program files (x86)/atollic/truestudio for stm32 9.0.0/armtools/bin/../lib/gcc/arm-atollic-eabi/6.3.1/armv7-m\libgcc.a
LOAD c:/program files (x86)/atollic/truestudio for stm32 9.0.0/armtools/bin/../lib/gcc/arm-atollic-eabi/6.3.1/../../../../arm-atollic-eabi/lib/armv7-m\libc_nano.a
LOAD c:/program files (x86)/atollic/truestudio for stm32 9.0.0/armtools/bin/../lib/gcc/arm-atollic-eabi/6.3.1/../../../../arm-atollic-eabi/lib/armv7-m\libnosys.a
END GROUP
LOAD c:/program files (x86)/atollic/truestudio for stm32 9.0.0/armtools/bin/../lib/gcc/arm-atollic-eabi/6.3.1/armv7-m/crtend.o
LOAD c:/program files (x86)/atollic/truestudio for stm32 9.0.0/armtools/bin/../lib/gcc/arm-atollic-eabi/6.3.1/armv7-m/crtn.o
                0x20020000                _estack = 0x20020000
                0x00002000                _Min_Heap_Size = 0x2000
                0x00004000                _Min_Stack_Size = 0x4000

.isr_vector     0x08000000      0x184
                0x08000000                . = ALIGN (0x4)
 *(.isr_vector)
 .isr_vector    0x08000000      0x184 startup\startup_stm32f205xx.o
                0x08000000                g_pfnVectors
                0x08000184                . = ALIGN (0x4)

.text           0x08000190     0x850c
                0x08000190                . = ALIGN (0x4)
 *(.text)
 .text          0x08000190       0x40 c:/program files (x86)/atollic/truestudio for stm32 9.0.0/armtools/bin/../lib/gcc/arm-atollic-eabi/6.3.1/armv7-m/crtbegin.o
 .text          0x080001d0       0x14 c:/program files (x86)/atollic/truestudio for stm32 9.0.0/armtools/bin/../lib/gcc/arm-atollic-eabi/6.3.1/../../../../arm-atollic-eabi/lib/armv7-m\libc_nano.a(lib_a-strcmp.o)
                0x080001d0                strcmp
 .text          0x080001e4      0x21c c:/program files (x86)/atollic/truestudio for stm32 9.0.0/armtools/bin/../lib/gcc/arm-atollic-eabi/6.3.1/armv7-m\libgcc.a(_arm_addsubsf3.o)
                0x080001e4                __aeabi_frsub
                0x080001ec                __subsf3
                0x080001ec                __aeabi_fsub
                0x080001f0                __aeabi_fadd
                0x080001f0                __addsf3
                0x08000350                __aeabi_ui2f
                0x08000350                __floatunsisf
                0x08000358                __aeabi_i2f
                0x08000358                __floatsisf
                0x08000374                __aeabi_ul2f
                0x08000374                __floatundisf
                0x08000384                __aeabi_l2f
                0x08000384                __floatdisf
 .text          0x08000400      0x2a0 c:/program files (x86)/atollic/truestudio for stm32 9.0.0/armtools/bin/../lib/gcc/arm-atollic-eabi/6.3.1/armv7-m\libgcc.a(_arm_muldivsf3.o)
                0x08000400                __mulsf3
                0x08000400                __aeabi_fmul
                0x08000568                __aeabi_fdiv
                0x08000568                __divsf3
 .text          0x080006a0       0x40 c:/program files (x86)/atollic/truestudio for stm32 9.0.0/armtools/bin/../lib/gcc/arm-atollic-eabi/6.3.1/armv7-m\libgcc.a(_arm_fixunssfsi.o)
                0x080006a0                __fixunssfsi
                0x080006a0                __aeabi_f2uiz
 *(.text*)
 .text.HAL_InitTick
                0x080006e0       0x2c Drivers\STM32F2xx_HAL_Driver\Src\stm32f2xx_hal.o
                0x080006e0                HAL_InitTick
 .text.HAL_Init
                0x0800070c       0x34 Drivers\STM32F2xx_HAL_Driver\Src\stm32f2xx_hal.o
                0x0800070c                HAL_Init
 .text.HAL_IncTick
                0x08000740       0x10 Drivers\STM32F2xx_HAL_Driver\Src\stm32f2xx_hal.o
                0x08000740                HAL_IncTick
 .text.HAL_GetTick
                0x08000750        0xc Drivers\STM32F2xx_HAL_Driver\Src\stm32f2xx_hal.o
                0x08000750                HAL_GetTick
 .text.HAL_Delay
                0x0800075c       0x24 Drivers\STM32F2xx_HAL_Driver\Src\stm32f2xx_hal.o
                0x0800075c                HAL_Delay
 .text.HAL_ADC_Init
                0x08000780      0x168 Drivers\STM32F2xx_HAL_Driver\Src\stm32f2xx_hal_adc.o
                0x08000780                HAL_ADC_Init
 .text.HAL_ADC_Start
                0x080008e8       0xd0 Drivers\STM32F2xx_HAL_Driver\Src\stm32f2xx_hal_adc.o
                0x080008e8                HAL_ADC_Start
 .text.HAL_ADC_Start_DMA
                0x080009b8      0x11c Drivers\STM32F2xx_HAL_Driver\Src\stm32f2xx_hal_adc.o
                0x080009b8                HAL_ADC_Start_DMA
 .text.HAL_ADC_Stop_DMA
                0x08000ad4       0x60 Drivers\STM32F2xx_HAL_Driver\Src\stm32f2xx_hal_adc.o
                0x08000ad4                HAL_ADC_Stop_DMA
 .text.HAL_ADC_GetValue
                0x08000b34        0x8 Drivers\STM32F2xx_HAL_Driver\Src\stm32f2xx_hal_adc.o
                0x08000b34                HAL_ADC_GetValue
 .text.ADC_DMAConvCplt
                0x08000b3c       0x60 Drivers\STM32F2xx_HAL_Driver\Src\stm32f2xx_hal_adc.o
 .text.ADC_DMAHalfConvCplt
                0x08000b9c        0xc Drivers\STM32F2xx_HAL_Driver\Src\stm32f2xx_hal_adc.o
 .text.HAL_ADC_LevelOutOfWindowCallback
                0x08000ba8        0x4 Drivers\STM32F2xx_HAL_Driver\Src\stm32f2xx_hal_adc.o
                0x08000ba8                HAL_ADC_LevelOutOfWindowCallback
 .text.HAL_ADC_IRQHandler
                0x08000bac      0x12c Drivers\STM32F2xx_HAL_Driver\Src\stm32f2xx_hal_adc.o
                0x08000bac                HAL_ADC_IRQHandler
 .text.ADC_DMAError
                0x08000cd8       0x18 Drivers\STM32F2xx_HAL_Driver\Src\stm32f2xx_hal_adc.o
 .text.HAL_ADC_ConfigChannel
                0x08000cf0      0x144 Drivers\STM32F2xx_HAL_Driver\Src\stm32f2xx_hal_adc.o
                0x08000cf0                HAL_ADC_ConfigChannel
 .text.HAL_ADCEx_InjectedConvCpltCallback
                0x08000e34        0x4 Drivers\STM32F2xx_HAL_Driver\Src\stm32f2xx_hal_adc_ex.o
                0x08000e34                HAL_ADCEx_InjectedConvCpltCallback
 .text.HAL_NVIC_SetPriorityGrouping
                0x08000e38       0x24 Drivers\STM32F2xx_HAL_Driver\Src\stm32f2xx_hal_cortex.o
                0x08000e38                HAL_NVIC_SetPriorityGrouping
 .text.HAL_NVIC_SetPriority
                0x08000e5c       0x6c Drivers\STM32F2xx_HAL_Driver\Src\stm32f2xx_hal_cortex.o
                0x08000e5c                HAL_NVIC_SetPriority
 .text.HAL_NVIC_EnableIRQ
                0x08000ec8       0x18 Drivers\STM32F2xx_HAL_Driver\Src\stm32f2xx_hal_cortex.o
                0x08000ec8                HAL_NVIC_EnableIRQ
 .text.HAL_SYSTICK_Config
                0x08000ee0       0x30 Drivers\STM32F2xx_HAL_Driver\Src\stm32f2xx_hal_cortex.o
                0x08000ee0                HAL_SYSTICK_Config
 .text.HAL_SYSTICK_CLKSourceConfig
                0x08000f10       0x18 Drivers\STM32F2xx_HAL_Driver\Src\stm32f2xx_hal_cortex.o
                0x08000f10                HAL_SYSTICK_CLKSourceConfig
 .text.HAL_DAC_Init
                0x08000f28       0x2c Drivers\STM32F2xx_HAL_Driver\Src\stm32f2xx_hal_dac.o
                0x08000f28                HAL_DAC_Init
 .text.HAL_DAC_Start_DMA
                0x08000f54       0xe4 Drivers\STM32F2xx_HAL_Driver\Src\stm32f2xx_hal_dac.o
                0x08000f54                HAL_DAC_Start_DMA
 .text.HAL_DAC_Stop_DMA
                0x08001038       0x44 Drivers\STM32F2xx_HAL_Driver\Src\stm32f2xx_hal_dac.o
                0x08001038                HAL_DAC_Stop_DMA
 .text.HAL_DAC_ConvCpltCallbackCh1
                0x0800107c        0x4 Drivers\STM32F2xx_HAL_Driver\Src\stm32f2xx_hal_dac.o
                0x0800107c                HAL_DAC_ConvCpltCallbackCh1
 .text.DAC_DMAConvCpltCh1
                0x08001080       0x10 Drivers\STM32F2xx_HAL_Driver\Src\stm32f2xx_hal_dac.o
 .text.HAL_DAC_ConvHalfCpltCallbackCh1
                0x08001090        0x4 Drivers\STM32F2xx_HAL_Driver\Src\stm32f2xx_hal_dac.o
                0x08001090                HAL_DAC_ConvHalfCpltCallbackCh1
 .text.DAC_DMAHalfConvCpltCh1
                0x08001094        0xc Drivers\STM32F2xx_HAL_Driver\Src\stm32f2xx_hal_dac.o
 .text.DAC_DMAErrorCh1
                0x080010a0       0x18 Drivers\STM32F2xx_HAL_Driver\Src\stm32f2xx_hal_dac.o
 .text.HAL_DAC_DMAUnderrunCallbackCh1
                0x080010b8        0x4 Drivers\STM32F2xx_HAL_Driver\Src\stm32f2xx_hal_dac.o
                0x080010b8                HAL_DAC_DMAUnderrunCallbackCh1
 .text.HAL_DAC_IRQHandler
                0x080010bc       0x5c Drivers\STM32F2xx_HAL_Driver\Src\stm32f2xx_hal_dac.o
                0x080010bc                HAL_DAC_IRQHandler
 .text.HAL_DAC_ConfigChannel
                0x08001118       0x50 Drivers\STM32F2xx_HAL_Driver\Src\stm32f2xx_hal_dac.o
                0x08001118                HAL_DAC_ConfigChannel
 .text.HAL_DACEx_ConvCpltCallbackCh2
                0x08001168        0x4 Drivers\STM32F2xx_HAL_Driver\Src\stm32f2xx_hal_dac_ex.o
                0x08001168                HAL_DACEx_ConvCpltCallbackCh2
 .text.HAL_DACEx_ConvHalfCpltCallbackCh2
                0x0800116c        0x4 Drivers\STM32F2xx_HAL_Driver\Src\stm32f2xx_hal_dac_ex.o
                0x0800116c                HAL_DACEx_ConvHalfCpltCallbackCh2
 .text.HAL_DACEx_ErrorCallbackCh2
                0x08001170        0x4 Drivers\STM32F2xx_HAL_Driver\Src\stm32f2xx_hal_dac_ex.o
                0x08001170                HAL_DACEx_ErrorCallbackCh2
 .text.HAL_DACEx_DMAUnderrunCallbackCh2
                0x08001174        0x4 Drivers\STM32F2xx_HAL_Driver\Src\stm32f2xx_hal_dac_ex.o
                0x08001174                HAL_DACEx_DMAUnderrunCallbackCh2
 .text.DAC_DMAConvCpltCh2
                0x08001178       0x10 Drivers\STM32F2xx_HAL_Driver\Src\stm32f2xx_hal_dac_ex.o
                0x08001178                DAC_DMAConvCpltCh2
 .text.DAC_DMAHalfConvCpltCh2
                0x08001188        0xc Drivers\STM32F2xx_HAL_Driver\Src\stm32f2xx_hal_dac_ex.o
                0x08001188                DAC_DMAHalfConvCpltCh2
 .text.DAC_DMAErrorCh2
                0x08001194       0x18 Drivers\STM32F2xx_HAL_Driver\Src\stm32f2xx_hal_dac_ex.o
                0x08001194                DAC_DMAErrorCh2
 .text.HAL_DMA_Init
                0x080011ac      0x138 Drivers\STM32F2xx_HAL_Driver\Src\stm32f2xx_hal_dma.o
                0x080011ac                HAL_DMA_Init
 .text.HAL_DMA_Start_IT
                0x080012e4       0x90 Drivers\STM32F2xx_HAL_Driver\Src\stm32f2xx_hal_dma.o
                0x080012e4                HAL_DMA_Start_IT
 .text.HAL_DMA_Abort
                0x08001374       0x90 Drivers\STM32F2xx_HAL_Driver\Src\stm32f2xx_hal_dma.o
                0x08001374                HAL_DMA_Abort
 .text.HAL_DMA_IRQHandler
                0x08001404      0x1a8 Drivers\STM32F2xx_HAL_Driver\Src\stm32f2xx_hal_dma.o
                0x08001404                HAL_DMA_IRQHandler
 .text.HAL_GPIO_Init
                0x080015ac      0x218 Drivers\STM32F2xx_HAL_Driver\Src\stm32f2xx_hal_gpio.o
                0x080015ac                HAL_GPIO_Init
 .text.HAL_GPIO_WritePin
                0x080017c4        0x8 Drivers\STM32F2xx_HAL_Driver\Src\stm32f2xx_hal_gpio.o
                0x080017c4                HAL_GPIO_WritePin
 .text.HAL_GPIO_TogglePin
                0x080017cc        0x8 Drivers\STM32F2xx_HAL_Driver\Src\stm32f2xx_hal_gpio.o
                0x080017cc                HAL_GPIO_TogglePin
 .text.HAL_PCD_Init
                0x080017d4      0x418 Drivers\STM32F2xx_HAL_Driver\Src\stm32f2xx_hal_pcd.o
                0x080017d4                HAL_PCD_Init
 .text.HAL_PCD_Start
                0x08001bec       0x2c Drivers\STM32F2xx_HAL_Driver\Src\stm32f2xx_hal_pcd.o
                0x08001bec                HAL_PCD_Start
 .text.HAL_PCD_IRQHandler
                0x08001c18      0x610 Drivers\STM32F2xx_HAL_Driver\Src\stm32f2xx_hal_pcd.o
                0x08001c18                HAL_PCD_IRQHandler
 .text.HAL_PCD_SetAddress
                0x08002228       0x24 Drivers\STM32F2xx_HAL_Driver\Src\stm32f2xx_hal_pcd.o
                0x08002228                HAL_PCD_SetAddress
 .text.HAL_PCD_EP_Open
                0x0800224c       0x78 Drivers\STM32F2xx_HAL_Driver\Src\stm32f2xx_hal_pcd.o
                0x0800224c                HAL_PCD_EP_Open
 .text.HAL_PCD_EP_Close
                0x080022c4       0x50 Drivers\STM32F2xx_HAL_Driver\Src\stm32f2xx_hal_pcd.o
                0x080022c4                HAL_PCD_EP_Close
 .text.HAL_PCD_EP_Receive
                0x08002314       0x4c Drivers\STM32F2xx_HAL_Driver\Src\stm32f2xx_hal_pcd.o
                0x08002314                HAL_PCD_EP_Receive
 .text.HAL_PCD_EP_GetRxCount
                0x08002360       0x14 Drivers\STM32F2xx_HAL_Driver\Src\stm32f2xx_hal_pcd.o
                0x08002360                HAL_PCD_EP_GetRxCount
 .text.HAL_PCD_EP_Transmit
                0x08002374       0x48 Drivers\STM32F2xx_HAL_Driver\Src\stm32f2xx_hal_pcd.o
                0x08002374                HAL_PCD_EP_Transmit
 .text.HAL_PCD_EP_SetStall
                0x080023bc       0x60 Drivers\STM32F2xx_HAL_Driver\Src\stm32f2xx_hal_pcd.o
                0x080023bc                HAL_PCD_EP_SetStall
 .text.HAL_PCD_EP_ClrStall
                0x0800241c       0x54 Drivers\STM32F2xx_HAL_Driver\Src\stm32f2xx_hal_pcd.o
                0x0800241c                HAL_PCD_EP_ClrStall
 .text.HAL_PCDEx_SetTxFiFo
                0x08002470       0x4c Drivers\STM32F2xx_HAL_Driver\Src\stm32f2xx_hal_pcd_ex.o
                0x08002470                HAL_PCDEx_SetTxFiFo
 .text.HAL_PCDEx_SetRxFiFo
                0x080024bc        0x8 Drivers\STM32F2xx_HAL_Driver\Src\stm32f2xx_hal_pcd_ex.o
                0x080024bc                HAL_PCDEx_SetRxFiFo
 .text.HAL_RCC_OscConfig
                0x080024c4      0x30c Drivers\STM32F2xx_HAL_Driver\Src\stm32f2xx_hal_rcc.o
                0x080024c4                HAL_RCC_OscConfig
 .text.HAL_RCC_ClockConfig
                0x080027d0      0x1a8 Drivers\STM32F2xx_HAL_Driver\Src\stm32f2xx_hal_rcc.o
                0x080027d0                HAL_RCC_ClockConfig
 .text.HAL_RCC_GetHCLKFreq
                0x08002978        0xc Drivers\STM32F2xx_HAL_Driver\Src\stm32f2xx_hal_rcc.o
                0x08002978                HAL_RCC_GetHCLKFreq
 .text.HAL_RCC_GetPCLK1Freq
                0x08002984       0x30 Drivers\STM32F2xx_HAL_Driver\Src\stm32f2xx_hal_rcc.o
                0x08002984                HAL_RCC_GetPCLK1Freq
 .text.HAL_RCC_GetPCLK2Freq
                0x080029b4       0x30 Drivers\STM32F2xx_HAL_Driver\Src\stm32f2xx_hal_rcc.o
                0x080029b4                HAL_RCC_GetPCLK2Freq
 .text.HAL_SPI_Init
                0x080029e4       0x80 Drivers\STM32F2xx_HAL_Driver\Src\stm32f2xx_hal_spi.o
                0x080029e4                HAL_SPI_Init
 .text.HAL_SPI_Transmit
                0x08002a64      0x2e8 Drivers\STM32F2xx_HAL_Driver\Src\stm32f2xx_hal_spi.o
                0x08002a64                HAL_SPI_Transmit
 .text.HAL_TIM_Base_Init
                0x08002d4c      0x108 Drivers\STM32F2xx_HAL_Driver\Src\stm32f2xx_hal_tim.o
                0x08002d4c                HAL_TIM_Base_Init
 .text.HAL_TIM_Base_Start
                0x08002e54       0x20 Drivers\STM32F2xx_HAL_Driver\Src\stm32f2xx_hal_tim.o
                0x08002e54                HAL_TIM_Base_Start
 .text.HAL_TIM_PWM_Init
                0x08002e74      0x108 Drivers\STM32F2xx_HAL_Driver\Src\stm32f2xx_hal_tim.o
                0x08002e74                HAL_TIM_PWM_Init
 .text.HAL_TIM_PWM_ConfigChannel
                0x08002f7c      0x214 Drivers\STM32F2xx_HAL_Driver\Src\stm32f2xx_hal_tim.o
                0x08002f7c                HAL_TIM_PWM_ConfigChannel
 .text.HAL_TIM_ConfigClockSource
                0x08003190      0x180 Drivers\STM32F2xx_HAL_Driver\Src\stm32f2xx_hal_tim.o
                0x08003190                HAL_TIM_ConfigClockSource
 .text.HAL_TIM_PeriodElapsedCallback
                0x08003310        0x4 Drivers\STM32F2xx_HAL_Driver\Src\stm32f2xx_hal_tim.o
                0x08003310                HAL_TIM_PeriodElapsedCallback
 .text.HAL_TIM_OC_DelayElapsedCallback
                0x08003314        0x4 Drivers\STM32F2xx_HAL_Driver\Src\stm32f2xx_hal_tim.o
                0x08003314                HAL_TIM_OC_DelayElapsedCallback
 .text.HAL_TIM_IC_CaptureCallback
                0x08003318        0x4 Drivers\STM32F2xx_HAL_Driver\Src\stm32f2xx_hal_tim.o
                0x08003318                HAL_TIM_IC_CaptureCallback
 .text.HAL_TIM_PWM_PulseFinishedCallback
                0x0800331c        0x4 Drivers\STM32F2xx_HAL_Driver\Src\stm32f2xx_hal_tim.o
                0x0800331c                HAL_TIM_PWM_PulseFinishedCallback
 .text.HAL_TIM_TriggerCallback
                0x08003320        0x4 Drivers\STM32F2xx_HAL_Driver\Src\stm32f2xx_hal_tim.o
                0x08003320                HAL_TIM_TriggerCallback
 .text.HAL_TIM_IRQHandler
                0x08003324      0x154 Drivers\STM32F2xx_HAL_Driver\Src\stm32f2xx_hal_tim.o
                0x08003324                HAL_TIM_IRQHandler
 .text.HAL_TIMEx_MasterConfigSynchronization
                0x08003478       0x4c Drivers\STM32F2xx_HAL_Driver\Src\stm32f2xx_hal_tim_ex.o
                0x08003478                HAL_TIMEx_MasterConfigSynchronization
 .text.HAL_TIMEx_CommutationCallback
                0x080034c4        0x4 Drivers\STM32F2xx_HAL_Driver\Src\stm32f2xx_hal_tim_ex.o
                0x080034c4                HAL_TIMEx_CommutationCallback
 .text.HAL_TIMEx_BreakCallback
                0x080034c8        0x4 Drivers\STM32F2xx_HAL_Driver\Src\stm32f2xx_hal_tim_ex.o
                0x080034c8                HAL_TIMEx_BreakCallback
 .text.UART_SetConfig
                0x080034cc      0x2dc Drivers\STM32F2xx_HAL_Driver\Src\stm32f2xx_hal_uart.o
 .text.HAL_UART_Init
                0x080037a8       0x60 Drivers\STM32F2xx_HAL_Driver\Src\stm32f2xx_hal_uart.o
                0x080037a8                HAL_UART_Init
 .text.USB_CoreInit
                0x08003808       0xb8 Drivers\STM32F2xx_HAL_Driver\Src\stm32f2xx_ll_usb.o
                0x08003808                USB_CoreInit
 .text.USB_EnableGlobalInt
                0x080038c0       0x10 Drivers\STM32F2xx_HAL_Driver\Src\stm32f2xx_ll_usb.o
                0x080038c0                USB_EnableGlobalInt
 .text.USB_DisableGlobalInt
                0x080038d0       0x10 Drivers\STM32F2xx_HAL_Driver\Src\stm32f2xx_ll_usb.o
                0x080038d0                USB_DisableGlobalInt
 .text.USB_SetCurrentMode
                0x080038e0       0x34 Drivers\STM32F2xx_HAL_Driver\Src\stm32f2xx_ll_usb.o
                0x080038e0                USB_SetCurrentMode
 .text.USB_DevInit
                0x08003914      0x188 Drivers\STM32F2xx_HAL_Driver\Src\stm32f2xx_ll_usb.o
                0x08003914                USB_DevInit
 .text.USB_FlushTxFifo
                0x08003a9c       0x24 Drivers\STM32F2xx_HAL_Driver\Src\stm32f2xx_ll_usb.o
                0x08003a9c                USB_FlushTxFifo
 .text.USB_GetDevSpeed
                0x08003ac0       0x38 Drivers\STM32F2xx_HAL_Driver\Src\stm32f2xx_ll_usb.o
                0x08003ac0                USB_GetDevSpeed
 .text.USB_ActivateEndpoint
                0x08003af8       0x8c Drivers\STM32F2xx_HAL_Driver\Src\stm32f2xx_ll_usb.o
                0x08003af8                USB_ActivateEndpoint
 .text.USB_DeactivateEndpoint
                0x08003b84       0x60 Drivers\STM32F2xx_HAL_Driver\Src\stm32f2xx_ll_usb.o
                0x08003b84                USB_DeactivateEndpoint
 .text.USB_EPStartXfer
                0x08003be4      0x1c8 Drivers\STM32F2xx_HAL_Driver\Src\stm32f2xx_ll_usb.o
                0x08003be4                USB_EPStartXfer
 .text.USB_EP0StartXfer
                0x08003dac      0x114 Drivers\STM32F2xx_HAL_Driver\Src\stm32f2xx_ll_usb.o
                0x08003dac                USB_EP0StartXfer
 .text.USB_WritePacket
                0x08003ec0       0x2c Drivers\STM32F2xx_HAL_Driver\Src\stm32f2xx_ll_usb.o
                0x08003ec0                USB_WritePacket
 .text.USB_ReadPacket
                0x08003eec       0x1c Drivers\STM32F2xx_HAL_Driver\Src\stm32f2xx_ll_usb.o
                0x08003eec                USB_ReadPacket
 .text.USB_EPSetStall
                0x08003f08       0x38 Drivers\STM32F2xx_HAL_Driver\Src\stm32f2xx_ll_usb.o
                0x08003f08                USB_EPSetStall
 .text.USB_EPClearStall
                0x08003f40       0x30 Drivers\STM32F2xx_HAL_Driver\Src\stm32f2xx_ll_usb.o
                0x08003f40                USB_EPClearStall
 .text.USB_SetDevAddress
                0x08003f70       0x20 Drivers\STM32F2xx_HAL_Driver\Src\stm32f2xx_ll_usb.o
                0x08003f70                USB_SetDevAddress
 .text.USB_DevConnect
                0x08003f90       0x1c Drivers\STM32F2xx_HAL_Driver\Src\stm32f2xx_ll_usb.o
                0x08003f90                USB_DevConnect
 .text.USB_DevDisconnect
                0x08003fac       0x1c Drivers\STM32F2xx_HAL_Driver\Src\stm32f2xx_ll_usb.o
                0x08003fac                USB_DevDisconnect
 .text.USB_ReadInterrupts
                0x08003fc8        0x8 Drivers\STM32F2xx_HAL_Driver\Src\stm32f2xx_ll_usb.o
                0x08003fc8                USB_ReadInterrupts
 .text.USB_ReadDevAllOutEpInterrupt
                0x08003fd0       0x10 Drivers\STM32F2xx_HAL_Driver\Src\stm32f2xx_ll_usb.o
                0x08003fd0                USB_ReadDevAllOutEpInterrupt
 .text.USB_ReadDevAllInEpInterrupt
                0x08003fe0       0x10 Drivers\STM32F2xx_HAL_Driver\Src\stm32f2xx_ll_usb.o
                0x08003fe0                USB_ReadDevAllInEpInterrupt
 .text.USB_ReadDevOutEPInterrupt
                0x08003ff0       0x14 Drivers\STM32F2xx_HAL_Driver\Src\stm32f2xx_ll_usb.o
                0x08003ff0                USB_ReadDevOutEPInterrupt
 .text.USB_ReadDevInEPInterrupt
                0x08004004       0x24 Drivers\STM32F2xx_HAL_Driver\Src\stm32f2xx_ll_usb.o
                0x08004004                USB_ReadDevInEPInterrupt
 .text.USB_GetMode
                0x08004028        0x8 Drivers\STM32F2xx_HAL_Driver\Src\stm32f2xx_ll_usb.o
                0x08004028                USB_GetMode
 .text.USB_ActivateSetup
                0x08004030       0x38 Drivers\STM32F2xx_HAL_Driver\Src\stm32f2xx_ll_usb.o
                0x08004030                USB_ActivateSetup
 .text.USB_EP0_OutStart
                0x08004068       0x44 Drivers\STM32F2xx_HAL_Driver\Src\stm32f2xx_ll_usb.o
                0x08004068                USB_EP0_OutStart
 .text.USBD_CDC_EP0_RxReady
                0x080040ac       0x28 Middlewares\ST\STM32_USB_Device_Library\Class\CDC\Src\usbd_cdc.o
 .text.USBD_CDC_GetFSCfgDesc
                0x080040d4        0xc Middlewares\ST\STM32_USB_Device_Library\Class\CDC\Src\usbd_cdc.o
 .text.USBD_CDC_GetHSCfgDesc
                0x080040e0        0xc Middlewares\ST\STM32_USB_Device_Library\Class\CDC\Src\usbd_cdc.o
 .text.USBD_CDC_GetOtherSpeedCfgDesc
                0x080040ec        0xc Middlewares\ST\STM32_USB_Device_Library\Class\CDC\Src\usbd_cdc.o
 .text.USBD_CDC_GetDeviceQualifierDescriptor
                0x080040f8        0xc Middlewares\ST\STM32_USB_Device_Library\Class\CDC\Src\usbd_cdc.o
                0x080040f8                USBD_CDC_GetDeviceQualifierDescriptor
 .text.USBD_CDC_DataOut
                0x08004104       0x30 Middlewares\ST\STM32_USB_Device_Library\Class\CDC\Src\usbd_cdc.o
 .text.USBD_CDC_DataIn
                0x08004134       0x28 Middlewares\ST\STM32_USB_Device_Library\Class\CDC\Src\usbd_cdc.o
 .text.USBD_CDC_Setup
                0x0800415c       0x74 Middlewares\ST\STM32_USB_Device_Library\Class\CDC\Src\usbd_cdc.o
 .text.USBD_CDC_DeInit
                0x080041d0       0x3c Middlewares\ST\STM32_USB_Device_Library\Class\CDC\Src\usbd_cdc.o
 .text.USBD_CDC_Init
                0x0800420c       0x90 Middlewares\ST\STM32_USB_Device_Library\Class\CDC\Src\usbd_cdc.o
 .text.USBD_CDC_RegisterInterface
                0x0800429c       0x10 Middlewares\ST\STM32_USB_Device_Library\Class\CDC\Src\usbd_cdc.o
                0x0800429c                USBD_CDC_RegisterInterface
 .text.USBD_CDC_SetTxBuffer
                0x080042ac       0x10 Middlewares\ST\STM32_USB_Device_Library\Class\CDC\Src\usbd_cdc.o
                0x080042ac                USBD_CDC_SetTxBuffer
 .text.USBD_CDC_SetRxBuffer
                0x080042bc        0xc Middlewares\ST\STM32_USB_Device_Library\Class\CDC\Src\usbd_cdc.o
                0x080042bc                USBD_CDC_SetRxBuffer
 .text.USBD_CDC_TransmitPacket
                0x080042c8       0x30 Middlewares\ST\STM32_USB_Device_Library\Class\CDC\Src\usbd_cdc.o
                0x080042c8                USBD_CDC_TransmitPacket
 .text.USBD_CDC_ReceivePacket
                0x080042f8       0x30 Middlewares\ST\STM32_USB_Device_Library\Class\CDC\Src\usbd_cdc.o
                0x080042f8                USBD_CDC_ReceivePacket
 .text.USBD_Init
                0x08004328       0x2c Middlewares\ST\STM32_USB_Device_Library\Core\Src\usbd_core.o
                0x08004328                USBD_Init
 .text.USBD_RegisterClass
                0x08004354       0x10 Middlewares\ST\STM32_USB_Device_Library\Core\Src\usbd_core.o
                0x08004354                USBD_RegisterClass
 .text.USBD_Start
                0x08004364        0xc Middlewares\ST\STM32_USB_Device_Library\Core\Src\usbd_core.o
                0x08004364                USBD_Start
 .text.USBD_SetClassConfig
                0x08004370       0x14 Middlewares\ST\STM32_USB_Device_Library\Core\Src\usbd_core.o
                0x08004370                USBD_SetClassConfig
 .text.USBD_ClrClassConfig
                0x08004384       0x10 Middlewares\ST\STM32_USB_Device_Library\Core\Src\usbd_core.o
                0x08004384                USBD_ClrClassConfig
 .text.USBD_LL_SetupStage
                0x08004394       0x60 Middlewares\ST\STM32_USB_Device_Library\Core\Src\usbd_core.o
                0x08004394                USBD_LL_SetupStage
 .text.USBD_LL_DataOutStage
                0x080043f4       0x6c Middlewares\ST\STM32_USB_Device_Library\Core\Src\usbd_core.o
                0x080043f4                USBD_LL_DataOutStage
 .text.USBD_LL_DataInStage
                0x08004460       0xa4 Middlewares\ST\STM32_USB_Device_Library\Core\Src\usbd_core.o
                0x08004460                USBD_LL_DataInStage
 .text.USBD_LL_Reset
                0x08004504       0x40 Middlewares\ST\STM32_USB_Device_Library\Core\Src\usbd_core.o
                0x08004504                USBD_LL_Reset
 .text.USBD_LL_SetSpeed
                0x08004544        0x8 Middlewares\ST\STM32_USB_Device_Library\Core\Src\usbd_core.o
                0x08004544                USBD_LL_SetSpeed
 .text.USBD_LL_Suspend
                0x0800454c       0x14 Middlewares\ST\STM32_USB_Device_Library\Core\Src\usbd_core.o
                0x0800454c                USBD_LL_Suspend
 .text.USBD_LL_Resume
                0x08004560       0x10 Middlewares\ST\STM32_USB_Device_Library\Core\Src\usbd_core.o
                0x08004560                USBD_LL_Resume
 .text.USBD_LL_SOF
                0x08004570       0x1c Middlewares\ST\STM32_USB_Device_Library\Core\Src\usbd_core.o
                0x08004570                USBD_LL_SOF
 .text.USBD_LL_IsoINIncomplete
                0x0800458c        0x4 Middlewares\ST\STM32_USB_Device_Library\Core\Src\usbd_core.o
                0x0800458c                USBD_LL_IsoINIncomplete
 .text.USBD_LL_IsoOUTIncomplete
                0x08004590        0x4 Middlewares\ST\STM32_USB_Device_Library\Core\Src\usbd_core.o
                0x08004590                USBD_LL_IsoOUTIncomplete
 .text.USBD_LL_DevConnected
                0x08004594        0x4 Middlewares\ST\STM32_USB_Device_Library\Core\Src\usbd_core.o
                0x08004594                USBD_LL_DevConnected
 .text.USBD_LL_DevDisconnected
                0x08004598       0x18 Middlewares\ST\STM32_USB_Device_Library\Core\Src\usbd_core.o
                0x08004598                USBD_LL_DevDisconnected
 .text.USBD_StdDevReq
                0x080045b0      0x29c Middlewares\ST\STM32_USB_Device_Library\Core\Src\usbd_ctlreq.o
                0x080045b0                USBD_StdDevReq
 .text.USBD_StdItfReq
                0x0800484c       0x3c Middlewares\ST\STM32_USB_Device_Library\Core\Src\usbd_ctlreq.o
                0x0800484c                USBD_StdItfReq
 .text.USBD_StdEPReq
                0x08004888       0xd0 Middlewares\ST\STM32_USB_Device_Library\Core\Src\usbd_ctlreq.o
                0x08004888                USBD_StdEPReq
 .text.USBD_ParseSetupRequest
                0x08004958       0x28 Middlewares\ST\STM32_USB_Device_Library\Core\Src\usbd_ctlreq.o
                0x08004958                USBD_ParseSetupRequest
 .text.USBD_GetString
                0x08004980       0x4c Middlewares\ST\STM32_USB_Device_Library\Core\Src\usbd_ctlreq.o
                0x08004980                USBD_GetString
 .text.USBD_CtlSendData
                0x080049cc       0x1c Middlewares\ST\STM32_USB_Device_Library\Core\Src\usbd_ioreq.o
                0x080049cc                USBD_CtlSendData
 .text.USBD_CtlContinueSendData
                0x080049e8       0x10 Middlewares\ST\STM32_USB_Device_Library\Core\Src\usbd_ioreq.o
                0x080049e8                USBD_CtlContinueSendData
 .text.USBD_CtlPrepareRx
                0x080049f8       0x20 Middlewares\ST\STM32_USB_Device_Library\Core\Src\usbd_ioreq.o
                0x080049f8                USBD_CtlPrepareRx
 .text.USBD_CtlContinueRx
                0x08004a18       0x10 Middlewares\ST\STM32_USB_Device_Library\Core\Src\usbd_ioreq.o
                0x08004a18                USBD_CtlContinueRx
 .text.USBD_CtlSendStatus
                0x08004a28       0x18 Middlewares\ST\STM32_USB_Device_Library\Core\Src\usbd_ioreq.o
                0x08004a28                USBD_CtlSendStatus
 .text.USBD_CtlReceiveStatus
                0x08004a40       0x18 Middlewares\ST\STM32_USB_Device_Library\Core\Src\usbd_ioreq.o
                0x08004a40                USBD_CtlReceiveStatus
 .text.osKernelStart
                0x08004a58        0xc Middlewares\Third_Party\FreeRTOS\Source\CMSIS_RTOS\cmsis_os.o
                0x08004a58                osKernelStart
 .text.osThreadCreate
                0x08004a64       0x34 Middlewares\Third_Party\FreeRTOS\Source\CMSIS_RTOS\cmsis_os.o
                0x08004a64                osThreadCreate
 .text.osDelay  0x08004a98       0x10 Middlewares\Third_Party\FreeRTOS\Source\CMSIS_RTOS\cmsis_os.o
                0x08004a98                osDelay
 .text.osMutexCreate
                0x08004aa8        0x8 Middlewares\Third_Party\FreeRTOS\Source\CMSIS_RTOS\cmsis_os.o
                0x08004aa8                osMutexCreate
 .text.osMutexWait
                0x08004ab0       0x54 Middlewares\Third_Party\FreeRTOS\Source\CMSIS_RTOS\cmsis_os.o
                0x08004ab0                osMutexWait
 .text.osMutexRelease
                0x08004b04       0x50 Middlewares\Third_Party\FreeRTOS\Source\CMSIS_RTOS\cmsis_os.o
                0x08004b04                osMutexRelease
 .text.osSystickHandler
                0x08004b54       0x14 Middlewares\Third_Party\FreeRTOS\Source\CMSIS_RTOS\cmsis_os.o
                0x08004b54                osSystickHandler
 .text.vListInitialise
                0x08004b68       0x18 Middlewares\Third_Party\FreeRTOS\Source\list.o
                0x08004b68                vListInitialise
 .text.vListInitialiseItem
                0x08004b80        0x8 Middlewares\Third_Party\FreeRTOS\Source\list.o
                0x08004b80                vListInitialiseItem
 .text.vListInsertEnd
                0x08004b88       0x1c Middlewares\Third_Party\FreeRTOS\Source\list.o
                0x08004b88                vListInsertEnd
 .text.vListInsert
                0x08004ba4       0x34 Middlewares\Third_Party\FreeRTOS\Source\list.o
                0x08004ba4                vListInsert
 .text.uxListRemove
                0x08004bd8       0x24 Middlewares\Third_Party\FreeRTOS\Source\list.o
                0x08004bd8                uxListRemove
 .text.prvTaskExitError
                0x08004bfc       0x30 Middlewares\Third_Party\FreeRTOS\Source\portable\GCC\ARM_CM3\port.o
 .text.prvPortStartFirstTask
                0x08004c2c       0x20 Middlewares\Third_Party\FreeRTOS\Source\portable\GCC\ARM_CM3\port.o
 .text.pxPortInitialiseStack
                0x08004c4c       0x24 Middlewares\Third_Party\FreeRTOS\Source\portable\GCC\ARM_CM3\port.o
                0x08004c4c                pxPortInitialiseStack
 .text.SVC_Handler
                0x08004c70       0x24 Middlewares\Third_Party\FreeRTOS\Source\portable\GCC\ARM_CM3\port.o
                0x08004c70                SVC_Handler
 .text.vPortEnterCritical
                0x08004c94       0x44 Middlewares\Third_Party\FreeRTOS\Source\portable\GCC\ARM_CM3\port.o
                0x08004c94                vPortEnterCritical
 .text.vPortExitCritical
                0x08004cd8       0x28 Middlewares\Third_Party\FreeRTOS\Source\portable\GCC\ARM_CM3\port.o
                0x08004cd8                vPortExitCritical
 .text.PendSV_Handler
                0x08004d00       0x44 Middlewares\Third_Party\FreeRTOS\Source\portable\GCC\ARM_CM3\port.o
                0x08004d00                PendSV_Handler
 .text.xPortSysTickHandler
                0x08004d44       0x2c Middlewares\Third_Party\FreeRTOS\Source\portable\GCC\ARM_CM3\port.o
                0x08004d44                xPortSysTickHandler
 .text.vPortSetupTimerInterrupt
                0x08004d70       0x2c Middlewares\Third_Party\FreeRTOS\Source\portable\GCC\ARM_CM3\port.o
                0x08004d70                vPortSetupTimerInterrupt
 .text.xPortStartScheduler
                0x08004d9c       0x90 Middlewares\Third_Party\FreeRTOS\Source\portable\GCC\ARM_CM3\port.o
                0x08004d9c                xPortStartScheduler
 .text.vPortValidateInterruptPriority
                0x08004e2c       0x58 Middlewares\Third_Party\FreeRTOS\Source\portable\GCC\ARM_CM3\port.o
                0x08004e2c                vPortValidateInterruptPriority
 .text.unlikely.prvInsertBlockIntoFreeList
                0x08004e84       0x4c Middlewares\Third_Party\FreeRTOS\Source\portable\MemMang\heap_4.o
 .text.pvPortMalloc
                0x08004ed0      0x11c Middlewares\Third_Party\FreeRTOS\Source\portable\MemMang\heap_4.o
                0x08004ed0                pvPortMalloc
 .text.vPortFree
                0x08004fec       0x74 Middlewares\Third_Party\FreeRTOS\Source\portable\MemMang\heap_4.o
                0x08004fec                vPortFree
 .text.unlikely.prvCopyDataToQueue
                0x08005060       0x6e Middlewares\Third_Party\FreeRTOS\Source\queue.o
 .text.unlikely.prvCopyDataFromQueue
                0x080050ce       0x24 Middlewares\Third_Party\FreeRTOS\Source\queue.o
 *fill*         0x080050f2        0x2 
 .text.prvUnlockQueue
                0x080050f4       0x94 Middlewares\Third_Party\FreeRTOS\Source\queue.o
 .text.xQueueGenericSend
                0x08005188      0x2ac Middlewares\Third_Party\FreeRTOS\Source\queue.o
                0x08005188                xQueueGenericSend
 .text.xQueueCreateMutex
                0x08005434       0x68 Middlewares\Third_Party\FreeRTOS\Source\queue.o
                0x08005434                xQueueCreateMutex
 .text.xQueueGiveFromISR
                0x0800549c       0xac Middlewares\Third_Party\FreeRTOS\Source\queue.o
                0x0800549c                xQueueGiveFromISR
 .text.xQueueGenericReceive
                0x08005548      0x2c4 Middlewares\Third_Party\FreeRTOS\Source\queue.o
                0x08005548                xQueueGenericReceive
 .text.xQueueReceiveFromISR
                0x0800580c       0xa4 Middlewares\Third_Party\FreeRTOS\Source\queue.o
                0x0800580c                xQueueReceiveFromISR
 .text.prvAddCurrentTaskToDelayedList
                0x080058b0       0x70 Middlewares\Third_Party\FreeRTOS\Source\tasks.o
 .text.xTaskCreate
                0x08005920      0x21c Middlewares\Third_Party\FreeRTOS\Source\tasks.o
                0x08005920                xTaskCreate
 .text.vTaskStartScheduler
                0x08005b3c       0x6c Middlewares\Third_Party\FreeRTOS\Source\tasks.o
                0x08005b3c                vTaskStartScheduler
 .text.vTaskSuspendAll
                0x08005ba8       0x14 Middlewares\Third_Party\FreeRTOS\Source\tasks.o
                0x08005ba8                vTaskSuspendAll
 .text.xTaskIncrementTick
                0x08005bbc      0x104 Middlewares\Third_Party\FreeRTOS\Source\tasks.o
                0x08005bbc                xTaskIncrementTick
 .text.xTaskResumeAll
                0x08005cc0       0xec Middlewares\Third_Party\FreeRTOS\Source\tasks.o
                0x08005cc0                xTaskResumeAll
 .text.vTaskDelay
                0x08005dac       0x50 Middlewares\Third_Party\FreeRTOS\Source\tasks.o
                0x08005dac                vTaskDelay
 .text.prvIdleTask
                0x08005dfc       0x74 Middlewares\Third_Party\FreeRTOS\Source\tasks.o
 .text.vTaskSwitchContext
                0x08005e70       0x7c Middlewares\Third_Party\FreeRTOS\Source\tasks.o
                0x08005e70                vTaskSwitchContext
 .text.vTaskPlaceOnEventList
                0x08005eec       0x84 Middlewares\Third_Party\FreeRTOS\Source\tasks.o
                0x08005eec                vTaskPlaceOnEventList
 .text.xTaskRemoveFromEventList
                0x08005f70       0x78 Middlewares\Third_Party\FreeRTOS\Source\tasks.o
                0x08005f70                xTaskRemoveFromEventList
 .text.vTaskSetTimeOutState
                0x08005fe8       0x28 Middlewares\Third_Party\FreeRTOS\Source\tasks.o
                0x08005fe8                vTaskSetTimeOutState
 .text.xTaskCheckForTimeOut
                0x08006010       0x84 Middlewares\Third_Party\FreeRTOS\Source\tasks.o
                0x08006010                xTaskCheckForTimeOut
 .text.vTaskMissedYield
                0x08006094       0x10 Middlewares\Third_Party\FreeRTOS\Source\tasks.o
                0x08006094                vTaskMissedYield
 .text.xTaskGetSchedulerState
                0x080060a4       0x20 Middlewares\Third_Party\FreeRTOS\Source\tasks.o
                0x080060a4                xTaskGetSchedulerState
 .text.vTaskPriorityInherit
                0x080060c4       0x94 Middlewares\Third_Party\FreeRTOS\Source\tasks.o
                0x080060c4                vTaskPriorityInherit
 .text.xTaskPriorityDisinherit
                0x08006158       0xa8 Middlewares\Third_Party\FreeRTOS\Source\tasks.o
                0x08006158                xTaskPriorityDisinherit
 .text.pvTaskIncrementMutexHeldCount
                0x08006200       0x18 Middlewares\Third_Party\FreeRTOS\Source\tasks.o
                0x08006200                pvTaskIncrementMutexHeldCount
 .text.MX_ADC1_Init
                0x08006218       0x6c Src\adc.o
                0x08006218                MX_ADC1_Init
 .text.MX_ADC2_Init
                0x08006284       0x6c Src\adc.o
                0x08006284                MX_ADC2_Init
 .text.MX_ADC3_Init
                0x080062f0       0x68 Src\adc.o
                0x080062f0                MX_ADC3_Init
 .text.HAL_ADC_MspInit
                0x08006358      0x124 Src\adc.o
                0x08006358                HAL_ADC_MspInit
 .text.create_input_data
                0x0800647c       0x44 Src\command_receive.o
                0x0800647c                create_input_data
 .text.get_new_data
                0x080064c0       0xcc Src\command_receive.o
                0x080064c0                get_new_data
 .text.check_newline
                0x0800658c       0xc8 Src\command_receive.o
                0x0800658c                check_newline
 .text.buffer_put
                0x08006654       0x34 Src\command_receive.o
                0x08006654                buffer_put
 .text.comms_process
                0x08006688       0x2c Src\comms_process.o
                0x08006688                comms_process
 .text.null_func
                0x080066b4        0x4 Src\config_commands.o
                0x080066b4                null_func
 .text.cmd_init
                0x080066b8       0x14 Src\config_commands.o
                0x080066b8                cmd_init
 .text.cmd_set_gain
                0x080066cc       0x1c Src\config_commands.o
                0x080066cc                cmd_set_gain
 .text.enable_vco
                0x080066e8       0x2c Src\config_commands.o
                0x080066e8                enable_vco
 .text.cmd_set_ramp_length
                0x08006714       0xac Src\config_commands.o
                0x08006714                cmd_set_ramp_length
 .text.cmd_dac_set_voltage
                0x080067c0       0xa0 Src\config_commands.o
                0x080067c0                cmd_dac_set_voltage
 .text.cmd_set_ramp_bw
                0x08006860       0x88 Src\config_commands.o
                0x08006860                cmd_set_ramp_bw
 .text.cmd_set_ramp_voltages
                0x080068e8       0x94 Src\config_commands.o
                0x080068e8                cmd_set_ramp_voltages
 .text.cmd_new_ramp
                0x0800697c       0x1c Src\config_commands.o
                0x0800697c                cmd_new_ramp
 .text.cmd_add_points_ramp
                0x08006998       0x58 Src\config_commands.o
                0x08006998                cmd_add_points_ramp
 .text.cmd_set_ramp
                0x080069f0       0xa8 Src\config_commands.o
                0x080069f0                cmd_set_ramp
 .text.cmd_get_power
                0x08006a98       0x30 Src\config_commands.o
                0x08006a98                cmd_get_power
 .text.new_command_data
                0x08006ac8       0x18 Src\config_commands.o
                0x08006ac8                new_command_data
 .text.select_command
                0x08006ae0      0x164 Src\config_commands.o
                0x08006ae0                select_command
 .text.execute_command
                0x08006c44       0x54 Src\config_commands.o
                0x08006c44                execute_command
 .text.set_ramp_length.part.0
                0x08006c98      0x13c Src\config_ramp.o
 .text.init_ramp
                0x08006dd4      0x15c Src\config_ramp.o
                0x08006dd4                init_ramp
 .text.set_ramp_voltages
                0x08006f30      0x130 Src\config_ramp.o
                0x08006f30                set_ramp_voltages
 .text.set_ramp_bw
                0x08007060      0x140 Src\config_ramp.o
                0x08007060                set_ramp_bw
 .text.set_ramp_length
                0x080071a0       0x1c Src\config_ramp.o
                0x080071a0                set_ramp_length
 .text.new_ramp
                0x080071bc       0x28 Src\config_ramp.o
                0x080071bc                new_ramp
 .text.add_points_ramp
                0x080071e4       0x3c Src\config_ramp.o
                0x080071e4                add_points_ramp
 .text.set_modulation
                0x08007220       0x4c Src\config_ramp.o
                0x08007220                set_modulation
 .text.MX_DAC_Init
                0x0800726c       0x48 Src\dac.o
                0x0800726c                MX_DAC_Init
 .text.HAL_DAC_MspInit
                0x080072b4       0xb0 Src\dac.o
                0x080072b4                HAL_DAC_MspInit
 .text.MX_DMA_Init
                0x08007364       0x58 Src\dma.o
                0x08007364                MX_DMA_Init
 .text.StartDefaultTask
                0x080073bc       0x14 Src\freertos.o
                0x080073bc                StartDefaultTask
 .text.commsTask
                0x080073d0       0x10 Src\freertos.o
                0x080073d0                commsTask
 .text.vApplicationStackOverflowHook
                0x080073e0        0x4 Src\freertos.o
                0x080073e0                vApplicationStackOverflowHook
 .text.MX_FREERTOS_Init
                0x080073e4       0x48 Src\freertos.o
                0x080073e4                MX_FREERTOS_Init
 .text.MX_GPIO_Init
                0x0800742c      0x110 Src\gpio.o
                0x0800742c                MX_GPIO_Init
 .text.SystemClock_Config
                0x0800753c       0x7c Src\main.o
                0x0800753c                SystemClock_Config
 .text.startup.main
                0x080075b8       0x40 Src\main.o
                0x080075b8                main
 .text._Error_Handler
                0x080075f8        0x4 Src\main.o
                0x080075f8                _Error_Handler
 .text.main_process
                0x080075fc      0x118 Src\main_process.o
                0x080075fc                main_process
 .text.Toggle_Led
                0x08007714       0x78 Src\main_process.o
                0x08007714                Toggle_Led
 .text.HAL_ADC_ConvHalfCpltCallback
                0x0800778c       0x24 Src\main_process.o
                0x0800778c                HAL_ADC_ConvHalfCpltCallback
 .text.HAL_ADC_ConvCpltCallback
                0x080077b0       0x20 Src\main_process.o
                0x080077b0                HAL_ADC_ConvCpltCallback
 .text.HAL_DAC_ErrorCallbackCh1
                0x080077d0       0x14 Src\main_process.o
                0x080077d0                HAL_DAC_ErrorCallbackCh1
 .text.HAL_ADC_ErrorCallback
                0x080077e4        0x8 Src\main_process.o
                0x080077e4                HAL_ADC_ErrorCallback
 .text.vApplicationMallocFailedHook
                0x080077ec        0x4 Src\main_process.o
                0x080077ec                vApplicationMallocFailedHook
 .text.set_gain
                0x080077f0       0x74 Src\pga.o
                0x080077f0                set_gain
 .text.packet_allocate
                0x08007864       0x10 Src\protocol.o
                0x08007864                packet_allocate
 .text.packet_encode
                0x08007874       0x50 Src\protocol.o
                0x08007874                packet_encode
 .text.MX_SPI3_Init
                0x080078c4       0x54 Src\spi.o
                0x080078c4                MX_SPI3_Init
 .text.HAL_SPI_MspInit
                0x08007918       0x54 Src\spi.o
                0x08007918                HAL_SPI_MspInit
 .text.HAL_MspInit
                0x0800796c       0x60 Src\stm32f2xx_hal_msp.o
                0x0800796c                HAL_MspInit
 .text.NMI_Handler
                0x080079cc        0x4 Src\stm32f2xx_it.o
                0x080079cc                NMI_Handler
 .text.HardFault_Handler
                0x080079d0        0x4 Src\stm32f2xx_it.o
                0x080079d0                HardFault_Handler
 .text.MemManage_Handler
                0x080079d4        0x4 Src\stm32f2xx_it.o
                0x080079d4                MemManage_Handler
 .text.BusFault_Handler
                0x080079d8        0x4 Src\stm32f2xx_it.o
                0x080079d8                BusFault_Handler
 .text.UsageFault_Handler
                0x080079dc        0x4 Src\stm32f2xx_it.o
                0x080079dc                UsageFault_Handler
 .text.DebugMon_Handler
                0x080079e0        0x4 Src\stm32f2xx_it.o
                0x080079e0                DebugMon_Handler
 .text.SysTick_Handler
                0x080079e4       0x14 Src\stm32f2xx_it.o
                0x080079e4                SysTick_Handler
 .text.DMA1_Stream5_IRQHandler
                0x080079f8        0xc Src\stm32f2xx_it.o
                0x080079f8                DMA1_Stream5_IRQHandler
 .text.ADC_IRQHandler
                0x08007a04       0x24 Src\stm32f2xx_it.o
                0x08007a04                ADC_IRQHandler
 .text.TIM6_DAC_IRQHandler
                0x08007a28       0x1c Src\stm32f2xx_it.o
                0x08007a28                TIM6_DAC_IRQHandler
 .text.DMA2_Stream4_IRQHandler
                0x08007a44        0xc Src\stm32f2xx_it.o
                0x08007a44                DMA2_Stream4_IRQHandler
 .text.OTG_HS_IRQHandler
                0x08007a50        0xc Src\stm32f2xx_it.o
                0x08007a50                OTG_HS_IRQHandler
 .text.str_split
                0x08007a5c       0xb4 Src\strfunc.o
                0x08007a5c                str_split
 .text.SystemInit
                0x08007b10       0x44 Src\system_stm32f2xx.o
                0x08007b10                SystemInit
 .text.MX_TIM2_Init
                0x08007b54       0x70 Src\tim.o
                0x08007b54                MX_TIM2_Init
 .text.MX_TIM4_Init
                0x08007bc4       0xac Src\tim.o
                0x08007bc4                MX_TIM4_Init
 .text.MX_TIM6_Init
                0x08007c70       0x54 Src\tim.o
                0x08007c70                MX_TIM6_Init
 .text.HAL_TIM_Base_MspInit
                0x08007cc4       0x68 Src\tim.o
                0x08007cc4                HAL_TIM_Base_MspInit
 .text.HAL_TIM_PWM_MspInit
                0x08007d2c       0x30 Src\tim.o
                0x08007d2c                HAL_TIM_PWM_MspInit
 .text.MX_USART3_UART_Init
                0x08007d5c       0x40 Src\usart.o
                0x08007d5c                MX_USART3_UART_Init
 .text.HAL_UART_MspInit
                0x08007d9c       0x54 Src\usart.o
                0x08007d9c                HAL_UART_MspInit
 .text.MX_USB_DEVICE_Init
                0x08007df0       0x38 Src\usb_device.o
                0x08007df0                MX_USB_DEVICE_Init
 .text.CDC_DeInit_HS
                0x08007e28        0x4 Src\usbd_cdc_if.o
 .text.CDC_Receive_HS
                0x08007e2c       0x34 Src\usbd_cdc_if.o
 .text.CDC_Init_HS
                0x08007e60       0x28 Src\usbd_cdc_if.o
 .text.CDC_Control_HS
                0x08007e88       0x50 Src\usbd_cdc_if.o
 .text.CDC_Transmit_HS
                0x08007ed8       0x2c Src\usbd_cdc_if.o
                0x08007ed8                CDC_Transmit_HS
 .text.HAL_PCD_MspInit
                0x08007f04       0xa8 Src\usbd_conf.o
                0x08007f04                HAL_PCD_MspInit
 .text.HAL_PCD_SetupStageCallback
                0x08007fac        0xc Src\usbd_conf.o
                0x08007fac                HAL_PCD_SetupStageCallback
 .text.HAL_PCD_DataOutStageCallback
                0x08007fb8       0x14 Src\usbd_conf.o
                0x08007fb8                HAL_PCD_DataOutStageCallback
 .text.HAL_PCD_DataInStageCallback
                0x08007fcc       0x14 Src\usbd_conf.o
                0x08007fcc                HAL_PCD_DataInStageCallback
 .text.HAL_PCD_SOFCallback
                0x08007fe0        0x8 Src\usbd_conf.o
                0x08007fe0                HAL_PCD_SOFCallback
 .text.HAL_PCD_ResetCallback
                0x08007fe8       0x20 Src\usbd_conf.o
                0x08007fe8                HAL_PCD_ResetCallback
 .text.HAL_PCD_SuspendCallback
                0x08008008       0x30 Src\usbd_conf.o
                0x08008008                HAL_PCD_SuspendCallback
 .text.HAL_PCD_ResumeCallback
                0x08008038        0x8 Src\usbd_conf.o
                0x08008038                HAL_PCD_ResumeCallback
 .text.HAL_PCD_ISOOUTIncompleteCallback
                0x08008040        0x8 Src\usbd_conf.o
                0x08008040                HAL_PCD_ISOOUTIncompleteCallback
 .text.HAL_PCD_ISOINIncompleteCallback
                0x08008048        0x8 Src\usbd_conf.o
                0x08008048                HAL_PCD_ISOINIncompleteCallback
 .text.HAL_PCD_ConnectCallback
                0x08008050        0x8 Src\usbd_conf.o
                0x08008050                HAL_PCD_ConnectCallback
 .text.HAL_PCD_DisconnectCallback
                0x08008058        0x8 Src\usbd_conf.o
                0x08008058                HAL_PCD_DisconnectCallback
 .text.USBD_LL_Init
                0x08008060       0x78 Src\usbd_conf.o
                0x08008060                USBD_LL_Init
 .text.USBD_LL_Start
                0x080080d8       0x1c Src\usbd_conf.o
                0x080080d8                USBD_LL_Start
 .text.USBD_LL_OpenEP
                0x080080f4       0x20 Src\usbd_conf.o
                0x080080f4                USBD_LL_OpenEP
 .text.USBD_LL_CloseEP
                0x08008114       0x1c Src\usbd_conf.o
                0x08008114                USBD_LL_CloseEP
 .text.USBD_LL_StallEP
                0x08008130       0x1c Src\usbd_conf.o
                0x08008130                USBD_LL_StallEP
 .text.USBD_LL_ClearStallEP
                0x0800814c       0x1c Src\usbd_conf.o
                0x0800814c                USBD_LL_ClearStallEP
 .text.USBD_LL_IsStallEP
                0x08008168       0x28 Src\usbd_conf.o
                0x08008168                USBD_LL_IsStallEP
 .text.USBD_LL_SetUSBAddress
                0x08008190       0x1c Src\usbd_conf.o
                0x08008190                USBD_LL_SetUSBAddress
 .text.USBD_LL_Transmit
                0x080081ac       0x1c Src\usbd_conf.o
                0x080081ac                USBD_LL_Transmit
 .text.USBD_LL_PrepareReceive
                0x080081c8       0x1c Src\usbd_conf.o
                0x080081c8                USBD_LL_PrepareReceive
 .text.USBD_LL_GetRxDataSize
                0x080081e4        0xc Src\usbd_conf.o
                0x080081e4                USBD_LL_GetRxDataSize
 .text.USBD_HS_DeviceDescriptor
                0x080081f0        0xc Src\usbd_desc.o
                0x080081f0                USBD_HS_DeviceDescriptor
 .text.USBD_HS_LangIDStrDescriptor
                0x080081fc        0xc Src\usbd_desc.o
                0x080081fc                USBD_HS_LangIDStrDescriptor
 .text.USBD_HS_ManufacturerStrDescriptor
                0x08008208       0x1c Src\usbd_desc.o
                0x08008208                USBD_HS_ManufacturerStrDescriptor
 .text.USBD_HS_ProductStrDescriptor
                0x08008224       0x1c Src\usbd_desc.o
                0x08008224                USBD_HS_ProductStrDescriptor
 .text.USBD_HS_SerialStrDescriptor
                0x08008240       0x1c Src\usbd_desc.o
                0x08008240                USBD_HS_SerialStrDescriptor
 .text.USBD_HS_ConfigStrDescriptor
                0x0800825c       0x1c Src\usbd_desc.o
                0x0800825c                USBD_HS_ConfigStrDescriptor
 .text.USBD_HS_InterfaceStrDescriptor
                0x08008278       0x1c Src\usbd_desc.o
                0x08008278                USBD_HS_InterfaceStrDescriptor
 .text.Reset_Handler
                0x08008294       0x50 startup\startup_stm32f205xx.o
                0x08008294                Reset_Handler
 .text.Default_Handler
                0x080082e4        0x2 startup\startup_stm32f205xx.o
                0x080082e4                RTC_Alarm_IRQHandler
                0x080082e4                HASH_RNG_IRQHandler
                0x080082e4                EXTI2_IRQHandler
                0x080082e4                TIM8_CC_IRQHandler
                0x080082e4                TIM1_CC_IRQHandler
                0x080082e4                DMA2_Stream5_IRQHandler
                0x080082e4                PVD_IRQHandler
                0x080082e4                SDIO_IRQHandler
                0x080082e4                TAMP_STAMP_IRQHandler
                0x080082e4                CAN2_RX1_IRQHandler
                0x080082e4                EXTI3_IRQHandler
                0x080082e4                TIM8_TRG_COM_TIM14_IRQHandler
                0x080082e4                TIM1_UP_TIM10_IRQHandler
                0x080082e4                TIM8_UP_TIM13_IRQHandler
                0x080082e4                I2C3_ER_IRQHandler
                0x080082e4                EXTI0_IRQHandler
                0x080082e4                I2C2_EV_IRQHandler
                0x080082e4                DMA1_Stream2_IRQHandler
                0x080082e4                CAN1_RX0_IRQHandler
                0x080082e4                OTG_HS_WKUP_IRQHandler
                0x080082e4                CAN2_SCE_IRQHandler
                0x080082e4                DMA2_Stream2_IRQHandler
                0x080082e4                SPI1_IRQHandler
                0x080082e4                TIM1_BRK_TIM9_IRQHandler
                0x080082e4                CAN2_RX0_IRQHandler
                0x080082e4                DMA2_Stream3_IRQHandler
                0x080082e4                USART6_IRQHandler
                0x080082e4                USART3_IRQHandler
                0x080082e4                CAN1_RX1_IRQHandler
                0x080082e4                UART5_IRQHandler
                0x080082e4                DMA2_Stream0_IRQHandler
                0x080082e4                TIM4_IRQHandler
                0x080082e4                I2C1_EV_IRQHandler
                0x080082e4                DMA1_Stream6_IRQHandler
                0x080082e4                DMA1_Stream1_IRQHandler
                0x080082e4                UART4_IRQHandler
                0x080082e4                TIM3_IRQHandler
                0x080082e4                RCC_IRQHandler
                0x080082e4                TIM8_BRK_TIM12_IRQHandler
                0x080082e4                Default_Handler
                0x080082e4                EXTI15_10_IRQHandler
                0x080082e4                DMA1_Stream7_IRQHandler
                0x080082e4                TIM7_IRQHandler
                0x080082e4                CAN2_TX_IRQHandler
                0x080082e4                TIM5_IRQHandler
                0x080082e4                DMA2_Stream7_IRQHandler
                0x080082e4                I2C3_EV_IRQHandler
                0x080082e4                EXTI9_5_IRQHandler
                0x080082e4                RTC_WKUP_IRQHandler
                0x080082e4                SPI2_IRQHandler
                0x080082e4                OTG_HS_EP1_IN_IRQHandler
                0x080082e4                DMA1_Stream0_IRQHandler
                0x080082e4                CAN1_TX_IRQHandler
                0x080082e4                EXTI4_IRQHandler
                0x080082e4                FSMC_IRQHandler
                0x080082e4                OTG_HS_EP1_OUT_IRQHandler
                0x080082e4                WWDG_IRQHandler
                0x080082e4                TIM2_IRQHandler
                0x080082e4                OTG_FS_WKUP_IRQHandler
                0x080082e4                TIM1_TRG_COM_TIM11_IRQHandler
                0x080082e4                EXTI1_IRQHandler
                0x080082e4                USART2_IRQHandler
                0x080082e4                I2C2_ER_IRQHandler
                0x080082e4                DMA2_Stream1_IRQHandler
                0x080082e4                CAN1_SCE_IRQHandler
                0x080082e4                FLASH_IRQHandler
                0x080082e4                USART1_IRQHandler
                0x080082e4                OTG_FS_IRQHandler
                0x080082e4                SPI3_IRQHandler
                0x080082e4                DMA1_Stream4_IRQHandler
                0x080082e4                I2C1_ER_IRQHandler
                0x080082e4                DMA2_Stream6_IRQHandler
                0x080082e4                DMA1_Stream3_IRQHandler
 .text.atoi     0x080082e6        0x8 c:/program files (x86)/atollic/truestudio for stm32 9.0.0/armtools/bin/../lib/gcc/arm-atollic-eabi/6.3.1/../../../../arm-atollic-eabi/lib/armv7-m\libc_nano.a(lib_a-atoi.o)
                0x080082e6                atoi
 *fill*         0x080082ee        0x2 
 .text.__libc_init_array
                0x080082f0       0x48 c:/program files (x86)/atollic/truestudio for stm32 9.0.0/armtools/bin/../lib/gcc/arm-atollic-eabi/6.3.1/../../../../arm-atollic-eabi/lib/armv7-m\libc_nano.a(lib_a-init.o)
                0x080082f0                __libc_init_array
 .text.malloc   0x08008338       0x10 c:/program files (x86)/atollic/truestudio for stm32 9.0.0/armtools/bin/../lib/gcc/arm-atollic-eabi/6.3.1/../../../../arm-atollic-eabi/lib/armv7-m\libc_nano.a(lib_a-malloc.o)
                0x08008338                malloc
 .text.free     0x08008348       0x10 c:/program files (x86)/atollic/truestudio for stm32 9.0.0/armtools/bin/../lib/gcc/arm-atollic-eabi/6.3.1/../../../../arm-atollic-eabi/lib/armv7-m\libc_nano.a(lib_a-malloc.o)
                0x08008348                free
 .text.memcpy   0x08008358       0x16 c:/program files (x86)/atollic/truestudio for stm32 9.0.0/armtools/bin/../lib/gcc/arm-atollic-eabi/6.3.1/../../../../arm-atollic-eabi/lib/armv7-m\libc_nano.a(lib_a-memcpy-stub.o)
                0x08008358                memcpy
 .text.memset   0x0800836e       0x10 c:/program files (x86)/atollic/truestudio for stm32 9.0.0/armtools/bin/../lib/gcc/arm-atollic-eabi/6.3.1/../../../../arm-atollic-eabi/lib/armv7-m\libc_nano.a(lib_a-memset.o)
                0x0800836e                memset
 *fill*         0x0800837e        0x2 
 .text._free_r  0x08008380       0x98 c:/program files (x86)/atollic/truestudio for stm32 9.0.0/armtools/bin/../lib/gcc/arm-atollic-eabi/6.3.1/../../../../arm-atollic-eabi/lib/armv7-m\libc_nano.a(lib_a-nano-freer.o)
                0x08008380                _free_r
 .text._malloc_r
                0x08008418       0xbc c:/program files (x86)/atollic/truestudio for stm32 9.0.0/armtools/bin/../lib/gcc/arm-atollic-eabi/6.3.1/../../../../arm-atollic-eabi/lib/armv7-m\libc_nano.a(lib_a-nano-mallocr.o)
                0x08008418                _malloc_r
 .text._sbrk_r  0x080084d4       0x20 c:/program files (x86)/atollic/truestudio for stm32 9.0.0/armtools/bin/../lib/gcc/arm-atollic-eabi/6.3.1/../../../../arm-atollic-eabi/lib/armv7-m\libc_nano.a(lib_a-sbrkr.o)
                0x080084d4                _sbrk_r
 .text._strtol_l.isra.0
                0x080084f4      0x100 c:/program files (x86)/atollic/truestudio for stm32 9.0.0/armtools/bin/../lib/gcc/arm-atollic-eabi/6.3.1/../../../../arm-atollic-eabi/lib/armv7-m\libc_nano.a(lib_a-strtol.o)
 .text.strtol   0x080085f4       0x2c c:/program files (x86)/atollic/truestudio for stm32 9.0.0/armtools/bin/../lib/gcc/arm-atollic-eabi/6.3.1/../../../../arm-atollic-eabi/lib/armv7-m\libc_nano.a(lib_a-strtol.o)
                0x080085f4                strtol
 .text.__locale_ctype_ptr_l
                0x08008620        0x6 c:/program files (x86)/atollic/truestudio for stm32 9.0.0/armtools/bin/../lib/gcc/arm-atollic-eabi/6.3.1/../../../../arm-atollic-eabi/lib/armv7-m\libc_nano.a(lib_a-locale.o)
                0x08008620                __locale_ctype_ptr_l
 .text.__ascii_mbtowc
                0x08008626       0x24 c:/program files (x86)/atollic/truestudio for stm32 9.0.0/armtools/bin/../lib/gcc/arm-atollic-eabi/6.3.1/../../../../arm-atollic-eabi/lib/armv7-m\libc_nano.a(lib_a-mbtowc_r.o)
                0x08008626                __ascii_mbtowc
 .text.__malloc_lock
                0x0800864a        0x2 c:/program files (x86)/atollic/truestudio for stm32 9.0.0/armtools/bin/../lib/gcc/arm-atollic-eabi/6.3.1/../../../../arm-atollic-eabi/lib/armv7-m\libc_nano.a(lib_a-mlock.o)
                0x0800864a                __malloc_lock
 .text.__malloc_unlock
                0x0800864c        0x2 c:/program files (x86)/atollic/truestudio for stm32 9.0.0/armtools/bin/../lib/gcc/arm-atollic-eabi/6.3.1/../../../../arm-atollic-eabi/lib/armv7-m\libc_nano.a(lib_a-mlock.o)
                0x0800864c                __malloc_unlock
 .text.__ascii_wctomb
                0x0800864e       0x1a c:/program files (x86)/atollic/truestudio for stm32 9.0.0/armtools/bin/../lib/gcc/arm-atollic-eabi/6.3.1/../../../../arm-atollic-eabi/lib/armv7-m\libc_nano.a(lib_a-wctomb_r.o)
                0x0800864e                __ascii_wctomb
 .text._sbrk    0x08008668       0x1c c:/program files (x86)/atollic/truestudio for stm32 9.0.0/armtools/bin/../lib/gcc/arm-atollic-eabi/6.3.1/../../../../arm-atollic-eabi/lib/armv7-m\libnosys.a(sbrk.o)
                0x08008668                _sbrk
 *(.glue_7)
 .glue_7        0x08008684        0x0 linker stubs
 *(.glue_7t)
 .glue_7t       0x08008684        0x0 linker stubs
 *(.eh_frame)
 .eh_frame      0x08008684        0x0 c:/program files (x86)/atollic/truestudio for stm32 9.0.0/armtools/bin/../lib/gcc/arm-atollic-eabi/6.3.1/armv7-m/crtbegin.o
 *(.init)
 .init          0x08008684        0x4 c:/program files (x86)/atollic/truestudio for stm32 9.0.0/armtools/bin/../lib/gcc/arm-atollic-eabi/6.3.1/armv7-m/crti.o
                0x08008684                _init
 .init          0x08008688        0x8 c:/program files (x86)/atollic/truestudio for stm32 9.0.0/armtools/bin/../lib/gcc/arm-atollic-eabi/6.3.1/armv7-m/crtn.o
 *(.fini)
 .fini          0x08008690        0x4 c:/program files (x86)/atollic/truestudio for stm32 9.0.0/armtools/bin/../lib/gcc/arm-atollic-eabi/6.3.1/armv7-m/crti.o
                0x08008690                _fini
 .fini          0x08008694        0x8 c:/program files (x86)/atollic/truestudio for stm32 9.0.0/armtools/bin/../lib/gcc/arm-atollic-eabi/6.3.1/armv7-m/crtn.o
                0x0800869c                . = ALIGN (0x4)
                0x0800869c                _etext = .

.vfp11_veneer   0x0800869c        0x0
 .vfp11_veneer  0x0800869c        0x0 linker stubs

.v4_bx          0x0800869c        0x0
 .v4_bx         0x0800869c        0x0 linker stubs

.iplt           0x0800869c        0x0
 .iplt          0x0800869c        0x0 c:/program files (x86)/atollic/truestudio for stm32 9.0.0/armtools/bin/../lib/gcc/arm-atollic-eabi/6.3.1/armv7-m/crtbegin.o

.rodata         0x0800869c      0x4b4
                0x0800869c                . = ALIGN (0x4)
 *(.rodata)
 .rodata        0x0800869c        0x8 Drivers\STM32F2xx_HAL_Driver\Src\stm32f2xx_hal_dma.o
 .rodata        0x080086a4       0x28 Src\freertos.o
 .rodata        0x080086cc        0x4 Src\main_process.o
                0x080086cc                os_mutex_def_data_mutex
 .rodata        0x080086d0      0x200 Src\protocol.o
 .rodata        0x080088d0       0x18 Src\system_stm32f2xx.o
                0x080088d0                AHBPrescTable
                0x080088e0                APBPrescTable
 .rodata        0x080088e8        0x4 Src\usbd_conf.o
 *(.rodata*)
 .rodata.str1.4
                0x080088ec        0x5 Middlewares\Third_Party\FreeRTOS\Source\tasks.o
 *fill*         0x080088f1        0x3 
 .rodata.str1.4
                0x080088f4        0xd Src\adc.o
 *fill*         0x08008901        0x3 
 .rodata.str1.4
                0x08008904       0x79 Src\config_commands.o
 *fill*         0x0800897d        0x3 
 .rodata.str1.4
                0x08008980        0xd Src\dac.o
 *fill*         0x0800898d        0x3 
 .rodata.str1.4
                0x08008990       0x18 Src\freertos.o
 .rodata.str1.4
                0x080089a8        0xd Src\spi.o
 *fill*         0x080089b5        0x3 
 .rodata.str1.4
                0x080089b8        0xd Src\tim.o
 *fill*         0x080089c5        0x3 
 .rodata.str1.4
                0x080089c8        0xf Src\usart.o
 *fill*         0x080089d7        0x1 
 .rodata.str1.4
                0x080089d8       0x13 Src\usbd_conf.o
 *fill*         0x080089eb        0x1 
 .rodata.str1.4
                0x080089ec       0x58 Src\usbd_desc.o
                                 0x56 (size before relaxing)
 .rodata._setlocale_r.str1.1
                0x08008a44        0x8 c:/program files (x86)/atollic/truestudio for stm32 9.0.0/armtools/bin/../lib/gcc/arm-atollic-eabi/6.3.1/../../../../arm-atollic-eabi/lib/armv7-m\libc_nano.a(lib_a-locale.o)
                                  0x9 (size before relaxing)
 .rodata.str1.1
                0x08008a4c        0x2 c:/program files (x86)/atollic/truestudio for stm32 9.0.0/armtools/bin/../lib/gcc/arm-atollic-eabi/6.3.1/../../../../arm-atollic-eabi/lib/armv7-m\libc_nano.a(lib_a-locale.o)
 .rodata._ctype_
                0x08008a4e      0x101 c:/program files (x86)/atollic/truestudio for stm32 9.0.0/armtools/bin/../lib/gcc/arm-atollic-eabi/6.3.1/../../../../arm-atollic-eabi/lib/armv7-m\libc_nano.a(lib_a-ctype_.o)
                0x08008a4e                _ctype_
                0x08008b50                . = ALIGN (0x4)
 *fill*         0x08008b4f        0x1 

.rel.dyn        0x08008b50        0x0
 .rel.iplt      0x08008b50        0x0 c:/program files (x86)/atollic/truestudio for stm32 9.0.0/armtools/bin/../lib/gcc/arm-atollic-eabi/6.3.1/armv7-m/crtbegin.o

.ARM.extab
 *(.ARM.extab* .gnu.linkonce.armextab.*)

.ARM            0x08008b50        0x0
                0x08008b50                __exidx_start = .
 *(.ARM.exidx*)
                0x08008b50                __exidx_end = .

.preinit_array  0x08008b50        0x0
                0x08008b50                PROVIDE (__preinit_array_start, .)
 *(.preinit_array*)
                0x08008b50                PROVIDE (__preinit_array_end, .)

.init_array     0x08008b50        0x4
                0x08008b50                PROVIDE (__init_array_start, .)
 *(SORT(.init_array.*))
 *(.init_array*)
 .init_array    0x08008b50        0x4 c:/program files (x86)/atollic/truestudio for stm32 9.0.0/armtools/bin/../lib/gcc/arm-atollic-eabi/6.3.1/armv7-m/crtbegin.o
                0x08008b54                PROVIDE (__init_array_end, .)

.fini_array     0x08008b54        0x4
                [!provide]                PROVIDE (__fini_array_start, .)
 *(SORT(.fini_array.*))
 *(.fini_array*)
 .fini_array    0x08008b54        0x4 c:/program files (x86)/atollic/truestudio for stm32 9.0.0/armtools/bin/../lib/gcc/arm-atollic-eabi/6.3.1/armv7-m/crtbegin.o
                [!provide]                PROVIDE (__fini_array_end, .)
                0x08008b58                _sidata = LOADADDR (.data)

.data           0x20000000      0x32c load address 0x08008b58
                0x20000000                . = ALIGN (0x4)
                0x20000000                _sdata = .
 *(.data)
 .data          0x20000000      0x110 Middlewares\ST\STM32_USB_Device_Library\Class\CDC\Src\usbd_cdc.o
                0x20000000                USBD_CDC_CfgFSDesc
                0x20000044                USBD_CDC_CfgHSDesc
                0x20000088                USBD_CDC_OtherSpeedCfgDesc
                0x200000d8                USBD_CDC
 .data          0x20000110        0x4 Middlewares\Third_Party\FreeRTOS\Source\portable\GCC\ARM_CM3\port.o
 .data          0x20000114        0x4 Src\system_stm32f2xx.o
                0x20000114                SystemCoreClock
 .data          0x20000118       0x10 Src\usbd_cdc_if.o
                0x20000118                USBD_Interface_fops_HS
 .data          0x20000128       0x34 Src\usbd_desc.o
                0x20000128                USBD_HS_DeviceDesc
                0x2000013c                USBD_LangIDDesc
                0x20000140                HS_Desc
 *(.data*)
 .data._impure_ptr
                0x2000015c        0x4 c:/program files (x86)/atollic/truestudio for stm32 9.0.0/armtools/bin/../lib/gcc/arm-atollic-eabi/6.3.1/../../../../arm-atollic-eabi/lib/armv7-m\libc_nano.a(lib_a-impure.o)
                0x2000015c                _impure_ptr
 .data.impure_data
                0x20000160       0x60 c:/program files (x86)/atollic/truestudio for stm32 9.0.0/armtools/bin/../lib/gcc/arm-atollic-eabi/6.3.1/../../../../arm-atollic-eabi/lib/armv7-m\libc_nano.a(lib_a-impure.o)
 .data.__global_locale
                0x200001c0      0x16c c:/program files (x86)/atollic/truestudio for stm32 9.0.0/armtools/bin/../lib/gcc/arm-atollic-eabi/6.3.1/../../../../arm-atollic-eabi/lib/armv7-m\libc_nano.a(lib_a-locale.o)
                0x200001c0                __global_locale
                0x2000032c                . = ALIGN (0x4)
                0x2000032c                _edata = .

.igot.plt       0x2000032c        0x0 load address 0x08008e84
 .igot.plt      0x2000032c        0x0 c:/program files (x86)/atollic/truestudio for stm32 9.0.0/armtools/bin/../lib/gcc/arm-atollic-eabi/6.3.1/armv7-m/crtbegin.o
                0x2000032c                . = ALIGN (0x4)

.bss            0x2000032c    0x10774 load address 0x08008e84
                0x2000032c                _sbss = .
                0x2000032c                __bss_start__ = _sbss
 *(.bss)
 .bss           0x2000032c       0x1c c:/program files (x86)/atollic/truestudio for stm32 9.0.0/armtools/bin/../lib/gcc/arm-atollic-eabi/6.3.1/armv7-m/crtbegin.o
 .bss           0x20000348        0x1 Middlewares\ST\STM32_USB_Device_Library\Class\CDC\Src\usbd_cdc.o
 .bss           0x20000349        0x1 Middlewares\ST\STM32_USB_Device_Library\Core\Src\usbd_ctlreq.o
 *fill*         0x2000034a        0x2 
 .bss           0x2000034c        0x8 Middlewares\Third_Party\FreeRTOS\Source\portable\GCC\ARM_CM3\port.o
 .bss           0x20000354     0xeab4 Middlewares\Third_Party\FreeRTOS\Source\portable\MemMang\heap_4.o
 .bss           0x2000ee08      0x12c Middlewares\Third_Party\FreeRTOS\Source\tasks.o
                0x2000ee0c                pxCurrentTCB
 .bss           0x2000ef34        0x9 Src\main_process.o
                0x2000ef34                flag
                0x2000ef35                buffer_half
                0x2000ef3c                init
 *(.bss*)
 *fill*         0x2000ef3d        0x3 
 .bss.__malloc_free_list
                0x2000ef40        0x4 c:/program files (x86)/atollic/truestudio for stm32 9.0.0/armtools/bin/../lib/gcc/arm-atollic-eabi/6.3.1/../../../../arm-atollic-eabi/lib/armv7-m\libc_nano.a(lib_a-nano-mallocr.o)
                0x2000ef40                __malloc_free_list
 .bss.__malloc_sbrk_start
                0x2000ef44        0x4 c:/program files (x86)/atollic/truestudio for stm32 9.0.0/armtools/bin/../lib/gcc/arm-atollic-eabi/6.3.1/../../../../arm-atollic-eabi/lib/armv7-m\libc_nano.a(lib_a-nano-mallocr.o)
                0x2000ef44                __malloc_sbrk_start
 .bss.heap_end.4116
                0x2000ef48        0x4 c:/program files (x86)/atollic/truestudio for stm32 9.0.0/armtools/bin/../lib/gcc/arm-atollic-eabi/6.3.1/../../../../arm-atollic-eabi/lib/armv7-m\libnosys.a(sbrk.o)
 *(COMMON)
 COMMON         0x2000ef4c        0x4 Drivers\STM32F2xx_HAL_Driver\Src\stm32f2xx_hal.o
                0x2000ef4c                uwTick
 COMMON         0x2000ef50      0x138 Src\adc.o
                0x2000ef50                hadc2
                0x2000ef98                hadc1
                0x2000efe0                hadc3
                0x2000f028                hdma_adc1
 COMMON         0x2000f088        0x4 Src\command_receive.o
                0x2000f088                new_input_data
 COMMON         0x2000f08c        0x8 Src\config_ramp.o
                0x2000f08c                temp_ramp
 COMMON         0x2000f094       0x74 Src\dac.o
                0x2000f094                hdma_dac1
                0x2000f0f4                hdac
 COMMON         0x2000f108        0x8 Src\freertos.o
                0x2000f108                defaultTaskHandle
                0x2000f10c                commsHandle
 COMMON         0x2000f110       0x20 Src\main_process.o
                0x2000f110                packet
                0x2000f114                dac_data
                0x2000f124                data_mutex_id
                0x2000f128                adc_data
 COMMON         0x2000f130       0x58 Src\spi.o
                0x2000f130                hspi3
 COMMON         0x2000f188       0xc0 Src\tim.o
                0x2000f188                htim4
                0x2000f1c8                htim6
                0x2000f208                htim2
 COMMON         0x2000f248       0x40 Src\usart.o
                0x2000f248                huart3
 COMMON         0x2000f288      0x224 Src\usb_device.o
                0x2000f288                hUsbDeviceHS
 COMMON         0x2000f4ac     0x1008 Src\usbd_cdc_if.o
                0x2000f4ac                UserRxBufferHS
                0x2000fcac                tempbuf
                0x2000fcb4                UserTxBufferHS
 COMMON         0x200104b4      0x3e8 Src\usbd_conf.o
                0x200104b4                hpcd_USB_OTG_HS
 COMMON         0x2001089c      0x200 Src\usbd_desc.o
                0x2001089c                USBD_StrDesc
 COMMON         0x20010a9c        0x4 c:/program files (x86)/atollic/truestudio for stm32 9.0.0/armtools/bin/../lib/gcc/arm-atollic-eabi/6.3.1/../../../../arm-atollic-eabi/lib/armv7-m\libc_nano.a(lib_a-reent.o)
                0x20010a9c                errno
                0x20010aa0                . = ALIGN (0x4)
                0x20010aa0                _ebss = .
                0x20010aa0                __bss_end__ = _ebss

._user_heap_stack
                0x20010aa0     0x6000 load address 0x08008e84
                0x20010aa0                . = ALIGN (0x8)
                0x20010aa0                PROVIDE (end, .)
                [!provide]                PROVIDE (_end, .)
                0x20012aa0                . = (. + _Min_Heap_Size)
 *fill*         0x20010aa0     0x2000 
                0x20016aa0                . = (. + _Min_Stack_Size)
 *fill*         0x20012aa0     0x4000 
                0x20016aa0                . = ALIGN (0x8)

/DISCARD/
 libc.a(*)
 libm.a(*)
 libgcc.a(*)

.ARM.attributes
                0x00000000       0x29
 *(.ARM.attributes)
 .ARM.attributes
                0x00000000       0x1d c:/program files (x86)/atollic/truestudio for stm32 9.0.0/armtools/bin/../lib/gcc/arm-atollic-eabi/6.3.1/armv7-m/crti.o
 .ARM.attributes
                0x0000001d       0x2d c:/program files (x86)/atollic/truestudio for stm32 9.0.0/armtools/bin/../lib/gcc/arm-atollic-eabi/6.3.1/armv7-m/crtbegin.o
 .ARM.attributes
                0x0000004a       0x33 Drivers\STM32F2xx_HAL_Driver\Src\stm32f2xx_hal.o
 .ARM.attributes
                0x0000007d       0x33 Drivers\STM32F2xx_HAL_Driver\Src\stm32f2xx_hal_adc.o
 .ARM.attributes
                0x000000b0       0x33 Drivers\STM32F2xx_HAL_Driver\Src\stm32f2xx_hal_adc_ex.o
 .ARM.attributes
                0x000000e3       0x33 Drivers\STM32F2xx_HAL_Driver\Src\stm32f2xx_hal_cortex.o
 .ARM.attributes
                0x00000116       0x33 Drivers\STM32F2xx_HAL_Driver\Src\stm32f2xx_hal_dac.o
 .ARM.attributes
                0x00000149       0x33 Drivers\STM32F2xx_HAL_Driver\Src\stm32f2xx_hal_dac_ex.o
 .ARM.attributes
                0x0000017c       0x33 Drivers\STM32F2xx_HAL_Driver\Src\stm32f2xx_hal_dma.o
 .ARM.attributes
                0x000001af       0x33 Drivers\STM32F2xx_HAL_Driver\Src\stm32f2xx_hal_gpio.o
 .ARM.attributes
                0x000001e2       0x33 Drivers\STM32F2xx_HAL_Driver\Src\stm32f2xx_hal_pcd.o
 .ARM.attributes
                0x00000215       0x33 Drivers\STM32F2xx_HAL_Driver\Src\stm32f2xx_hal_pcd_ex.o
 .ARM.attributes
                0x00000248       0x33 Drivers\STM32F2xx_HAL_Driver\Src\stm32f2xx_hal_rcc.o
 .ARM.attributes
                0x0000027b       0x33 Drivers\STM32F2xx_HAL_Driver\Src\stm32f2xx_hal_spi.o
 .ARM.attributes
                0x000002ae       0x33 Drivers\STM32F2xx_HAL_Driver\Src\stm32f2xx_hal_tim.o
 .ARM.attributes
                0x000002e1       0x33 Drivers\STM32F2xx_HAL_Driver\Src\stm32f2xx_hal_tim_ex.o
 .ARM.attributes
                0x00000314       0x33 Drivers\STM32F2xx_HAL_Driver\Src\stm32f2xx_hal_uart.o
 .ARM.attributes
                0x00000347       0x33 Drivers\STM32F2xx_HAL_Driver\Src\stm32f2xx_ll_usb.o
 .ARM.attributes
                0x0000037a       0x33 Middlewares\ST\STM32_USB_Device_Library\Class\CDC\Src\usbd_cdc.o
 .ARM.attributes
                0x000003ad       0x33 Middlewares\ST\STM32_USB_Device_Library\Core\Src\usbd_core.o
 .ARM.attributes
                0x000003e0       0x33 Middlewares\ST\STM32_USB_Device_Library\Core\Src\usbd_ctlreq.o
 .ARM.attributes
                0x00000413       0x33 Middlewares\ST\STM32_USB_Device_Library\Core\Src\usbd_ioreq.o
 .ARM.attributes
                0x00000446       0x33 Middlewares\Third_Party\FreeRTOS\Source\CMSIS_RTOS\cmsis_os.o
 .ARM.attributes
                0x00000479       0x33 Middlewares\Third_Party\FreeRTOS\Source\list.o
 .ARM.attributes
                0x000004ac       0x33 Middlewares\Third_Party\FreeRTOS\Source\portable\GCC\ARM_CM3\port.o
 .ARM.attributes
                0x000004df       0x33 Middlewares\Third_Party\FreeRTOS\Source\portable\MemMang\heap_4.o
 .ARM.attributes
                0x00000512       0x33 Middlewares\Third_Party\FreeRTOS\Source\queue.o
 .ARM.attributes
                0x00000545       0x33 Middlewares\Third_Party\FreeRTOS\Source\tasks.o
 .ARM.attributes
                0x00000578       0x33 Src\adc.o
 .ARM.attributes
                0x000005ab       0x33 Src\command_receive.o
 .ARM.attributes
                0x000005de       0x33 Src\comms_process.o
 .ARM.attributes
                0x00000611       0x33 Src\config_commands.o
 .ARM.attributes
                0x00000644       0x33 Src\config_ramp.o
 .ARM.attributes
                0x00000677       0x33 Src\dac.o
 .ARM.attributes
                0x000006aa       0x33 Src\dma.o
 .ARM.attributes
                0x000006dd       0x33 Src\freertos.o
 .ARM.attributes
                0x00000710       0x33 Src\gpio.o
 .ARM.attributes
                0x00000743       0x33 Src\main.o
 .ARM.attributes
                0x00000776       0x33 Src\main_process.o
 .ARM.attributes
                0x000007a9       0x33 Src\pga.o
 .ARM.attributes
                0x000007dc       0x33 Src\protocol.o
 .ARM.attributes
                0x0000080f       0x33 Src\spi.o
 .ARM.attributes
                0x00000842       0x33 Src\stm32f2xx_hal_msp.o
 .ARM.attributes
                0x00000875       0x33 Src\stm32f2xx_it.o
 .ARM.attributes
                0x000008a8       0x33 Src\strfunc.o
 .ARM.attributes
                0x000008db       0x33 Src\system_stm32f2xx.o
 .ARM.attributes
                0x0000090e       0x33 Src\tim.o
 .ARM.attributes
                0x00000941       0x33 Src\usart.o
 .ARM.attributes
                0x00000974       0x33 Src\usb_device.o
 .ARM.attributes
                0x000009a7       0x33 Src\usbd_cdc_if.o
 .ARM.attributes
                0x000009da       0x33 Src\usbd_conf.o
 .ARM.attributes
                0x00000a0d       0x33 Src\usbd_desc.o
 .ARM.attributes
                0x00000a40       0x21 startup\startup_stm32f205xx.o
 .ARM.attributes
                0x00000a61       0x2d c:/program files (x86)/atollic/truestudio for stm32 9.0.0/armtools/bin/../lib/gcc/arm-atollic-eabi/6.3.1/../../../../arm-atollic-eabi/lib/armv7-m\libc_nano.a(lib_a-atoi.o)
 .ARM.attributes
                0x00000a8e       0x2d c:/program files (x86)/atollic/truestudio for stm32 9.0.0/armtools/bin/../lib/gcc/arm-atollic-eabi/6.3.1/../../../../arm-atollic-eabi/lib/armv7-m\libc_nano.a(lib_a-init.o)
 .ARM.attributes
                0x00000abb       0x2d c:/program files (x86)/atollic/truestudio for stm32 9.0.0/armtools/bin/../lib/gcc/arm-atollic-eabi/6.3.1/../../../../arm-atollic-eabi/lib/armv7-m\libc_nano.a(lib_a-malloc.o)
 .ARM.attributes
                0x00000ae8       0x2d c:/program files (x86)/atollic/truestudio for stm32 9.0.0/armtools/bin/../lib/gcc/arm-atollic-eabi/6.3.1/../../../../arm-atollic-eabi/lib/armv7-m\libc_nano.a(lib_a-memcpy-stub.o)
 .ARM.attributes
                0x00000b15       0x2d c:/program files (x86)/atollic/truestudio for stm32 9.0.0/armtools/bin/../lib/gcc/arm-atollic-eabi/6.3.1/../../../../arm-atollic-eabi/lib/armv7-m\libc_nano.a(lib_a-memset.o)
 .ARM.attributes
                0x00000b42       0x2d c:/program files (x86)/atollic/truestudio for stm32 9.0.0/armtools/bin/../lib/gcc/arm-atollic-eabi/6.3.1/../../../../arm-atollic-eabi/lib/armv7-m\libc_nano.a(lib_a-nano-freer.o)
 .ARM.attributes
                0x00000b6f       0x2d c:/program files (x86)/atollic/truestudio for stm32 9.0.0/armtools/bin/../lib/gcc/arm-atollic-eabi/6.3.1/../../../../arm-atollic-eabi/lib/armv7-m\libc_nano.a(lib_a-nano-mallocr.o)
 .ARM.attributes
                0x00000b9c       0x2d c:/program files (x86)/atollic/truestudio for stm32 9.0.0/armtools/bin/../lib/gcc/arm-atollic-eabi/6.3.1/../../../../arm-atollic-eabi/lib/armv7-m\libc_nano.a(lib_a-sbrkr.o)
 .ARM.attributes
                0x00000bc9       0x1b c:/program files (x86)/atollic/truestudio for stm32 9.0.0/armtools/bin/../lib/gcc/arm-atollic-eabi/6.3.1/../../../../arm-atollic-eabi/lib/armv7-m\libc_nano.a(lib_a-strcmp.o)
 .ARM.attributes
                0x00000be4       0x2d c:/program files (x86)/atollic/truestudio for stm32 9.0.0/armtools/bin/../lib/gcc/arm-atollic-eabi/6.3.1/../../../../arm-atollic-eabi/lib/armv7-m\libc_nano.a(lib_a-strtol.o)
 .ARM.attributes
                0x00000c11       0x2d c:/program files (x86)/atollic/truestudio for stm32 9.0.0/armtools/bin/../lib/gcc/arm-atollic-eabi/6.3.1/../../../../arm-atollic-eabi/lib/armv7-m\libc_nano.a(lib_a-impure.o)
 .ARM.attributes
                0x00000c3e       0x2d c:/program files (x86)/atollic/truestudio for stm32 9.0.0/armtools/bin/../lib/gcc/arm-atollic-eabi/6.3.1/../../../../arm-atollic-eabi/lib/armv7-m\libc_nano.a(lib_a-locale.o)
 .ARM.attributes
                0x00000c6b       0x2d c:/program files (x86)/atollic/truestudio for stm32 9.0.0/armtools/bin/../lib/gcc/arm-atollic-eabi/6.3.1/../../../../arm-atollic-eabi/lib/armv7-m\libc_nano.a(lib_a-mbtowc_r.o)
 .ARM.attributes
                0x00000c98       0x2d c:/program files (x86)/atollic/truestudio for stm32 9.0.0/armtools/bin/../lib/gcc/arm-atollic-eabi/6.3.1/../../../../arm-atollic-eabi/lib/armv7-m\libc_nano.a(lib_a-mlock.o)
 .ARM.attributes
                0x00000cc5       0x2d c:/program files (x86)/atollic/truestudio for stm32 9.0.0/armtools/bin/../lib/gcc/arm-atollic-eabi/6.3.1/../../../../arm-atollic-eabi/lib/armv7-m\libc_nano.a(lib_a-reent.o)
 .ARM.attributes
                0x00000cf2       0x2d c:/program files (x86)/atollic/truestudio for stm32 9.0.0/armtools/bin/../lib/gcc/arm-atollic-eabi/6.3.1/../../../../arm-atollic-eabi/lib/armv7-m\libc_nano.a(lib_a-wctomb_r.o)
 .ARM.attributes
                0x00000d1f       0x2d c:/program files (x86)/atollic/truestudio for stm32 9.0.0/armtools/bin/../lib/gcc/arm-atollic-eabi/6.3.1/../../../../arm-atollic-eabi/lib/armv7-m\libc_nano.a(lib_a-ctype_.o)
 .ARM.attributes
                0x00000d4c       0x1d c:/program files (x86)/atollic/truestudio for stm32 9.0.0/armtools/bin/../lib/gcc/arm-atollic-eabi/6.3.1/armv7-m\libgcc.a(_arm_addsubsf3.o)
 .ARM.attributes
                0x00000d69       0x1d c:/program files (x86)/atollic/truestudio for stm32 9.0.0/armtools/bin/../lib/gcc/arm-atollic-eabi/6.3.1/armv7-m\libgcc.a(_arm_muldivsf3.o)
 .ARM.attributes
                0x00000d86       0x1d c:/program files (x86)/atollic/truestudio for stm32 9.0.0/armtools/bin/../lib/gcc/arm-atollic-eabi/6.3.1/armv7-m\libgcc.a(_arm_fixunssfsi.o)
 .ARM.attributes
                0x00000da3       0x2d c:/program files (x86)/atollic/truestudio for stm32 9.0.0/armtools/bin/../lib/gcc/arm-atollic-eabi/6.3.1/../../../../arm-atollic-eabi/lib/armv7-m\libnosys.a(sbrk.o)
 .ARM.attributes
                0x00000dd0       0x1d c:/program files (x86)/atollic/truestudio for stm32 9.0.0/armtools/bin/../lib/gcc/arm-atollic-eabi/6.3.1/armv7-m/crtn.o
OUTPUT(practica radar.elf elf32-littlearm)

.debug_info     0x00000000    0x46441
 .debug_info    0x00000000     0x1165 Drivers\STM32F2xx_HAL_Driver\Src\stm32f2xx_hal.o
 .debug_info    0x00001165     0x15a1 Drivers\STM32F2xx_HAL_Driver\Src\stm32f2xx_hal_adc.o
 .debug_info    0x00002706     0x1379 Drivers\STM32F2xx_HAL_Driver\Src\stm32f2xx_hal_adc_ex.o
 .debug_info    0x00003a7f     0x1734 Drivers\STM32F2xx_HAL_Driver\Src\stm32f2xx_hal_cortex.o
 .debug_info    0x000051b3     0x12af Drivers\STM32F2xx_HAL_Driver\Src\stm32f2xx_hal_dac.o
 .debug_info    0x00006462      0xfa0 Drivers\STM32F2xx_HAL_Driver\Src\stm32f2xx_hal_dac_ex.o
 .debug_info    0x00007402     0x12f4 Drivers\STM32F2xx_HAL_Driver\Src\stm32f2xx_hal_dma.o
 .debug_info    0x000086f6      0xf8e Drivers\STM32F2xx_HAL_Driver\Src\stm32f2xx_hal_gpio.o
 .debug_info    0x00009684     0x1cab Drivers\STM32F2xx_HAL_Driver\Src\stm32f2xx_hal_pcd.o
 .debug_info    0x0000b32f      0xdb1 Drivers\STM32F2xx_HAL_Driver\Src\stm32f2xx_hal_pcd_ex.o
 .debug_info    0x0000c0e0     0x15ce Drivers\STM32F2xx_HAL_Driver\Src\stm32f2xx_hal_rcc.o
 .debug_info    0x0000d6ae     0x26c0 Drivers\STM32F2xx_HAL_Driver\Src\stm32f2xx_hal_spi.o
 .debug_info    0x0000fd6e     0x42e3 Drivers\STM32F2xx_HAL_Driver\Src\stm32f2xx_hal_tim.o
 .debug_info    0x00014051     0x1ba9 Drivers\STM32F2xx_HAL_Driver\Src\stm32f2xx_hal_tim_ex.o
 .debug_info    0x00015bfa     0x1f95 Drivers\STM32F2xx_HAL_Driver\Src\stm32f2xx_hal_uart.o
 .debug_info    0x00017b8f     0x2166 Drivers\STM32F2xx_HAL_Driver\Src\stm32f2xx_ll_usb.o
 .debug_info    0x00019cf5     0x166d Middlewares\ST\STM32_USB_Device_Library\Class\CDC\Src\usbd_cdc.o
 .debug_info    0x0001b362     0x147a Middlewares\ST\STM32_USB_Device_Library\Core\Src\usbd_core.o
 .debug_info    0x0001c7dc     0x160d Middlewares\ST\STM32_USB_Device_Library\Core\Src\usbd_ctlreq.o
 .debug_info    0x0001dde9      0xfc9 Middlewares\ST\STM32_USB_Device_Library\Core\Src\usbd_ioreq.o