stm32f2xx_hal.c:165:19:HAL_Init	8	static
stm32f2xx_hal.c:198:19:HAL_DeInit	8	static
stm32f2xx_hal.c:227:13:HAL_MspInit	4	static
stm32f2xx_hal.c:238:13:HAL_MspDeInit	4	static
stm32f2xx_hal.c:261:26:HAL_InitTick	16	static
stm32f2xx_hal.c:309:13:HAL_IncTick	4	static
stm32f2xx_hal.c:320:17:HAL_GetTick	4	static
stm32f2xx_hal.c:336:13:HAL_Delay	24	static
stm32f2xx_hal.c:362:13:HAL_SuspendTick	4	static
stm32f2xx_hal.c:378:13:HAL_ResumeTick	4	static
stm32f2xx_hal.c:388:10:HAL_GetHalVersion	4	static
stm32f2xx_hal.c:397:10:HAL_GetREVID	4	static
stm32f2xx_hal.c:406:10:HAL_GetDEVID	4	static
stm32f2xx_hal.c:415:6:HAL_DBGMCU_EnableDBGSleepMode	4	static
stm32f2xx_hal.c:424:6:HAL_DBGMCU_DisableDBGSleepMode	4	static
stm32f2xx_hal.c:433:6:HAL_DBGMCU_EnableDBGStopMode	4	static
stm32f2xx_hal.c:442:6:HAL_DBGMCU_DisableDBGStopMode	4	static
stm32f2xx_hal.c:451:6:HAL_DBGMCU_EnableDBGStandbyMode	4	static
stm32f2xx_hal.c:460:6:HAL_DBGMCU_DisableDBGStandbyMode	4	static
stm32f2xx_hal.c:471:6:HAL_EnableCompensationCell	16	static
stm32f2xx_hal.c:482:6:HAL_DisableCompensationCell	16	static
stm32f2xx_hal.c:492:6:HAL_GetUID	16	static
