stm32f2xx_hal_rcc.c:237:19:HAL_RCC_DeInit	16	static
stm32f2xx_hal_rcc.c:359:19:HAL_RCC_OscConfig	64	static
stm32f2xx_hal_rcc.c:687:19:HAL_RCC_ClockConfig	32	static
stm32f2xx_hal_rcc.c:868:6:HAL_RCC_MCOConfig	56	static
stm32f2xx_hal_rcc.c:922:6:HAL_RCC_EnableCSS	4	static
stm32f2xx_hal_rcc.c:931:6:HAL_RCC_DisableCSS	4	static
stm32f2xx_hal_rcc.c:966:10:HAL_RCC_GetSysClockFreq	96	static
stm32f2xx_hal_rcc.c:1022:10:HAL_RCC_GetHCLKFreq	4	static
stm32f2xx_hal_rcc.c:1033:10:HAL_RCC_GetPCLK1Freq	16	static
stm32f2xx_hal_rcc.c:1045:10:HAL_RCC_GetPCLK2Freq	16	static
stm32f2xx_hal_rcc.c:1058:6:HAL_RCC_GetOscConfig	48	static
stm32f2xx_hal_rcc.c:1137:6:HAL_RCC_GetClockConfig	16	static
stm32f2xx_hal_rcc.c:1163:6:HAL_RCC_NMI_IRQHandler	8	static
stm32f2xx_hal_rcc.c:1180:13:HAL_RCC_CSSCallback	4	static
