stm32f2xx_hal_tim_ex.c:157:19:HAL_TIMEx_HallSensor_Init	48	static
stm32f2xx_hal_tim_ex.c:231:19:HAL_TIMEx_HallSensor_DeInit	16	static
stm32f2xx_hal_tim_ex.c:259:13:HAL_TIMEx_HallSensor_MspInit	16	static
stm32f2xx_hal_tim_ex.c:274:13:HAL_TIMEx_HallSensor_MspDeInit	16	static
stm32f2xx_hal_tim_ex.c:289:19:HAL_TIMEx_HallSensor_Start	16	static
stm32f2xx_hal_tim_ex.c:311:19:HAL_TIMEx_HallSensor_Stop	16	static
stm32f2xx_hal_tim_ex.c:333:19:HAL_TIMEx_HallSensor_Start_IT	16	static
stm32f2xx_hal_tim_ex.c:358:19:HAL_TIMEx_HallSensor_Stop_IT	16	static
stm32f2xx_hal_tim_ex.c:385:19:HAL_TIMEx_HallSensor_Start_DMA	24	static
stm32f2xx_hal_tim_ex.c:433:19:HAL_TIMEx_HallSensor_Stop_DMA	16	static
stm32f2xx_hal_tim_ex.c:488:19:HAL_TIMEx_OCN_Start	16	static
stm32f2xx_hal_tim_ex.c:518:19:HAL_TIMEx_OCN_Stop	16	static
stm32f2xx_hal_tim_ex.c:548:19:HAL_TIMEx_OCN_Start_IT	16	static
stm32f2xx_hal_tim_ex.c:615:19:HAL_TIMEx_OCN_Stop_IT	16	static
stm32f2xx_hal_tim_ex.c:687:19:HAL_TIMEx_OCN_Start_DMA	24	static
stm32f2xx_hal_tim_ex.c:802:19:HAL_TIMEx_OCN_Stop_DMA	16	static
stm32f2xx_hal_tim_ex.c:901:19:HAL_TIMEx_PWMN_Start	16	static
stm32f2xx_hal_tim_ex.c:930:19:HAL_TIMEx_PWMN_Stop	16	static
stm32f2xx_hal_tim_ex.c:960:19:HAL_TIMEx_PWMN_Start_IT	16	static
stm32f2xx_hal_tim_ex.c:1027:19:HAL_TIMEx_PWMN_Stop_IT	16	static
stm32f2xx_hal_tim_ex.c:1099:19:HAL_TIMEx_PWMN_Start_DMA	24	static
stm32f2xx_hal_tim_ex.c:1214:19:HAL_TIMEx_PWMN_Stop_DMA	16	static
stm32f2xx_hal_tim_ex.c:1302:19:HAL_TIMEx_OnePulseN_Start	16	static
stm32f2xx_hal_tim_ex.c:1328:19:HAL_TIMEx_OnePulseN_Stop	16	static
stm32f2xx_hal_tim_ex.c:1358:19:HAL_TIMEx_OnePulseN_Start_IT	16	static
stm32f2xx_hal_tim_ex.c:1390:19:HAL_TIMEx_OnePulseN_Stop_IT	16	static
stm32f2xx_hal_tim_ex.c:1459:19:HAL_TIMEx_ConfigCommutationEvent	24	static
stm32f2xx_hal_tim_ex.c:1509:19:HAL_TIMEx_ConfigCommutationEvent_IT	24	static
stm32f2xx_hal_tim_ex.c:1563:19:HAL_TIMEx_ConfigCommutationEvent_DMA	24	static
stm32f2xx_hal_tim_ex.c:1608:19:HAL_TIMEx_MasterConfigSynchronization	16	static
stm32f2xx_hal_tim_ex.c:1645:19:HAL_TIMEx_ConfigBreakDeadTime	24	static
stm32f2xx_hal_tim_ex.c:1703:19:HAL_TIMEx_RemapConfig	16	static
stm32f2xx_hal_tim_ex.c:1747:13:HAL_TIMEx_CommutationCallback	16	static
stm32f2xx_hal_tim_ex.c:1762:13:HAL_TIMEx_BreakCallback	16	static
stm32f2xx_hal_tim_ex.c:1795:22:HAL_TIMEx_HallSensor_GetState	16	static
stm32f2xx_hal_tim_ex.c:1810:6:TIMEx_DMACommutationCplt	24	static
stm32f2xx_hal_tim_ex.c:1834:13:TIM_CCxNChannelCmd	32	static
