stm32f2xx_hal_dac.c:226:19:HAL_DAC_Init	16	static
stm32f2xx_hal_dac.c:263:19:HAL_DAC_DeInit	16	static
stm32f2xx_hal_dac.c:299:13:HAL_DAC_MspInit	16	static
stm32f2xx_hal_dac.c:314:13:HAL_DAC_MspDeInit	16	static
stm32f2xx_hal_dac.c:355:19:HAL_DAC_Start	24	static
stm32f2xx_hal_dac.c:414:19:HAL_DAC_Stop	16	static
stm32f2xx_hal_dac.c:446:19:HAL_DAC_Start_DMA	32	static
stm32f2xx_hal_dac.c:565:19:HAL_DAC_Stop_DMA	24	static
stm32f2xx_hal_dac.c:615:10:HAL_DAC_GetValue	16	static
stm32f2xx_hal_dac.c:637:6:HAL_DAC_IRQHandler	16	static
stm32f2xx_hal_dac.c:683:13:HAL_DAC_ConvCpltCallbackCh1	16	static
stm32f2xx_hal_dac.c:698:13:HAL_DAC_ConvHalfCpltCallbackCh1	16	static
stm32f2xx_hal_dac.c:713:13:HAL_DAC_ErrorCallbackCh1	16	static
stm32f2xx_hal_dac.c:728:13:HAL_DAC_DMAUnderrunCallbackCh1	16	static
stm32f2xx_hal_dac.c:767:19:HAL_DAC_ConfigChannel	32	static
stm32f2xx_hal_dac.c:823:19:HAL_DAC_SetValue	32	static
stm32f2xx_hal_dac.c:875:22:HAL_DAC_GetState	16	static
stm32f2xx_hal_dac.c:888:10:HAL_DAC_GetError	16	static
stm32f2xx_hal_dac.c:903:13:DAC_DMAConvCpltCh1	24	static
stm32f2xx_hal_dac.c:918:13:DAC_DMAHalfConvCpltCh1	24	static
stm32f2xx_hal_dac.c:931:13:DAC_DMAErrorCh1	24	static
